Archive member included because of file (symbol)

c:/program files (x86)/atmel/atmel toolchain/avr32 gcc/native/3.4.1067/avr32-gnu-toolchain/bin/../lib/gcc/avr32/4.4.7/ucr2\libgcc.a(_avr32_f32_div.o)
                              src/main.o (__avr32_f32_div)
c:/program files (x86)/atmel/atmel toolchain/avr32 gcc/native/3.4.1067/avr32-gnu-toolchain/bin/../lib/gcc/avr32/4.4.7/ucr2\libgcc.a(_avr32_f32_mul.o)
                              src/main.o (__avr32_f32_mul)
c:/program files (x86)/atmel/atmel toolchain/avr32 gcc/native/3.4.1067/avr32-gnu-toolchain/bin/../lib/gcc/avr32/4.4.7/ucr2\libgcc.a(_avr32_u32_to_f32.o)
                              src/main.o (__avr32_u32_to_f32)
c:/program files (x86)/atmel/atmel toolchain/avr32 gcc/native/3.4.1067/avr32-gnu-toolchain/bin/../lib/gcc/avr32/4.4.7/ucr2\libgcc.a(_avr32_f32_to_u32.o)
                              src/main.o (__avr32_f32_to_u32)
c:/program files (x86)/atmel/atmel toolchain/avr32 gcc/native/3.4.1067/avr32-gnu-toolchain/bin/../lib/gcc/avr32/4.4.7/ucr2\libgcc.a(_udivdi3.o)
                              src/ASF/avr32/components/display/dip204/dip204.o (__avr32_udiv64)
c:/program files (x86)/atmel/atmel toolchain/avr32 gcc/native/3.4.1067/avr32-gnu-toolchain/bin/../lib/gcc/avr32/4.4.7/../../../../avr32/lib/ucr2\libc.a(lib_a-ctype_.o)
                              src/ASF/avr32/services/fs/fat/navigation.o (__ctype_ptr)
c:/program files (x86)/atmel/atmel toolchain/avr32 gcc/native/3.4.1067/avr32-gnu-toolchain/bin/../lib/gcc/avr32/4.4.7/../../../../avr32/lib/ucr2\libc.a(lib_a-memcmp.o)
                              src/ASF/avr32/services/fs/fat/fat_unusual.o (memcmp)
c:/program files (x86)/atmel/atmel toolchain/avr32 gcc/native/3.4.1067/avr32-gnu-toolchain/bin/../lib/gcc/avr32/4.4.7/../../../../avr32/lib/ucr2\libc.a(lib_a-memcpy.o)
                              src/ASF/avr32/components/memory/sd_mmc/sd_mmc_spi/sd_mmc_spi.o (memcpy)
c:/program files (x86)/atmel/atmel toolchain/avr32 gcc/native/3.4.1067/avr32-gnu-toolchain/bin/../lib/gcc/avr32/4.4.7/../../../../avr32/lib/ucr2\libc.a(lib_a-memset.o)
                              src/ASF/avr32/services/fs/fat/fat.o (memset)
c:/program files (x86)/atmel/atmel toolchain/avr32 gcc/native/3.4.1067/avr32-gnu-toolchain/bin/../lib/gcc/avr32/4.4.7/../../../../avr32/lib/ucr2\libc.a(lib_a-sprintf.o)
                              src/main.o (sprintf)
c:/program files (x86)/atmel/atmel toolchain/avr32 gcc/native/3.4.1067/avr32-gnu-toolchain/bin/../lib/gcc/avr32/4.4.7/../../../../avr32/lib/ucr2\libc.a(lib_a-strcmp.o)
                              src/main.o (strcmp)
c:/program files (x86)/atmel/atmel toolchain/avr32 gcc/native/3.4.1067/avr32-gnu-toolchain/bin/../lib/gcc/avr32/4.4.7/../../../../avr32/lib/ucr2\libc.a(lib_a-vfprintf.o)
                              c:/program files (x86)/atmel/atmel toolchain/avr32 gcc/native/3.4.1067/avr32-gnu-toolchain/bin/../lib/gcc/avr32/4.4.7/../../../../avr32/lib/ucr2\libc.a(lib_a-sprintf.o) (_vfprintf_r)
c:/program files (x86)/atmel/atmel toolchain/avr32 gcc/native/3.4.1067/avr32-gnu-toolchain/bin/../lib/gcc/avr32/4.4.7/../../../../avr32/lib/ucr2\libc.a(lib_a-vsprintf.o)
                              src/ASF/avr32/components/display/dip204/dip204.o (vsprintf)
c:/program files (x86)/atmel/atmel toolchain/avr32 gcc/native/3.4.1067/avr32-gnu-toolchain/bin/../lib/gcc/avr32/4.4.7/../../../../avr32/lib/ucr2\libc.a(lib_a-wsetup.o)
                              c:/program files (x86)/atmel/atmel toolchain/avr32 gcc/native/3.4.1067/avr32-gnu-toolchain/bin/../lib/gcc/avr32/4.4.7/../../../../avr32/lib/ucr2\libc.a(lib_a-vfprintf.o) (__swsetup_r)
c:/program files (x86)/atmel/atmel toolchain/avr32 gcc/native/3.4.1067/avr32-gnu-toolchain/bin/../lib/gcc/avr32/4.4.7/../../../../avr32/lib/ucr2\libc.a(lib_a-dtoa.o)
                              c:/program files (x86)/atmel/atmel toolchain/avr32 gcc/native/3.4.1067/avr32-gnu-toolchain/bin/../lib/gcc/avr32/4.4.7/../../../../avr32/lib/ucr2\libc.a(lib_a-vfprintf.o) (_dtoa_r)
c:/program files (x86)/atmel/atmel toolchain/avr32 gcc/native/3.4.1067/avr32-gnu-toolchain/bin/../lib/gcc/avr32/4.4.7/../../../../avr32/lib/ucr2\libc.a(lib_a-fflush.o)
                              c:/program files (x86)/atmel/atmel toolchain/avr32 gcc/native/3.4.1067/avr32-gnu-toolchain/bin/../lib/gcc/avr32/4.4.7/../../../../avr32/lib/ucr2\libc.a(lib_a-vfprintf.o) (_fflush_r)
c:/program files (x86)/atmel/atmel toolchain/avr32 gcc/native/3.4.1067/avr32-gnu-toolchain/bin/../lib/gcc/avr32/4.4.7/../../../../avr32/lib/ucr2\libc.a(lib_a-findfp.o)
                              c:/program files (x86)/atmel/atmel toolchain/avr32 gcc/native/3.4.1067/avr32-gnu-toolchain/bin/../lib/gcc/avr32/4.4.7/../../../../avr32/lib/ucr2\libc.a(lib_a-vfprintf.o) (__sinit)
c:/program files (x86)/atmel/atmel toolchain/avr32 gcc/native/3.4.1067/avr32-gnu-toolchain/bin/../lib/gcc/avr32/4.4.7/../../../../avr32/lib/ucr2\libc.a(lib_a-freer.o)
[...]
Memory Configuration

Name             Origin             Length             Attributes
FLASH            0x80000000         0x00080000         axrl !w
INTRAM           0x00000004         0x0000fffc         axw !rl
USERPAGE         0x80800000         0x00000200
*default*        0x00000000         0xffffffff

Linker script and memory map

                0x00001000                _stack_size = 0x1000
LOAD src/ASF/avr32/components/display/dip204/dip204.o
LOAD src/ASF/avr32/components/memory/sd_mmc/sd_mmc_spi/sd_mmc_spi.o
LOAD src/ASF/avr32/drivers/adc/adc.o
LOAD src/ASF/avr32/drivers/flashc/flashc.o
LOAD src/ASF/avr32/drivers/pm/pm.o
LOAD src/ASF/avr32/drivers/pwm/pwm.o
LOAD src/ASF/avr32/drivers/tc/tc.o
LOAD src/ASF/avr32/drivers/usbb/usbb_device.o
LOAD src/ASF/common/services/usb/class/cdc/device/udi_cdc.o
LOAD src/ASF/common/services/usb/udc/udc.o
LOAD src/ASF/common/services/usb/class/cdc/device/udi_cdc_desc.o
LOAD src/ASF/common/services/sleepmgr/uc3/sleepmgr.o
LOAD src/ASF/common/services/clock/uc3a0_a1/sysclk.o
LOAD src/ASF/avr32/drivers/pm/pm_conf_clocks.o
LOAD src/ASF/avr32/drivers/pm/power_clocks_lib.o
LOAD src/ASF/avr32/drivers/spi/spi.o
LOAD src/ASF/avr32/services/fs/fat/fat.o
LOAD src/ASF/common/services/storage/ctrl_access/ctrl_access.o
LOAD src/ASF/avr32/services/fs/fat/fat_unusual.o
LOAD src/ASF/avr32/services/fs/fat/file.o
LOAD src/ASF/avr32/services/fs/fat/navigation.o
LOAD src/ASF/avr32/components/memory/sd_mmc/sd_mmc_spi/sd_mmc_spi_mem.o
LOAD src/ASF/avr32/boards/evk1100/init.o
LOAD src/ASF/avr32/boards/evk1100/led.o
LOAD src/ASF/avr32/drivers/gpio/gpio.o
LOAD src/ASF/avr32/drivers/intc/exception.o
LOAD src/ASF/avr32/drivers/intc/intc.o
LOAD src/ASF/avr32/utils/startup/startup_uc3.o
LOAD src/ASF/avr32/utils/startup/trampoline_uc3.o
LOAD src/main.o
START GROUP
LOAD c:/program files (x86)/atmel/atmel toolchain/avr32 gcc/native/3.4.1067/avr32-gnu-toolchain/bin/../lib/gcc/avr32/4.4.7/../../../../avr32/lib/ucr2\libm.a
END GROUP
LOAD c:/program files (x86)/atmel/atmel toolchain/avr32 gcc/native/3.4.1067/avr32-gnu-toolchain/bin/../lib/gcc/avr32/4.4.7/ucr2\libgcc.a
LOAD c:/program files (x86)/atmel/atmel toolchain/avr32 gcc/native/3.4.1067/avr32-gnu-toolchain/bin/../lib/gcc/avr32/4.4.7/../../../../avr32/lib/ucr2\libc.a
LOAD c:/program files (x86)/atmel/atmel toolchain/avr32 gcc/native/3.4.1067/avr32-gnu-toolchain/bin/../lib/gcc/avr32/4.4.7/ucr2\libgcc.a
                0xffffffff                __max_heap_size__ = 0xffffffff
                [0xffffffff]                __heap_size__ = DEFINED (__heap_size__)?__heap_size__:__max_heap_size__
                [0x00001000]                __stack_size__ = DEFINED (__stack_size__)?__stack_size__:0x1000
                0x80000000                PROVIDE (__executable_start, 0x80000000)
                0x80000000                . = 0x80000000

.interp
 *(.interp)

.reset          0x80000000     0x2010
 *(.reset)
 .reset         0x80000000        0x8 src/ASF/avr32/utils/startup/startup_uc3.o
                0x80000000                _start
 .reset         0x80000008     0x2008 src/ASF/avr32/utils/startup/trampoline_uc3.o
                0x80000008                _trampoline

.hash
 *(.hash)

.dynsym
 *(.dynsym)

.dynstr
 *(.dynstr)

.gnu.version
 *(.gnu.version)

.gnu.version_d
 *(.gnu.version_d)

.gnu.version_r
 *(.gnu.version_r)

.rel.init
 *(.rel.init)

.rela.init
 *(.rela.init)

.rel.text
 *(.rel.text .rel.text.* .rel.gnu.linkonce.t.*)

.rela.text
 *(.rela.text .rela.text.* .rela.gnu.linkonce.t.*)

.rel.fini
 *(.rel.fini)

.rela.fini
 *(.rela.fini)

.rel.rodata
 *(.rel.rodata .rel.rodata.* .rel.gnu.linkonce.r.*)

.rela.rodata
 *(.rela.rodata .rela.rodata.* .rela.gnu.linkonce.r.*)

.rel.data.rel.ro
 *(.rel.data.rel.ro*)

.rela.data.rel.ro
 *(.rel.data.rel.ro*)

.rel.data
 *(.rel.data .rel.data.* .rel.gnu.linkonce.d.*)

.rela.data
 *(.rela.data .rela.data.* .rela.gnu.linkonce.d.*)

.rel.tdata
 *(.rel.tdata .rel.tdata.* .rel.gnu.linkonce.td.*)

.rela.tdata
 *(.rela.tdata .rela.tdata.* .rela.gnu.linkonce.td.*)

.rel.tbss
 *(.rel.tbss .rel.tbss.* .rel.gnu.linkonce.tb.*)

.rela.tbss
 *(.rela.tbss .rela.tbss.* .rela.gnu.linkonce.tb.*)

.rel.ctors
 *(.rel.ctors)

.rela.ctors
 *(.rela.ctors)

.rel.dtors
 *(.rel.dtors)

.rela.dtors
 *(.rela.dtors)

.rel.got
 *(.rel.got)

.rela.got       0x80002010        0x0
 *(.rela.got)
 .rela.got      0x80002010        0x0 src/ASF/avr32/drivers/flashc/flashc.o

.rel.bss
 *(.rel.bss .rel.bss.* .rel.gnu.linkonce.b.*)

.rela.bss
 *(.rela.bss .rela.bss.* .rela.gnu.linkonce.b.*)

.rel.plt
 *(.rel.plt)

.rela.plt
 *(.rela.plt)

.init
 *(.init)

.plt
 *(.plt)

.text           0x80002010    0x12918
 *(.text .stub .text.* .gnu.linkonce.t.*)
 .text.osc_get_rate
                0x80002010       0x36 src/ASF/avr32/components/display/dip204/dip204.o
 *fill*         0x80002046        0x2 d703d703
 .text.sysclk_get_main_hz
                0x80002048       0x1c src/ASF/avr32/components/display/dip204/dip204.o
 .text.sysclk_get_cpu_hz
                0x80002064       0x18 src/ASF/avr32/components/display/dip204/dip204.o
 .text.dip204_init
                0x8000207c      0xadc src/ASF/avr32/components/display/dip204/dip204.o
                0x8000207c                dip204_init
 .text.dip204_hide_cursor
                0x80002b58       0x34 src/ASF/avr32/components/display/dip204/dip204.o
                0x80002b58                dip204_hide_cursor
 .text.dip204_set_cursor_position
                0x80002b8c       0x88 src/ASF/avr32/components/display/dip204/dip204.o
                0x80002b8c                dip204_set_cursor_position
 .text.dip204_clear_display
                0x80002c14      0x17c src/ASF/avr32/components/display/dip204/dip204.o
                0x80002c14                dip204_clear_display
 .text.dip204_write_string
                0x80002d90       0x70 src/ASF/avr32/components/display/dip204/dip204.o
                0x80002d90                dip204_write_string
 .text.dip204_select
                0x80002e00       0x18 src/ASF/avr32/components/display/dip204/dip204.o
 .text.dip204_unselect
                0x80002e18       0x18 src/ASF/avr32/components/display/dip204/dip204.o
 .text.dip204_write_byte
                0x80002e30       0x88 src/ASF/avr32/components/display/dip204/dip204.o
 .text.dip204_read_byte
                0x80002eb8       0x5c src/ASF/avr32/components/display/dip204/dip204.o
 .text.dip204_wait_busy
                0x80002f14       0x3c src/ASF/avr32/components/display/dip204/dip204.o
 .text.sd_mmc_spi_internal_init
                0x80002f50      0x30c src/ASF/avr32/components/memory/sd_mmc/sd_mmc_spi/sd_mmc_spi.o
                0x80002f50                sd_mmc_spi_internal_init
 .text.sd_mmc_spi_init
                0x8000325c       0x40 src/ASF/avr32/components/memory/sd_mmc/sd_mmc_spi/sd_mmc_spi.o
                0x8000325c                sd_mmc_spi_init
 .text.sd_mmc_spi_send_command
                0x8000329c       0x58 src/ASF/avr32/components/memory/sd_mmc/sd_mmc_spi/sd_mmc_spi.o
                0x8000329c                sd_mmc_spi_send_command
 .text.sd_mmc_spi_command
                0x800032f4      0x110 src/ASF/avr32/components/memory/sd_mmc/sd_mmc_spi/sd_mmc_spi.o
                0x800032f4                sd_mmc_spi_command
 .text.sd_mmc_spi_send_and_read
                0x80003404       0x4c src/ASF/avr32/components/memory/sd_mmc/sd_mmc_spi/sd_mmc_spi.o
                0x80003404                sd_mmc_spi_send_and_read
 .text.sd_mmc_spi_get_if
                0x80003450       0xe0 src/ASF/avr32/components/memory/sd_mmc/sd_mmc_spi/sd_mmc_spi.o
                0x80003450                sd_mmc_spi_get_if
 .text.sd_mmc_spi_check_hc
                0x80003530       0xbc src/ASF/avr32/components/memory/sd_mmc/sd_mmc_spi/sd_mmc_spi.o
                0x80003530                sd_mmc_spi_check_hc
 .text.sd_mmc_spi_get_csd
                0x800035ec      0x144 src/ASF/avr32/components/memory/sd_mmc/sd_mmc_spi/sd_mmc_spi.o
                0x800035ec                sd_mmc_spi_get_csd
 .text.sd_mmc_spi_get_capacity
                0x80003730      0x1f0 src/ASF/avr32/components/memory/sd_mmc/sd_mmc_spi/sd_mmc_spi.o
                0x80003730                sd_mmc_spi_get_capacity
 .text.sd_mmc_spi_wait_not_busy
                0x80003920       0x7c src/ASF/avr32/components/memory/sd_mmc/sd_mmc_spi/sd_mmc_spi.o
                0x80003920                sd_mmc_spi_wait_not_busy
 .text.sd_mmc_spi_check_presence
                0x8000399c       0x9c src/ASF/avr32/components/memory/sd_mmc/sd_mmc_spi/sd_mmc_spi.o
                0x8000399c                sd_mmc_spi_check_presence
 .text.sd_mmc_spi_mem_check
                0x80003a38       0x3c src/ASF/avr32/components/memory/sd_mmc/sd_mmc_spi/sd_mmc_spi.o
                0x80003a38                sd_mmc_spi_mem_check
 .text.sd_mmc_spi_read_open
                0x80003a74       0x30 src/ASF/avr32/components/memory/sd_mmc/sd_mmc_spi/sd_mmc_spi.o
                0x80003a74                sd_mmc_spi_read_open
 .text.sd_mmc_spi_read_close
                0x80003aa4       0x24 src/ASF/avr32/components/memory/sd_mmc/sd_mmc_spi/sd_mmc_spi.o
                0x80003aa4                sd_mmc_spi_read_close
 .text.sd_mmc_spi_write_open
                0x80003ac8       0x30 src/ASF/avr32/components/memory/sd_mmc/sd_mmc_spi/sd_mmc_spi.o
                0x80003ac8                sd_mmc_spi_write_open
 .text.sd_mmc_spi_write_close
                0x80003af8        0xa src/ASF/avr32/components/memory/sd_mmc/sd_mmc_spi/sd_mmc_spi.o
                0x80003af8                sd_mmc_spi_write_close
 *fill*         0x80003b02        0x2 d703d703
 .text.sd_mmc_spi_read_sector_to_ram
                0x80003b04      0x1b4 src/ASF/avr32/components/memory/sd_mmc/sd_mmc_spi/sd_mmc_spi.o
                0x80003b04                sd_mmc_spi_read_sector_to_ram
 .text.sd_mmc_spi_write_sector_from_ram
                0x80003cb8      0x1b4 src/ASF/avr32/components/memory/sd_mmc/sd_mmc_spi/sd_mmc_spi.o
                0x80003cb8                sd_mmc_spi_write_sector_from_ram
 .text.adc_configure
                0x80003e6c       0x36 src/ASF/avr32/drivers/adc/adc.o
                0x80003e6c                adc_configure
 .text.adc_start
                0x80003ea2       0x1a src/ASF/avr32/drivers/adc/adc.o
                0x80003ea2                adc_start
 .text.adc_enable
                0x80003ebc       0x2a src/ASF/avr32/drivers/adc/adc.o
                0x80003ebc                adc_enable
 .text.adc_check_eoc
                0x80003ee6       0x32 src/ASF/avr32/drivers/adc/adc.o
                0x80003ee6                adc_check_eoc
 .text.adc_get_value
                0x80003f18       0x4c src/ASF/avr32/drivers/adc/adc.o
                0x80003f18                adc_get_value
 .text.flashc_set_wait_state
                0x80003f64       0x46 src/ASF/avr32/drivers/flashc/flashc.o
                0x80003f64                flashc_set_wait_state
 *fill*         0x80003faa        0x2 d703d703
 .text.flashc_set_bus_freq
                0x80003fac       0x38 src/ASF/avr32/drivers/flashc/flashc.o
                0x80003fac                flashc_set_bus_freq
 .text.cpu_irq_is_enabled_flags
                0x80003fe4       0x20 src/ASF/avr32/drivers/pwm/pwm.o
 .text.pwm_init
                0x80004004       0x94 src/ASF/avr32/drivers/pwm/pwm.o
                0x80004004                pwm_init
 .text.pwm_channel_init
                0x80004098       0x88 src/ASF/avr32/drivers/pwm/pwm.o
                0x80004098                pwm_channel_init
 .text.pwm_start_channels
                0x80004120       0x2e src/ASF/avr32/drivers/pwm/pwm.o
                0x80004120                pwm_start_channels
 .text.cpu_irq_is_enabled_flags
                0x8000414e       0x20 src/ASF/avr32/drivers/tc/tc.o
 *fill*         0x8000416e        0x2 d703d703
 .text.tc_configure_interrupts
                0x80004170      0x1e8 src/ASF/avr32/drivers/tc/tc.o
                0x80004170                tc_configure_interrupts
 .text.tc_init_waveform
                0x80004358      0x154 src/ASF/avr32/drivers/tc/tc.o
                0x80004358                tc_init_waveform
 .text.tc_start
                0x800044ac       0x3a src/ASF/avr32/drivers/tc/tc.o
                0x800044ac                tc_start
 .text.tc_read_sr
                0x800044e6       0x3a src/ASF/avr32/drivers/tc/tc.o
                0x800044e6                tc_read_sr
 .text.tc_write_rc
                0x80004520       0x78 src/ASF/avr32/drivers/tc/tc.o
                0x80004520                tc_write_rc
 .text.cpu_irq_save
                0x80004598       0x1e src/ASF/avr32/drivers/usbb/usbb_device.o
 .text.cpu_irq_is_enabled_flags
                0x800045b6       0x20 src/ASF/avr32/drivers/usbb/usbb_device.o
 *fill*         0x800045d6        0x2 d703d703
 .text.cpu_irq_restore
                0x800045d8       0x28 src/ASF/avr32/drivers/usbb/usbb_device.o
 .text.sleepmgr_lock_mode
                0x80004600       0x58 src/ASF/avr32/drivers/usbb/usbb_device.o
 .text.sleepmgr_unlock_mode
                0x80004658       0x54 src/ASF/avr32/drivers/usbb/usbb_device.o
 .text.udd_sleep_mode
                0x800046ac       0x60 src/ASF/avr32/drivers/usbb/usbb_device.o
 .text.udd_interrupt
                0x8000470c      0x1ac src/ASF/avr32/drivers/usbb/usbb_device.o
 .text.udd_enable
                0x800048b8      0x120 src/ASF/avr32/drivers/usbb/usbb_device.o
                0x800048b8                udd_enable
 .text.udd_attach
                0x800049d8       0xb0 src/ASF/avr32/drivers/usbb/usbb_device.o
                0x800049d8                udd_attach
 .text.udd_detach
                0x80004a88       0x40 src/ASF/avr32/drivers/usbb/usbb_device.o
                0x80004a88                udd_detach
 .text.udd_is_high_speed
                0x80004ac8        0xe src/ASF/avr32/drivers/usbb/usbb_device.o
                0x80004ac8                udd_is_high_speed
 .text.udd_set_address
                0x80004ad6       0x4e src/ASF/avr32/drivers/usbb/usbb_device.o
                0x80004ad6                udd_set_address
 .text.udd_getaddress
                0x80004b24       0x18 src/ASF/avr32/drivers/usbb/usbb_device.o
                0x80004b24                udd_getaddress
 .text.udd_get_frame_number
                0x80004b3c       0x1a src/ASF/avr32/drivers/usbb/usbb_device.o
                0x80004b3c                udd_get_frame_number
 .text.udd_get_micro_frame_number
                0x80004b56       0x1a src/ASF/avr32/drivers/usbb/usbb_device.o
                0x80004b56                udd_get_micro_frame_number
 .text.udd_set_setup_payload
                0x80004b70       0x2c src/ASF/avr32/drivers/usbb/usbb_device.o
                0x80004b70                udd_set_setup_payload
 .text.udd_ep_alloc
                0x80004b9c      0x350 src/ASF/avr32/drivers/usbb/usbb_device.o
                0x80004b9c                udd_ep_alloc
 .text.udd_ep_free
                0x80004eec       0x9c src/ASF/avr32/drivers/usbb/usbb_device.o
                0x80004eec                udd_ep_free
 .text.udd_ep_is_halted
                0x80004f88       0x2e src/ASF/avr32/drivers/usbb/usbb_device.o
                0x80004f88                udd_ep_is_halted
 *fill*         0x80004fb6        0x2 d703d703
 .text.udd_ep_set_halt
                0x80004fb8      0x114 src/ASF/avr32/drivers/usbb/usbb_device.o
                0x80004fb8                udd_ep_set_halt
 .text.udd_ep_clear_halt
                0x800050cc      0x140 src/ASF/avr32/drivers/usbb/usbb_device.o
                0x800050cc                udd_ep_clear_halt
 .text.udd_ep_run
                0x8000520c      0x124 src/ASF/avr32/drivers/usbb/usbb_device.o
                0x8000520c                udd_ep_run
 .text.udd_ep_abort
                0x80005330       0x9c src/ASF/avr32/drivers/usbb/usbb_device.o
                0x80005330                udd_ep_abort
 .text.udd_reset_ep_ctrl
                0x800053cc       0xe4 src/ASF/avr32/drivers/usbb/usbb_device.o
 .text.udd_ctrl_init
                0x800054b0       0x58 src/ASF/avr32/drivers/usbb/usbb_device.o
 .text.udd_ctrl_setup_received
                0x80005508      0x164 src/ASF/avr32/drivers/usbb/usbb_device.o
 .text.udd_ctrl_in_sent
                0x8000566c      0x1a0 src/ASF/avr32/drivers/usbb/usbb_device.o
 .text.udd_ctrl_out_received
                0x8000580c      0x1f4 src/ASF/avr32/drivers/usbb/usbb_device.o
 .text.udd_ctrl_underflow
                0x80005a00       0x44 src/ASF/avr32/drivers/usbb/usbb_device.o
 .text.udd_ctrl_overflow
                0x80005a44       0x34 src/ASF/avr32/drivers/usbb/usbb_device.o
 .text.udd_ctrl_stall_data
                0x80005a78       0x20 src/ASF/avr32/drivers/usbb/usbb_device.o
 .text.udd_ctrl_send_zlp_in
                0x80005a98       0x54 src/ASF/avr32/drivers/usbb/usbb_device.o
 .text.udd_ctrl_send_zlp_out
                0x80005aec       0x44 src/ASF/avr32/drivers/usbb/usbb_device.o
 .text.udd_ctrl_endofrequest
                0x80005b30       0x1c src/ASF/avr32/drivers/usbb/usbb_device.o
 .text.udd_ctrl_interrupt
                0x80005b4c       0xc8 src/ASF/avr32/drivers/usbb/usbb_device.o
 .text.udd_ep_job_table_reset
                0x80005c14       0x6c src/ASF/avr32/drivers/usbb/usbb_device.o
 .text.udd_ep_job_table_kill
                0x80005c80       0x5c src/ASF/avr32/drivers/usbb/usbb_device.o
 .text.udd_ep_abort_job
                0x80005cdc       0x4c src/ASF/avr32/drivers/usbb/usbb_device.o
 .text.udd_ep_finish_job
                0x80005d28       0x84 src/ASF/avr32/drivers/usbb/usbb_device.o
 .text.udd_ep_trans_done
                0x80005dac      0x250 src/ASF/avr32/drivers/usbb/usbb_device.o
 .text.udd_ep_interrupt
                0x80005ffc      0x214 src/ASF/avr32/drivers/usbb/usbb_device.o
 .text.cpu_irq_save
                0x80006210       0x1e src/ASF/common/services/usb/class/cdc/device/udi_cdc.o
 .text.cpu_irq_is_enabled_flags
                0x8000622e       0x20 src/ASF/common/services/usb/class/cdc/device/udi_cdc.o
 *fill*         0x8000624e        0x2 d703d703
 .text.cpu_irq_restore
                0x80006250       0x28 src/ASF/common/services/usb/class/cdc/device/udi_cdc.o
 .text.udi_cdc_comm_enable
                0x80006278      0x18c src/ASF/common/services/usb/class/cdc/device/udi_cdc.o
                0x80006278                udi_cdc_comm_enable
 .text.udi_cdc_data_enable
                0x80006404      0x128 src/ASF/common/services/usb/class/cdc/device/udi_cdc.o
                0x80006404                udi_cdc_data_enable
 .text.udi_cdc_comm_disable
                0x8000652c       0x1c src/ASF/common/services/usb/class/cdc/device/udi_cdc.o
                0x8000652c                udi_cdc_comm_disable
 .text.udi_cdc_data_disable
                0x80006548       0x34 src/ASF/common/services/usb/class/cdc/device/udi_cdc.o
                0x80006548                udi_cdc_data_disable
 .text.udi_cdc_comm_setup
                0x8000657c       0xe8 src/ASF/common/services/usb/class/cdc/device/udi_cdc.o
                0x8000657c                udi_cdc_comm_setup
 .text.udi_cdc_data_setup
                0x80006664        0xe src/ASF/common/services/usb/class/cdc/device/udi_cdc.o
                0x80006664                udi_cdc_data_setup
 .text.udi_cdc_getsetting
                0x80006672        0xe src/ASF/common/services/usb/class/cdc/device/udi_cdc.o
                0x80006672                udi_cdc_getsetting
 .text.udi_cdc_data_sof_notify
                0x80006680       0x1c src/ASF/common/services/usb/class/cdc/device/udi_cdc.o
                0x80006680                udi_cdc_data_sof_notify
 .text.udi_cdc_setup_to_port
                0x8000669c       0x34 src/ASF/common/services/usb/class/cdc/device/udi_cdc.o
 .text.udi_cdc_line_coding_received
                0x800066d0       0x1c src/ASF/common/services/usb/class/cdc/device/udi_cdc.o
 .text.udi_cdc_rx_start
                0x800066ec      0x120 src/ASF/common/services/usb/class/cdc/device/udi_cdc.o
 .text.udi_cdc_data_received
                0x8000680c       0xd4 src/ASF/common/services/usb/class/cdc/device/udi_cdc.o
 .text.udi_cdc_data_sent
                0x800068e0       0x9c src/ASF/common/services/usb/class/cdc/device/udi_cdc.o
 .text.udi_cdc_tx_send
                0x8000697c      0x238 src/ASF/common/services/usb/class/cdc/device/udi_cdc.o
 .text.udi_cdc_multi_get_nb_received_data
                0x80006bb4       0x84 src/ASF/common/services/usb/class/cdc/device/udi_cdc.o
                0x80006bb4                udi_cdc_multi_get_nb_received_data
 .text.udi_cdc_multi_is_rx_ready
                0x80006c38       0x2c src/ASF/common/services/usb/class/cdc/device/udi_cdc.o
                0x80006c38                udi_cdc_multi_is_rx_ready
 .text.udi_cdc_is_rx_ready
                0x80006c64       0x18 src/ASF/common/services/usb/class/cdc/device/udi_cdc.o
                0x80006c64                udi_cdc_is_rx_ready
 .text.udi_cdc_multi_read_buf
                0x80006c7c      0x190 src/ASF/common/services/usb/class/cdc/device/udi_cdc.o
                0x80006c7c                udi_cdc_multi_read_buf
 .text.udi_cdc_read_buf
                0x80006e0c       0x2c src/ASF/common/services/usb/class/cdc/device/udi_cdc.o
                0x80006e0c                udi_cdc_read_buf
 .text.udi_cdc_multi_get_free_tx_buffer
                0x80006e38       0xd8 src/ASF/common/services/usb/class/cdc/device/udi_cdc.o
                0x80006e38                udi_cdc_multi_get_free_tx_buffer
 .text.udi_cdc_multi_is_tx_ready
                0x80006f10       0x2c src/ASF/common/services/usb/class/cdc/device/udi_cdc.o
                0x80006f10                udi_cdc_multi_is_tx_ready
 .text.udi_cdc_multi_putc
                0x80006f3c      0x114 src/ASF/common/services/usb/class/cdc/device/udi_cdc.o
                0x80006f3c                udi_cdc_multi_putc
 .text.udi_cdc_putc
                0x80007050       0x24 src/ASF/common/services/usb/class/cdc/device/udi_cdc.o
                0x80007050                udi_cdc_putc
 .text.udc_get_eof_conf
                0x80007074       0x34 src/ASF/common/services/usb/udc/udc.o
 .text.udc_next_desc_in_iface
                0x800070a8       0x88 src/ASF/common/services/usb/udc/udc.o
 .text.udc_update_iface_desc
                0x80007130       0xb8 src/ASF/common/services/usb/udc/udc.o
 .text.udc_iface_disable
                0x800071e8       0xbc src/ASF/common/services/usb/udc/udc.o
 .text.udc_iface_enable
                0x800072a4       0xc8 src/ASF/common/services/usb/udc/udc.o
 .text.udc_start
                0x8000736c       0x14 src/ASF/common/services/usb/udc/udc.o
                0x8000736c                udc_start
 .text.udc_reset
                0x80007380       0x64 src/ASF/common/services/usb/udc/udc.o
                0x80007380                udc_reset
 .text.udc_sof_notify
                0x800073e4       0x70 src/ASF/common/services/usb/udc/udc.o
                0x800073e4                udc_sof_notify
 .text.udc_req_std_dev_get_status
                0x80007454       0x34 src/ASF/common/services/usb/udc/udc.o
 .text.udc_req_std_ep_get_status
                0x80007488       0x58 src/ASF/common/services/usb/udc/udc.o
 .text.udc_req_std_dev_clear_feature
                0x800074e0       0x40 src/ASF/common/services/usb/udc/udc.o
 .text.udc_req_std_ep_clear_feature
                0x80007520       0x3c src/ASF/common/services/usb/udc/udc.o
 .text.udc_req_std_dev_set_feature
                0x8000755c       0x2c src/ASF/common/services/usb/udc/udc.o
 .text.udc_req_std_ep_set_feature
                0x80007588       0x4c src/ASF/common/services/usb/udc/udc.o
 .text.udc_valid_address
                0x800075d4       0x24 src/ASF/common/services/usb/udc/udc.o
 .text.udc_req_std_dev_set_address
                0x800075f8       0x28 src/ASF/common/services/usb/udc/udc.o
 .text.udc_req_std_dev_get_str_desc
                0x80007620       0xb0 src/ASF/common/services/usb/udc/udc.o
 .text.udc_req_std_dev_get_descriptor
                0x800076d0      0x11c src/ASF/common/services/usb/udc/udc.o
 .text.udc_req_std_dev_get_configuration
                0x800077ec       0x34 src/ASF/common/services/usb/udc/udc.o
 .text.udc_req_std_dev_set_configuration
                0x80007820       0xd0 src/ASF/common/services/usb/udc/udc.o
 .text.udc_req_std_iface_get_setting
                0x800078f0       0xac src/ASF/common/services/usb/udc/udc.o
 .text.udc_req_std_iface_set_setting
                0x8000799c       0x74 src/ASF/common/services/usb/udc/udc.o
 .text.udc_reqstd
                0x80007a10      0x154 src/ASF/common/services/usb/udc/udc.o
 .text.udc_req_iface
                0x80007b64       0xac src/ASF/common/services/usb/udc/udc.o
 .text.udc_req_ep
                0x80007c10       0xa8 src/ASF/common/services/usb/udc/udc.o
 .text.udc_process_setup
                0x80007cb8       0x98 src/ASF/common/services/usb/udc/udc.o
                0x80007cb8                udc_process_setup
 .text.cpu_irq_save
                0x80007d50       0x1e src/ASF/common/services/clock/uc3a0_a1/sysclk.o
 .text.cpu_irq_is_enabled_flags
                0x80007d6e       0x20 src/ASF/common/services/clock/uc3a0_a1/sysclk.o
 *fill*         0x80007d8e        0x2 d703d703
 .text.cpu_irq_restore
                0x80007d90       0x28 src/ASF/common/services/clock/uc3a0_a1/sysclk.o
 .text.osc_enable
                0x80007db8       0x90 src/ASF/common/services/clock/uc3a0_a1/sysclk.o
 .text.osc_is_ready
                0x80007e48       0x46 src/ASF/common/services/clock/uc3a0_a1/sysclk.o
 .text.osc_get_rate
                0x80007e8e       0x36 src/ASF/common/services/clock/uc3a0_a1/sysclk.o
 .text.osc_wait_ready
                0x80007ec4       0x2c src/ASF/common/services/clock/uc3a0_a1/sysclk.o
 .text.pll_config_set_option
                0x80007ef0       0x30 src/ASF/common/services/clock/uc3a0_a1/sysclk.o
 .text.pll_config_init
                0x80007f20       0xe0 src/ASF/common/services/clock/uc3a0_a1/sysclk.o
 .text.pll_enable
                0x80008000       0x2c src/ASF/common/services/clock/uc3a0_a1/sysclk.o
 .text.pll_is_locked
                0x8000802c       0x2c src/ASF/common/services/clock/uc3a0_a1/sysclk.o
 .text.pll_enable_source
                0x80008058       0x6c src/ASF/common/services/clock/uc3a0_a1/sysclk.o
 .text.pll_enable_config_defaults
                0x800080c4       0x74 src/ASF/common/services/clock/uc3a0_a1/sysclk.o
 .text.genclk_config_defaults
                0x80008138       0x1e src/ASF/common/services/clock/uc3a0_a1/sysclk.o
 .text.genclk_config_set_source
                0x80008156       0x36 src/ASF/common/services/clock/uc3a0_a1/sysclk.o
 .text.genclk_config_set_divider
                0x8000818c       0x5a src/ASF/common/services/clock/uc3a0_a1/sysclk.o
 .text.genclk_enable
                0x800081e6       0x2c src/ASF/common/services/clock/uc3a0_a1/sysclk.o
 *fill*         0x80008212        0x2 d703d703
 .text.genclk_enable_source
                0x80008214       0x58 src/ASF/common/services/clock/uc3a0_a1/sysclk.o
 .text.genclk_enable_config
                0x8000826c       0x70 src/ASF/common/services/clock/uc3a0_a1/sysclk.o
 .text.sysclk_get_main_hz
                0x800082dc       0x1c src/ASF/common/services/clock/uc3a0_a1/sysclk.o
 .text.sysclk_get_cpu_hz
                0x800082f8       0x18 src/ASF/common/services/clock/uc3a0_a1/sysclk.o
 .text.sysclk_enable_hsb_module
                0x80008310       0x20 src/ASF/common/services/clock/uc3a0_a1/sysclk.o
 .text.sysclk_set_prescalers
                0x80008330       0x7e src/ASF/common/services/clock/uc3a0_a1/sysclk.o
 *fill*         0x800083ae        0x2 d703d703
 .text.sysclk_set_source
                0x800083b0       0x54 src/ASF/common/services/clock/uc3a0_a1/sysclk.o
 .text.sysclk_priv_enable_module
                0x80008404       0x74 src/ASF/common/services/clock/uc3a0_a1/sysclk.o
                0x80008404                sysclk_priv_enable_module
 .text.sysclk_enable_pbb_module
                0x80008478       0x5c src/ASF/common/services/clock/uc3a0_a1/sysclk.o
                0x80008478                sysclk_enable_pbb_module
 .text.sysclk_enable_usb
                0x800084d4       0x2c src/ASF/common/services/clock/uc3a0_a1/sysclk.o
                0x800084d4                sysclk_enable_usb
 .text.sysclk_init
                0x80008500       0x40 src/ASF/common/services/clock/uc3a0_a1/sysclk.o
                0x80008500                sysclk_init
 .text.getBaudDiv
                0x80008540       0x50 src/ASF/avr32/drivers/spi/spi.o
                0x80008540                getBaudDiv
 .text.spi_initMaster
                0x80008590       0x94 src/ASF/avr32/drivers/spi/spi.o
                0x80008590                spi_initMaster
 .text.spi_selectionMode
                0x80008624       0x94 src/ASF/avr32/drivers/spi/spi.o
                0x80008624                spi_selectionMode
 .text.spi_selectChip
                0x800086b8       0x98 src/ASF/avr32/drivers/spi/spi.o
                0x800086b8                spi_selectChip
 .text.spi_unselectChip
                0x80008750       0x6a src/ASF/avr32/drivers/spi/spi.o
                0x80008750                spi_unselectChip
 *fill*         0x800087ba        0x2 d703d703
 .text.spi_setupChipReg
                0x800087bc      0x184 src/ASF/avr32/drivers/spi/spi.o
                0x800087bc                spi_setupChipReg
 .text.spi_enable
                0x80008940       0x1a src/ASF/avr32/drivers/spi/spi.o
                0x80008940                spi_enable
 .text.spi_write
                0x8000895a       0x58 src/ASF/avr32/drivers/spi/spi.o
                0x8000895a                spi_write
 .text.spi_read
                0x800089b2       0x5e src/ASF/avr32/drivers/spi/spi.o
                0x800089b2                spi_read
 .text.fat_check_device
                0x80008a10      0x140 src/ASF/avr32/services/fs/fat/fat.o
                0x80008a10                fat_check_device
 .text.fat_check_mount
                0x80008b50       0x50 src/ASF/avr32/services/fs/fat/fat.o
                0x80008b50                fat_check_mount
 .text.fat_check_noopen
                0x80008ba0       0x50 src/ASF/avr32/services/fs/fat/fat.o
                0x80008ba0                fat_check_noopen
 .text.fat_check_open
                0x80008bf0       0x28 src/ASF/avr32/services/fs/fat/fat.o
                0x80008bf0                fat_check_open
 .text.fat_check_select
                0x80008c18       0x2c src/ASF/avr32/services/fs/fat/fat.o
                0x80008c18                fat_check_select
 .text.fat_check_mount_noopen
                0x80008c44       0x2c src/ASF/avr32/services/fs/fat/fat.o
                0x80008c44                fat_check_mount_noopen
 .text.fat_check_mount_select_noopen
                0x80008c70       0x44 src/ASF/avr32/services/fs/fat/fat.o
                0x80008c70                fat_check_mount_select_noopen
 .text.fat_check_mount_select_open
                0x80008cb4       0x44 src/ASF/avr32/services/fs/fat/fat.o
                0x80008cb4                fat_check_mount_select_open
 .text.fat_check_mount_select
                0x80008cf8       0x2c src/ASF/avr32/services/fs/fat/fat.o
                0x80008cf8                fat_check_mount_select
 .text.fat_check_is_file
                0x80008d24       0x34 src/ASF/avr32/services/fs/fat/fat.o
                0x80008d24                fat_check_is_file
 .text.fat_cluster_list
                0x80008d58      0x4ac src/ASF/avr32/services/fs/fat/fat.o
                0x80008d58                fat_cluster_list
 .text.fat_cluster_val
                0x80009204      0x450 src/ASF/avr32/services/fs/fat/fat.o
                0x80009204                fat_cluster_val
 .text.fat_cluster_readnext
                0x80009654       0xe8 src/ASF/avr32/services/fs/fat/fat.o
                0x80009654                fat_cluster_readnext
 .text.fat_checkcluster
                0x8000973c       0xac src/ASF/avr32/services/fs/fat/fat.o
                0x8000973c                fat_checkcluster
 .text.fat_cache_clusterlist_reset
                0x800097e8       0x90 src/ASF/avr32/services/fs/fat/fat.o
                0x800097e8                fat_cache_clusterlist_reset
 .text.fat_cache_clusterlist_update_start
                0x80009878       0xd4 src/ASF/avr32/services/fs/fat/fat.o
                0x80009878                fat_cache_clusterlist_update_start
 .text.fat_cache_clusterlist_update_finish
                0x8000994c       0xe4 src/ASF/avr32/services/fs/fat/fat.o
                0x8000994c                fat_cache_clusterlist_update_finish
 .text.fat_cache_clusterlist_update_select
                0x80009a30       0xec src/ASF/avr32/services/fs/fat/fat.o
                0x80009a30                fat_cache_clusterlist_update_select
 .text.fat_cache_clusterlist_update_read
                0x80009b1c      0x278 src/ASF/avr32/services/fs/fat/fat.o
                0x80009b1c                fat_cache_clusterlist_update_read
 .text.fat_read_file
                0x80009d94      0x128 src/ASF/avr32/services/fs/fat/fat.o
                0x80009d94                fat_read_file
 .text.fat_write_file
                0x80009ebc      0x17c src/ASF/avr32/services/fs/fat/fat.o
                0x80009ebc                fat_write_file
 .text.fat_read_dir
                0x8000a038       0xb0 src/ASF/avr32/services/fs/fat/fat.o
                0x8000a038                fat_read_dir
 .text.fat_entry_check
                0x8000a0e8       0xcc src/ASF/avr32/services/fs/fat/fat.o
                0x8000a0e8                fat_entry_check
 .text.fat_get_entry_info
                0x8000a1b4       0xd8 src/ASF/avr32/services/fs/fat/fat.o
                0x8000a1b4                fat_get_entry_info
 .text.fat_entry_is_dir
                0x8000a28c       0x28 src/ASF/avr32/services/fs/fat/fat.o
                0x8000a28c                fat_entry_is_dir
 .text.fat_clear_entry_info_and_ptr
                0x8000a2b4       0x50 src/ASF/avr32/services/fs/fat/fat.o
                0x8000a2b4                fat_clear_entry_info_and_ptr
 .text.fat_write_entry_file
                0x8000a304       0xdc src/ASF/avr32/services/fs/fat/fat.o
                0x8000a304                fat_write_entry_file
 .text.fat_entry_shortname
                0x8000a3e0      0x1e0 src/ASF/avr32/services/fs/fat/fat.o
                0x8000a3e0                fat_entry_shortname
 .text.fat_entry_longname
                0x8000a5c0      0x290 src/ASF/avr32/services/fs/fat/fat.o
                0x8000a5c0                fat_entry_longname
 .text.fat_check_eof_name
                0x8000a850       0x42 src/ASF/avr32/services/fs/fat/fat.o
                0x8000a850                fat_check_eof_name
 *fill*         0x8000a892        0x2 d703d703
 .text.fat_get_ptr_entry
                0x8000a894       0x28 src/ASF/avr32/services/fs/fat/fat.o
                0x8000a894                fat_get_ptr_entry
 .text.fat_cache_read_sector
                0x8000a8bc       0xac src/ASF/avr32/services/fs/fat/fat.o
                0x8000a8bc                fat_cache_read_sector
 .text.fat_cache_reset
                0x8000a968       0x24 src/ASF/avr32/services/fs/fat/fat.o
                0x8000a968                fat_cache_reset
 .text.fat_cache_clear
                0x8000a98c       0x20 src/ASF/avr32/services/fs/fat/fat.o
                0x8000a98c                fat_cache_clear
 .text.fat_cache_mark_sector_as_dirty
                0x8000a9ac       0x18 src/ASF/avr32/services/fs/fat/fat.o
                0x8000a9ac                fat_cache_mark_sector_as_dirty
 .text.fat_cache_flush
                0x8000a9c4       0x74 src/ASF/avr32/services/fs/fat/fat.o
                0x8000a9c4                fat_cache_flush
 .text.fat_check_nav_access_file
                0x8000aa38       0xf0 src/ASF/avr32/services/fs/fat/fat.o
                0x8000aa38                fat_check_nav_access_file
 .text.fat_invert_nav
                0x8000ab28      0x110 src/ASF/avr32/services/fs/fat/fat.o
                0x8000ab28                fat_invert_nav
 .text          0x8000ac38       0x18 src/ASF/common/services/storage/ctrl_access/ctrl_access.o
 .text.get_nb_lun
                0x8000ac50        0xe src/ASF/common/services/storage/ctrl_access/ctrl_access.o
                0x8000ac50                get_nb_lun
 *fill*         0x8000ac5e        0x2 d703d703
 .text.mem_test_unit_ready
                0x8000ac60       0x44 src/ASF/common/services/storage/ctrl_access/ctrl_access.o
                0x8000ac60                mem_test_unit_ready
 .text.mem_sector_size
                0x8000aca4       0x2a src/ASF/common/services/storage/ctrl_access/ctrl_access.o
                0x8000aca4                mem_sector_size
 *fill*         0x8000acce        0x2 d703d703
 .text.mem_wr_protect
                0x8000acd0       0x48 src/ASF/common/services/storage/ctrl_access/ctrl_access.o
                0x8000acd0                mem_wr_protect
 .text.memory_2_ram
                0x8000ad18       0x6c src/ASF/common/services/storage/ctrl_access/ctrl_access.o
                0x8000ad18                memory_2_ram
 .text.ram_2_memory
                0x8000ad84       0x6c src/ASF/common/services/storage/ctrl_access/ctrl_access.o
                0x8000ad84                ram_2_memory
 .text.fat_mount
                0x8000adf0      0x5dc src/ASF/avr32/services/fs/fat/fat_unusual.o
                0x8000adf0                fat_mount
 .text.fat_write_fat32_FSInfo
                0x8000b3cc       0xdc src/ASF/avr32/services/fs/fat/fat_unusual.o
                0x8000b3cc                fat_write_fat32_FSInfo
 .text.fat_initialize_dir
                0x8000b4a8      0x12c src/ASF/avr32/services/fs/fat/fat_unusual.o
                0x8000b4a8                fat_initialize_dir
 .text.fat_create_entry_file_name
                0x8000b5d4      0x13c src/ASF/avr32/services/fs/fat/fat_unusual.o
                0x8000b5d4                fat_create_entry_file_name
 .text.fat_create_long_name_entry
                0x8000b710      0x15c src/ASF/avr32/services/fs/fat/fat_unusual.o
                0x8000b710                fat_create_long_name_entry
 .text.fat_create_short_entry_name
                0x8000b86c      0x33c src/ASF/avr32/services/fs/fat/fat_unusual.o
                0x8000b86c                fat_create_short_entry_name
 .text.fat_find_short_entry_name
                0x8000bba8       0xbc src/ASF/avr32/services/fs/fat/fat_unusual.o
                0x8000bba8                fat_find_short_entry_name
 .text.fat_entry_shortname_compare
                0x8000bc64       0x84 src/ASF/avr32/services/fs/fat/fat_unusual.o
                0x8000bc64                fat_entry_shortname_compare
 .text.fat_check_name
                0x8000bce8       0xd4 src/ASF/avr32/services/fs/fat/fat_unusual.o
                0x8000bce8                fat_check_name
 .text.fat_translate_char_shortname
                0x8000bdbc       0x9c src/ASF/avr32/services/fs/fat/fat_unusual.o
                0x8000bdbc                fat_translate_char_shortname
 .text.fat_alloc_entry_free
                0x8000be58      0x150 src/ASF/avr32/services/fs/fat/fat_unusual.o
                0x8000be58                fat_alloc_entry_free
 .text.fat_garbage_collector_entry
                0x8000bfa8      0x138 src/ASF/avr32/services/fs/fat/fat_unusual.o
                0x8000bfa8                fat_garbage_collector_entry
 .text.fat_delete_file
                0x8000c0e0       0xe0 src/ASF/avr32/services/fs/fat/fat_unusual.o
                0x8000c0e0                fat_delete_file
 .text.fat_allocfreespace
                0x8000c1c0      0x1f4 src/ASF/avr32/services/fs/fat/fat_unusual.o
                0x8000c1c0                fat_allocfreespace
 .text.fat_clear_info_fat_mod
                0x8000c3b4       0x20 src/ASF/avr32/services/fs/fat/fat_unusual.o
                0x8000c3b4                fat_clear_info_fat_mod
 .text.fat_update_fat2
                0x8000c3d4       0x94 src/ASF/avr32/services/fs/fat/fat_unusual.o
                0x8000c3d4                fat_update_fat2
 .text.fat_clear_cluster
                0x8000c468       0xb4 src/ASF/avr32/services/fs/fat/fat_unusual.o
                0x8000c468                fat_clear_cluster
 .text.file_open
                0x8000c51c       0xec src/ASF/avr32/services/fs/fat/file.o
                0x8000c51c                file_open
 .text.file_putc
                0x8000c608       0xa4 src/ASF/avr32/services/fs/fat/file.o
                0x8000c608                file_putc
 .text.file_close
                0x8000c6ac       0x54 src/ASF/avr32/services/fs/fat/file.o
                0x8000c6ac                file_close
 .text.nav_reset
                0x8000c700       0x90 src/ASF/avr32/services/fs/fat/navigation.o
                0x8000c700                nav_reset
 .text.nav_select
                0x8000c790       0x68 src/ASF/avr32/services/fs/fat/navigation.o
                0x8000c790                nav_select
 .text.nav_drive_set
                0x8000c7f8       0x78 src/ASF/avr32/services/fs/fat/navigation.o
                0x8000c7f8                nav_drive_set
 .text.nav_partition_mount
                0x8000c870       0x50 src/ASF/avr32/services/fs/fat/navigation.o
                0x8000c870                nav_partition_mount
 .text.nav_filelist_reset
                0x8000c8c0       0x2c src/ASF/avr32/services/fs/fat/navigation.o
                0x8000c8c0                nav_filelist_reset
 .text.nav_filelist_set
                0x8000c8ec      0x218 src/ASF/avr32/services/fs/fat/navigation.o
                0x8000c8ec                nav_filelist_set
 .text.nav_filelist_findname
                0x8000cb04       0x58 src/ASF/avr32/services/fs/fat/navigation.o
                0x8000cb04                nav_filelist_findname
 .text.nav_filelist_nb
                0x8000cb5c       0xb0 src/ASF/avr32/services/fs/fat/navigation.o
                0x8000cb5c                nav_filelist_nb
 .text.nav_filelist_first
                0x8000cc0c       0x64 src/ASF/avr32/services/fs/fat/navigation.o
                0x8000cc0c                nav_filelist_first
 .text.nav_filelist_last
                0x8000cc70       0x90 src/ASF/avr32/services/fs/fat/navigation.o
                0x8000cc70                nav_filelist_last
 .text.nav_getindex
                0x8000cd00       0x44 src/ASF/avr32/services/fs/fat/navigation.o
                0x8000cd00                nav_getindex
 .text.nav_gotoindex
                0x8000cd44       0xa4 src/ASF/avr32/services/fs/fat/navigation.o
                0x8000cd44                nav_gotoindex
 .text.nav_dir_root
                0x8000cde8       0x18 src/ASF/avr32/services/fs/fat/navigation.o
                0x8000cde8                nav_dir_root
 .text.nav_dir_cd
                0x8000ce00       0x70 src/ASF/avr32/services/fs/fat/navigation.o
                0x8000ce00                nav_dir_cd
 .text.nav_dir_gotoparent
                0x8000ce70       0xdc src/ASF/avr32/services/fs/fat/navigation.o
                0x8000ce70                nav_dir_gotoparent
 .text.nav_dir_make
                0x8000cf4c       0xe8 src/ASF/avr32/services/fs/fat/navigation.o
                0x8000cf4c                nav_dir_make
 .text.nav_setcwd
                0x8000d034      0x334 src/ASF/avr32/services/fs/fat/navigation.o
                0x8000d034                nav_setcwd
 .text.nav_file_name
                0x8000d368      0x180 src/ASF/avr32/services/fs/fat/navigation.o
                0x8000d368                nav_file_name
 .text.nav_file_create
                0x8000d4e8       0xa4 src/ASF/avr32/services/fs/fat/navigation.o
                0x8000d4e8                nav_file_create
 .text.sd_mmc_spi_mem_init
                0x8000d58c       0x14 src/ASF/avr32/components/memory/sd_mmc/sd_mmc_spi/sd_mmc_spi_mem.o
                0x8000d58c                sd_mmc_spi_mem_init
 .text.sd_mmc_spi_test_unit_ready
                0x8000d5a0       0x7c src/ASF/avr32/components/memory/sd_mmc/sd_mmc_spi/sd_mmc_spi_mem.o
                0x8000d5a0                sd_mmc_spi_test_unit_ready
 .text.sd_mmc_spi_read_capacity
                0x8000d61c       0x4c src/ASF/avr32/components/memory/sd_mmc/sd_mmc_spi/sd_mmc_spi_mem.o
                0x8000d61c                sd_mmc_spi_read_capacity
 .text.sd_mmc_spi_wr_protect
                0x8000d668        0xe src/ASF/avr32/components/memory/sd_mmc/sd_mmc_spi/sd_mmc_spi_mem.o
                0x8000d668                sd_mmc_spi_wr_protect
 .text.sd_mmc_spi_removal
                0x8000d676        0xe src/ASF/avr32/components/memory/sd_mmc/sd_mmc_spi/sd_mmc_spi_mem.o
                0x8000d676                sd_mmc_spi_removal
 .text.sd_mmc_spi_mem_2_ram
                0x8000d684       0x98 src/ASF/avr32/components/memory/sd_mmc/sd_mmc_spi/sd_mmc_spi_mem.o
                0x8000d684                sd_mmc_spi_mem_2_ram
 .text.sd_mmc_spi_ram_2_mem
                0x8000d71c       0x78 src/ASF/avr32/components/memory/sd_mmc/sd_mmc_spi/sd_mmc_spi_mem.o
                0x8000d71c                sd_mmc_spi_ram_2_mem
 .text.board_init
                0x8000d794       0xd8 src/ASF/avr32/boards/evk1100/init.o
                0x8000d794                board_init
 .text.LED_Off  0x8000d86c       0xb8 src/ASF/avr32/boards/evk1100/led.o
                0x8000d86c                LED_Off
 .text.LED_On   0x8000d924       0xb4 src/ASF/avr32/boards/evk1100/led.o
                0x8000d924                LED_On
 .text.gpio_enable_module
                0x8000d9d8       0x70 src/ASF/avr32/drivers/gpio/gpio.o
                0x8000d9d8                gpio_enable_module
 .text.gpio_enable_module_pin
                0x8000da48      0x110 src/ASF/avr32/drivers/gpio/gpio.o
                0x8000da48                gpio_enable_module_pin
 .text.gpio_configure_pin
                0x8000db58      0x1ae src/ASF/avr32/drivers/gpio/gpio.o
                0x8000db58                gpio_configure_pin
 .text.gpio_set_gpio_pin
                0x8000dd06       0x68 src/ASF/avr32/drivers/gpio/gpio.o
                0x8000dd06                gpio_set_gpio_pin
 .text.gpio_clr_gpio_pin
                0x8000dd6e       0x68 src/ASF/avr32/drivers/gpio/gpio.o
                0x8000dd6e                gpio_clr_gpio_pin
 .text.gpio_configure_edge_detector
                0x8000ddd6       0xd4 src/ASF/avr32/drivers/gpio/gpio.o
 *fill*         0x8000deaa        0x2 d703d703
 .text.gpio_enable_pin_interrupt
                0x8000deac       0x74 src/ASF/avr32/drivers/gpio/gpio.o
                0x8000deac                gpio_enable_pin_interrupt
 .text.gpio_get_pin_interrupt_flag
                0x8000df20       0x3e src/ASF/avr32/drivers/gpio/gpio.o
                0x8000df20                gpio_get_pin_interrupt_flag
 .text.gpio_clear_pin_interrupt_flag
                0x8000df5e       0x3a src/ASF/avr32/drivers/gpio/gpio.o
                0x8000df5e                gpio_clear_pin_interrupt_flag
 .text._unhandled_interrupt
                0x8000df98        0x8 src/ASF/avr32/drivers/intc/intc.o
 .text._get_interrupt_handler
                0x8000dfa0       0x70 src/ASF/avr32/drivers/intc/intc.o
                0x8000dfa0                _get_interrupt_handler
 .text.INTC_init_evba
                0x8000e010       0x14 src/ASF/avr32/drivers/intc/intc.o
 .text.INTC_init_interrupts
                0x8000e024       0x98 src/ASF/avr32/drivers/intc/intc.o
                0x8000e024                INTC_init_interrupts
 .text.INTC_register_interrupt
                0x8000e0bc       0xd4 src/ASF/avr32/drivers/intc/intc.o
                0x8000e0bc                INTC_register_interrupt
 .text._stext   0x8000e190       0x40 src/ASF/avr32/utils/startup/startup_uc3.o
                                 0x50 (size before relaxing)
                0x8000e190                _stext
 .text          0x8000e1d0      0x278 src/main.o
 .text.osc_get_rate
                0x8000e448       0x36 src/main.o
 *fill*         0x8000e47e        0x2 d703d703
 .text.sysclk_get_main_hz
                0x8000e480       0x1c src/main.o
 .text.sysclk_get_pba_hz
                0x8000e49c       0x18 src/main.o
 .text.erm_tc_init
                0x8000e4b4       0xd4 src/main.o
 .text.erm_cdc_print
                0x8000e588       0x38 src/main.o
 .text.erm_cdc_println
                0x8000e5c0       0x44 src/main.o
 .text.erm_sd_mmc_pin_init
                0x8000e604       0x1c src/main.o
 .text.erm_sd_mmc_init
                0x8000e620       0x6c src/main.o
 .text.adc_pot_init
                0x8000e68c       0x54 src/main.o
 .text.lcd_spi_pin_init
                0x8000e6e0       0x1c src/main.o
                0x8000e6e0                lcd_spi_pin_init
 .text.lcd_spi_init
                0x8000e6fc       0x68 src/main.o
                0x8000e6fc                lcd_spi_init
 .text.push_button_0_interrupt_init
                0x8000e764       0x34 src/main.o
 .text.erm_tc_interrupt_init
                0x8000e798       0x2c src/main.o
 .text.erm_tc_handler
                0x8000e7c4       0x24 src/main.o
 .text.push_button_handler
                0x8000e7e8       0x4c src/main.o
 .text.decode_command
                0x8000e834       0xb0 src/main.o
 .text.build_cmd
                0x8000e8e4       0xbc src/main.o
 .text.main     0x8000e9a0      0x320 src/main.o
                0x8000e9a0                main
 .text          0x8000ecc0      0x160 c:/program files (x86)/atmel/atmel toolchain/avr32 gcc/native/3.4.1067/avr32-gnu-toolchain/bin/../lib/gcc/avr32/4.4.7/ucr2\libgcc.a(_avr32_f32_div.o)
                0x8000ecc0                __avr32_f32_div
 .text          0x8000ee20       0xe2 c:/program files (x86)/atmel/atmel toolchain/avr32 gcc/native/3.4.1067/avr32-gnu-toolchain/bin/../lib/gcc/avr32/4.4.7/ucr2\libgcc.a(_avr32_f32_mul.o)
                0x8000ee20                __avr32_f32_mul
 .text          0x8000ef02       0x70 c:/program files (x86)/atmel/atmel toolchain/avr32 gcc/native/3.4.1067/avr32-gnu-toolchain/bin/../lib/gcc/avr32/4.4.7/ucr2\libgcc.a(_avr32_u32_to_f32.o)
                0x8000ef02                __avr32_u32_to_f32
 .text          0x8000ef72       0x1a c:/program files (x86)/atmel/atmel toolchain/avr32 gcc/native/3.4.1067/avr32-gnu-toolchain/bin/../lib/gcc/avr32/4.4.7/ucr2\libgcc.a(_avr32_f32_to_u32.o)
                0x8000ef72                __avr32_f32_to_u32
 .text          0x8000ef8c      0x264 c:/program files (x86)/atmel/atmel toolchain/avr32 gcc/native/3.4.1067/avr32-gnu-toolchain/bin/../lib/gcc/avr32/4.4.7/ucr2\libgcc.a(_udivdi3.o)
                0x8000ef8c                __avr32_udiv64
                0x8000ef8c                __udivdi3
 .text.memcmp   0x8000f1f0       0x26 c:/program files (x86)/atmel/atmel toolchain/avr32 gcc/native/3.4.1067/avr32-gnu-toolchain/bin/../lib/gcc/avr32/4.4.7/../../../../avr32/lib/ucr2\libc.a(lib_a-memcmp.o)
                0x8000f1f0                memcmp
 .text          0x8000f216      0x148 c:/program files (x86)/atmel/atmel toolchain/avr32 gcc/native/3.4.1067/avr32-gnu-toolchain/bin/../lib/gcc/avr32/4.4.7/../../../../avr32/lib/ucr2\libc.a(lib_a-memcpy.o)
                0x8000f216                memcpy
 .text.memset   0x8000f35e        0xe c:/program files (x86)/atmel/atmel toolchain/avr32 gcc/native/3.4.1067/avr32-gnu-toolchain/bin/../lib/gcc/avr32/4.4.7/../../../../avr32/lib/ucr2\libc.a(lib_a-memset.o)
                0x8000f35e                memset
 .text.sprintf  0x8000f36c       0x38 c:/program files (x86)/atmel/atmel toolchain/avr32 gcc/native/3.4.1067/avr32-gnu-toolchain/bin/../lib/gcc/avr32/4.4.7/../../../../avr32/lib/ucr2\libc.a(lib_a-sprintf.o)
                                 0x40 (size before relaxing)
                0x8000f36c                sprintf
 .text          0x8000f3a4       0xa8 c:/program files (x86)/atmel/atmel toolchain/avr32 gcc/native/3.4.1067/avr32-gnu-toolchain/bin/../lib/gcc/avr32/4.4.7/../../../../avr32/lib/ucr2\libc.a(lib_a-strcmp.o)
                0x8000f3a4                strcmp
 .text.get_arg  0x8000f44c      0x310 c:/program files (x86)/atmel/atmel toolchain/avr32 gcc/native/3.4.1067/avr32-gnu-toolchain/bin/../lib/gcc/avr32/4.4.7/../../../../avr32/lib/ucr2\libc.a(lib_a-vfprintf.o)
                                0x324 (size before relaxing)
 .text.__sprint_r
                0x8000f75c       0x1c c:/program files (x86)/atmel/atmel toolchain/avr32 gcc/native/3.4.1067/avr32-gnu-toolchain/bin/../lib/gcc/avr32/4.4.7/../../../../avr32/lib/ucr2\libc.a(lib_a-vfprintf.o)
                                 0x20 (size before relaxing)
 .text._vfprintf_r
                0x8000f778     0x1f14 c:/program files (x86)/atmel/atmel toolchain/avr32 gcc/native/3.4.1067/avr32-gnu-toolchain/bin/../lib/gcc/avr32/4.4.7/../../../../avr32/lib/ucr2\libc.a(lib_a-vfprintf.o)
                               0x1f9c (size before relaxing)
                0x8000f778                _vfprintf_r
 .text.__swsetup_r
                0x8001168c       0xdc c:/program files (x86)/atmel/atmel toolchain/avr32 gcc/native/3.4.1067/avr32-gnu-toolchain/bin/../lib/gcc/avr32/4.4.7/../../../../avr32/lib/ucr2\libc.a(lib_a-wsetup.o)
                                 0xe8 (size before relaxing)
                0x8001168c                __swsetup_r
 .text.quorem   0x80011768      0x120 c:/program files (x86)/atmel/atmel toolchain/avr32 gcc/native/3.4.1067/avr32-gnu-toolchain/bin/../lib/gcc/avr32/4.4.7/../../../../avr32/lib/ucr2\libc.a(lib_a-dtoa.o)
                                0x124 (size before relaxing)
 .text._dtoa_r  0x80011888      0xbdc c:/program files (x86)/atmel/atmel toolchain/avr32 gcc/native/3.4.1067/avr32-gnu-toolchain/bin/../lib/gcc/avr32/4.4.7/../../../../avr32/lib/ucr2\libc.a(lib_a-dtoa.o)
                                0xc90 (size before relaxing)
                0x80011888                _dtoa_r
 .text._fflush_r
                0x80012464      0x10c c:/program files (x86)/atmel/atmel toolchain/avr32 gcc/native/3.4.1067/avr32-gnu-toolchain/bin/../lib/gcc/avr32/4.4.7/../../../../avr32/lib/ucr2\libc.a(lib_a-fflush.o)
                                0x118 (size before relaxing)
                0x80012464                _fflush_r
 .text.__sfp_lock_acquire
                0x80012570        0x2 c:/program files (x86)/atmel/atmel toolchain/avr32 gcc/native/3.4.1067/avr32-gnu-toolchain/bin/../lib/gcc/avr32/4.4.7/../../../../avr32/lib/ucr2\libc.a(lib_a-findfp.o)
                0x80012570                __sfp_lock_acquire
 .text.__sfp_lock_release
                0x80012572        0x2 c:/program files (x86)/atmel/atmel toolchain/avr32 gcc/native/3.4.1067/avr32-gnu-toolchain/bin/../lib/gcc/avr32/4.4.7/../../../../avr32/lib/ucr2\libc.a(lib_a-findfp.o)
                0x80012572                __sfp_lock_release
 .text._cleanup_r
                0x80012574        0xc c:/program files (x86)/atmel/atmel toolchain/avr32 gcc/native/3.4.1067/avr32-gnu-toolchain/bin/../lib/gcc/avr32/4.4.7/../../../../avr32/lib/ucr2\libc.a(lib_a-findfp.o)
                                 0x14 (size before relaxing)
                0x80012574                _cleanup_r
 .text.__sfmoreglue
                0x80012580       0x28 c:/program files (x86)/atmel/atmel toolchain/avr32 gcc/native/3.4.1067/avr32-gnu-toolchain/bin/../lib/gcc/avr32/4.4.7/../../../../avr32/lib/ucr2\libc.a(lib_a-findfp.o)
                                 0x30 (size before relaxing)
                0x80012580                __sfmoreglue
 .text.__sfp    0x800125a8       0x6c c:/program files (x86)/atmel/atmel toolchain/avr32 gcc/native/3.4.1067/avr32-gnu-toolchain/bin/../lib/gcc/avr32/4.4.7/../../../../avr32/lib/ucr2\libc.a(lib_a-findfp.o)
                                 0x7c (size before relaxing)
                0x800125a8                __sfp
 .text.__sinit  0x80012614       0x9c c:/program files (x86)/atmel/atmel toolchain/avr32 gcc/native/3.4.1067/avr32-gnu-toolchain/bin/../lib/gcc/avr32/4.4.7/../../../../avr32/lib/ucr2\libc.a(lib_a-findfp.o)
                                 0xb0 (size before relaxing)
                0x80012614                __sinit
 .text._malloc_trim_r
                0x800126b0       0x98 c:/program files (x86)/atmel/atmel toolchain/avr32 gcc/native/3.4.1067/avr32-gnu-toolchain/bin/../lib/gcc/avr32/4.4.7/../../../../avr32/lib/ucr2\libc.a(lib_a-freer.o)
                                 0xa8 (size before relaxing)
                0x800126b0                _malloc_trim_r
 .text._free_r  0x80012748      0x18c c:/program files (x86)/atmel/atmel toolchain/avr32 gcc/native/3.4.1067/avr32-gnu-toolchain/bin/../lib/gcc/avr32/4.4.7/../../../../avr32/lib/ucr2\libc.a(lib_a-freer.o)
                                0x1a0 (size before relaxing)
                0x80012748                _free_r
 .text.__sfvwrite_r
                0x800128d4      0x2a0 c:/program files (x86)/atmel/atmel toolchain/avr32 gcc/native/3.4.1067/avr32-gnu-toolchain/bin/../lib/gcc/avr32/4.4.7/../../../../avr32/lib/ucr2\libc.a(lib_a-fvwrite.o)
                                0x2c4 (size before relaxing)
                0x800128d4                __sfvwrite_r
 .text._fwalk   0x80012b74       0x4c c:/program files (x86)/atmel/atmel toolchain/avr32 gcc/native/3.4.1067/avr32-gnu-toolchain/bin/../lib/gcc/avr32/4.4.7/../../../../avr32/lib/ucr2\libc.a(lib_a-fwalk.o)
                                 0x54 (size before relaxing)
                0x80012b74                _fwalk
 .text._localeconv_r
                0x80012bc0        0x8 c:/program files (x86)/atmel/atmel toolchain/avr32 gcc/native/3.4.1067/avr32-gnu-toolchain/bin/../lib/gcc/avr32/4.4.7/../../../../avr32/lib/ucr2\libc.a(lib_a-locale.o)
                0x80012bc0                _localeconv_r
 .text.__smakebuf_r
                0x80012bc8       0xbc c:/program files (x86)/atmel/atmel toolchain/avr32 gcc/native/3.4.1067/avr32-gnu-toolchain/bin/../lib/gcc/avr32/4.4.7/../../../../avr32/lib/ucr2\libc.a(lib_a-makebuf.o)
                                 0xcc (size before relaxing)
                0x80012bc8                __smakebuf_r
 .text.malloc   0x80012c84       0x10 c:/program files (x86)/atmel/atmel toolchain/avr32 gcc/native/3.4.1067/avr32-gnu-toolchain/bin/../lib/gcc/avr32/4.4.7/../../../../avr32/lib/ucr2\libc.a(lib_a-malloc.o)
                                 0x18 (size before relaxing)
                0x80012c84                malloc
 .text._malloc_r
                0x80012c94      0x430 c:/program files (x86)/atmel/atmel toolchain/avr32 gcc/native/3.4.1067/avr32-gnu-toolchain/bin/../lib/gcc/avr32/4.4.7/../../../../avr32/lib/ucr2\libc.a(lib_a-mallocr.o)
                                0x450 (size before relaxing)
                0x80012c94                _malloc_r
 .text.memchr   0x800130c4       0x16 c:/program files (x86)/atmel/atmel toolchain/avr32 gcc/native/3.4.1067/avr32-gnu-toolchain/bin/../lib/gcc/avr32/4.4.7/../../../../avr32/lib/ucr2\libc.a(lib_a-memchr.o)
                0x800130c4                memchr
 .text.memmove  0x800130da       0x3e c:/program files (x86)/atmel/atmel toolchain/avr32 gcc/native/3.4.1067/avr32-gnu-toolchain/bin/../lib/gcc/avr32/4.4.7/../../../../avr32/lib/ucr2\libc.a(lib_a-memmove.o)
                0x800130da                memmove
 .text.__malloc_lock
                0x80013118        0x2 c:/program files (x86)/atmel/atmel toolchain/avr32 gcc/native/3.4.1067/avr32-gnu-toolchain/bin/../lib/gcc/avr32/4.4.7/../../../../avr32/lib/ucr2\libc.a(lib_a-mlock.o)
                0x80013118                __malloc_lock
 .text.__malloc_unlock
                0x8001311a        0x2 c:/program files (x86)/atmel/atmel toolchain/avr32 gcc/native/3.4.1067/avr32-gnu-toolchain/bin/../lib/gcc/avr32/4.4.7/../../../../avr32/lib/ucr2\libc.a(lib_a-mlock.o)
                0x8001311a                __malloc_unlock
 .text.__hi0bits
                0x8001311c       0x60 c:/program files (x86)/atmel/atmel toolchain/avr32 gcc/native/3.4.1067/avr32-gnu-toolchain/bin/../lib/gcc/avr32/4.4.7/../../../../avr32/lib/ucr2\libc.a(lib_a-mprec.o)
                0x8001311c                __hi0bits
 .text.__lo0bits
                0x8001317c       0x8e c:/program files (x86)/atmel/atmel toolchain/avr32 gcc/native/3.4.1067/avr32-gnu-toolchain/bin/../lib/gcc/avr32/4.4.7/../../../../avr32/lib/ucr2\libc.a(lib_a-mprec.o)
                0x8001317c                __lo0bits
 .text.__mcmp   0x8001320a       0x32 c:/program files (x86)/atmel/atmel toolchain/avr32 gcc/native/3.4.1067/avr32-gnu-toolchain/bin/../lib/gcc/avr32/4.4.7/../../../../avr32/lib/ucr2\libc.a(lib_a-mprec.o)
                0x8001320a                __mcmp
 .text._Bfree   0x8001323c       0x34 c:/program files (x86)/atmel/atmel toolchain/avr32 gcc/native/3.4.1067/avr32-gnu-toolchain/bin/../lib/gcc/avr32/4.4.7/../../../../avr32/lib/ucr2\libc.a(lib_a-mprec.o)
                                 0x38 (size before relaxing)
                0x8001323c                _Bfree
 .text._Balloc  0x80013270       0x70 c:/program files (x86)/atmel/atmel toolchain/avr32 gcc/native/3.4.1067/avr32-gnu-toolchain/bin/../lib/gcc/avr32/4.4.7/../../../../avr32/lib/ucr2\libc.a(lib_a-mprec.o)
                                 0x78 (size before relaxing)
                0x80013270                _Balloc
 .text.__d2b    0x800132e0       0xa0 c:/program files (x86)/atmel/atmel toolchain/avr32 gcc/native/3.4.1067/avr32-gnu-toolchain/bin/../lib/gcc/avr32/4.4.7/../../../../avr32/lib/ucr2\libc.a(lib_a-mprec.o)
                                 0xb4 (size before relaxing)
                0x800132e0                __d2b
 .text.__mdiff  0x80013380       0xd0 c:/program files (x86)/atmel/atmel toolchain/avr32 gcc/native/3.4.1067/avr32-gnu-toolchain/bin/../lib/gcc/avr32/4.4.7/../../../../avr32/lib/ucr2\libc.a(lib_a-mprec.o)
                                 0xd8 (size before relaxing)
                0x80013380                __mdiff
 .text.__lshift
                0x80013450       0x88 c:/program files (x86)/atmel/atmel toolchain/avr32 gcc/native/3.4.1067/avr32-gnu-toolchain/bin/../lib/gcc/avr32/4.4.7/../../../../avr32/lib/ucr2\libc.a(lib_a-mprec.o)
                                 0x94 (size before relaxing)
                0x80013450                __lshift
 .text.__multiply
                0x800134d8      0x100 c:/program files (x86)/atmel/atmel toolchain/avr32 gcc/native/3.4.1067/avr32-gnu-toolchain/bin/../lib/gcc/avr32/4.4.7/../../../../avr32/lib/ucr2\libc.a(lib_a-mprec.o)
                                0x108 (size before relaxing)
                0x800134d8                __multiply
 .text.__i2b    0x800135d8       0x10 c:/program files (x86)/atmel/atmel toolchain/avr32 gcc/native/3.4.1067/avr32-gnu-toolchain/bin/../lib/gcc/avr32/4.4.7/../../../../avr32/lib/ucr2\libc.a(lib_a-mprec.o)
                                 0x18 (size before relaxing)
                0x800135d8                __i2b
 .text.__multadd
                0x800135e8       0x7c c:/program files (x86)/atmel/atmel toolchain/avr32 gcc/native/3.4.1067/avr32-gnu-toolchain/bin/../lib/gcc/avr32/4.4.7/../../../../avr32/lib/ucr2\libc.a(lib_a-mprec.o)
                                 0x88 (size before relaxing)
                0x800135e8                __multadd
 .text.__pow5mult
                0x80013664       0x8c c:/program files (x86)/atmel/atmel toolchain/avr32 gcc/native/3.4.1067/avr32-gnu-toolchain/bin/../lib/gcc/avr32/4.4.7/../../../../avr32/lib/ucr2\libc.a(lib_a-mprec.o)
                                 0xac (size before relaxing)
                0x80013664                __pow5mult
 .text._realloc_r
                0x800136f0      0x2c0 c:/program files (x86)/atmel/atmel toolchain/avr32 gcc/native/3.4.1067/avr32-gnu-toolchain/bin/../lib/gcc/avr32/4.4.7/../../../../avr32/lib/ucr2\libc.a(lib_a-reallocr.o)
                                0x2e0 (size before relaxing)
                0x800136f0                _realloc_r
 .text.__isinfd
                0x800139b0       0x2a c:/program files (x86)/atmel/atmel toolchain/avr32 gcc/native/3.4.1067/avr32-gnu-toolchain/bin/../lib/gcc/avr32/4.4.7/../../../../avr32/lib/ucr2\libc.a(lib_a-s_isinfd.o)
                0x800139b0                __isinfd
 .text.__isnand
                0x800139da       0x1c c:/program files (x86)/atmel/atmel toolchain/avr32 gcc/native/3.4.1067/avr32-gnu-toolchain/bin/../lib/gcc/avr32/4.4.7/../../../../avr32/lib/ucr2\libc.a(lib_a-s_isnand.o)
                0x800139da                __isnand
 *fill*         0x800139f6        0x2 d703d703
 .text._sbrk_r  0x800139f8       0x20 c:/program files (x86)/atmel/atmel toolchain/avr32 gcc/native/3.4.1067/avr32-gnu-toolchain/bin/../lib/gcc/avr32/4.4.7/../../../../avr32/lib/ucr2\libc.a(lib_a-sbrkr.o)
                                 0x28 (size before relaxing)
                0x800139f8                _sbrk_r
 .text.__sclose
                0x80013a18        0x8 c:/program files (x86)/atmel/atmel toolchain/avr32 gcc/native/3.4.1067/avr32-gnu-toolchain/bin/../lib/gcc/avr32/4.4.7/../../../../avr32/lib/ucr2\libc.a(lib_a-stdio.o)
                                 0x10 (size before relaxing)
                0x80013a18                __sclose
 .text.__sseek  0x80013a20       0x20 c:/program files (x86)/atmel/atmel toolchain/avr32 gcc/native/3.4.1067/avr32-gnu-toolchain/bin/../lib/gcc/avr32/4.4.7/../../../../avr32/lib/ucr2\libc.a(lib_a-stdio.o)
                                 0x28 (size before relaxing)
                0x80013a20                __sseek
 .text.__swrite
                0x80013a40       0x2c c:/program files (x86)/atmel/atmel toolchain/avr32 gcc/native/3.4.1067/avr32-gnu-toolchain/bin/../lib/gcc/avr32/4.4.7/../../../../avr32/lib/ucr2\libc.a(lib_a-stdio.o)
                                 0x38 (size before relaxing)
                0x80013a40                __swrite
 .text.__sread  0x80013a6c       0x1c c:/program files (x86)/atmel/atmel toolchain/avr32 gcc/native/3.4.1067/avr32-gnu-toolchain/bin/../lib/gcc/avr32/4.4.7/../../../../avr32/lib/ucr2\libc.a(lib_a-stdio.o)
                                 0x24 (size before relaxing)
                0x80013a6c                __sread
 .text.strlen   0x80013a88       0x16 c:/program files (x86)/atmel/atmel toolchain/avr32 gcc/native/3.4.1067/avr32-gnu-toolchain/bin/../lib/gcc/avr32/4.4.7/../../../../avr32/lib/ucr2\libc.a(lib_a-strlen.o)
                0x80013a88                strlen
 *fill*         0x80013a9e        0x2 d703d703
 .text._close   0x80013aa0       0x14 c:/program files (x86)/atmel/atmel toolchain/avr32 gcc/native/3.4.1067/avr32-gnu-toolchain/bin/../lib/gcc/avr32/4.4.7/../../../../avr32/lib/ucr2\libc.a(lib_a-syscalls.o)
                                 0x18 (size before relaxing)
                0x80013aa0                _close
 .text._lseek   0x80013ab4       0x14 c:/program files (x86)/atmel/atmel toolchain/avr32 gcc/native/3.4.1067/avr32-gnu-toolchain/bin/../lib/gcc/avr32/4.4.7/../../../../avr32/lib/ucr2\libc.a(lib_a-syscalls.o)
                                 0x18 (size before relaxing)
                0x80013ab4                _lseek
 .text._read    0x80013ac8       0x14 c:/program files (x86)/atmel/atmel toolchain/avr32 gcc/native/3.4.1067/avr32-gnu-toolchain/bin/../lib/gcc/avr32/4.4.7/../../../../avr32/lib/ucr2\libc.a(lib_a-syscalls.o)
                                 0x18 (size before relaxing)
                0x80013ac8                _read
 .text._write   0x80013adc       0x14 c:/program files (x86)/atmel/atmel toolchain/avr32 gcc/native/3.4.1067/avr32-gnu-toolchain/bin/../lib/gcc/avr32/4.4.7/../../../../avr32/lib/ucr2\libc.a(lib_a-syscalls.o)
                                 0x18 (size before relaxing)
                0x80013adc                _write
 .text.isatty   0x80013af0       0x14 c:/program files (x86)/atmel/atmel toolchain/avr32 gcc/native/3.4.1067/avr32-gnu-toolchain/bin/../lib/gcc/avr32/4.4.7/../../../../avr32/lib/ucr2\libc.a(lib_a-syscalls.o)
                                 0x18 (size before relaxing)
                0x80013af0                isatty
 .text._fstat_host
                0x80013b04       0x14 c:/program files (x86)/atmel/atmel toolchain/avr32 gcc/native/3.4.1067/avr32-gnu-toolchain/bin/../lib/gcc/avr32/4.4.7/../../../../avr32/lib/ucr2\libc.a(lib_a-syscalls.o)
                                 0x18 (size before relaxing)
                0x80013b04                _fstat_host
 .text._fstat   0x80013b18       0x4c c:/program files (x86)/atmel/atmel toolchain/avr32 gcc/native/3.4.1067/avr32-gnu-toolchain/bin/../lib/gcc/avr32/4.4.7/../../../../avr32/lib/ucr2\libc.a(lib_a-syscalls.o)
                                 0x50 (size before relaxing)
                0x80013b18                _fstat
 .text._sbrk    0x80013b64       0x38 c:/program files (x86)/atmel/atmel toolchain/avr32 gcc/native/3.4.1067/avr32-gnu-toolchain/bin/../lib/gcc/avr32/4.4.7/../../../../avr32/lib/ucr2\libc.a(lib_a-syscalls.o)
                                 0x40 (size before relaxing)
                0x80013b64                _sbrk
 .text._write_r
                0x80013b9c       0x24 c:/program files (x86)/atmel/atmel toolchain/avr32 gcc/native/3.4.1067/avr32-gnu-toolchain/bin/../lib/gcc/avr32/4.4.7/../../../../avr32/lib/ucr2\libc.a(lib_a-writer.o)
                                 0x2c (size before relaxing)
                0x80013b9c                _write_r
 .text._calloc_r
                0x80013bc0       0x58 c:/program files (x86)/atmel/atmel toolchain/avr32 gcc/native/3.4.1067/avr32-gnu-toolchain/bin/../lib/gcc/avr32/4.4.7/../../../../avr32/lib/ucr2\libc.a(lib_a-callocr.o)
                                 0x60 (size before relaxing)
                0x80013bc0                _calloc_r
 .text._close_r
                0x80013c18       0x20 c:/program files (x86)/atmel/atmel toolchain/avr32 gcc/native/3.4.1067/avr32-gnu-toolchain/bin/../lib/gcc/avr32/4.4.7/../../../../avr32/lib/ucr2\libc.a(lib_a-closer.o)
                                 0x28 (size before relaxing)
                0x80013c18                _close_r
 .text.__errno  0x80013c38        0xc c:/program files (x86)/atmel/atmel toolchain/avr32 gcc/native/3.4.1067/avr32-gnu-toolchain/bin/../lib/gcc/avr32/4.4.7/../../../../avr32/lib/ucr2\libc.a(lib_a-errno.o)
                0x80013c38                __errno
 .text._fclose_r
                0x80013c44       0xb8 c:/program files (x86)/atmel/atmel toolchain/avr32 gcc/native/3.4.1067/avr32-gnu-toolchain/bin/../lib/gcc/avr32/4.4.7/../../../../avr32/lib/ucr2\libc.a(lib_a-fclose.o)
                                 0xd0 (size before relaxing)
                0x80013c44                _fclose_r
 .text.fclose   0x80013cfc       0x10 c:/program files (x86)/atmel/atmel toolchain/avr32 gcc/native/3.4.1067/avr32-gnu-toolchain/bin/../lib/gcc/avr32/4.4.7/../../../../avr32/lib/ucr2\libc.a(lib_a-fclose.o)
                                 0x18 (size before relaxing)
                0x80013cfc                fclose
 .text._fstat_r
                0x80013d0c       0x24 c:/program files (x86)/atmel/atmel toolchain/avr32 gcc/native/3.4.1067/avr32-gnu-toolchain/bin/../lib/gcc/avr32/4.4.7/../../../../avr32/lib/ucr2\libc.a(lib_a-fstatr.o)
                                 0x2c (size before relaxing)
                0x80013d0c                _fstat_r
 .text._lseek_r
                0x80013d30       0x24 c:/program files (x86)/atmel/atmel toolchain/avr32 gcc/native/3.4.1067/avr32-gnu-toolchain/bin/../lib/gcc/avr32/4.4.7/../../../../avr32/lib/ucr2\libc.a(lib_a-lseekr.o)
                                 0x2c (size before relaxing)
                0x80013d30                _lseek_r
 .text._read_r  0x80013d54       0x24 c:/program files (x86)/atmel/atmel toolchain/avr32 gcc/native/3.4.1067/avr32-gnu-toolchain/bin/../lib/gcc/avr32/4.4.7/../../../../avr32/lib/ucr2\libc.a(lib_a-readr.o)
                                 0x2c (size before relaxing)
                0x80013d54                _read_r
 .text          0x80013d78      0x1d4 c:/program files (x86)/atmel/atmel toolchain/avr32 gcc/native/3.4.1067/avr32-gnu-toolchain/bin/../lib/gcc/avr32/4.4.7/ucr2\libgcc.a(_avr32_f64_mul.o)
                0x80013d78                __avr32_f64_mul
 .text          0x80013f4c      0x2b0 c:/program files (x86)/atmel/atmel toolchain/avr32 gcc/native/3.4.1067/avr32-gnu-toolchain/bin/../lib/gcc/avr32/4.4.7/ucr2\libgcc.a(_avr32_f64_addsub.o)
                0x80013f50                __avr32_f64_sub
                0x800140ec                __avr32_f64_add
 .text          0x800141fc       0x2a c:/program files (x86)/atmel/atmel toolchain/avr32 gcc/native/3.4.1067/avr32-gnu-toolchain/bin/../lib/gcc/avr32/4.4.7/ucr2\libgcc.a(_avr32_f64_to_s32.o)
                0x800141fc                __avr32_f64_to_u32
                0x80014200                __avr32_f64_to_s32
 .text          0x80014226       0xe8 c:/program files (x86)/atmel/atmel toolchain/avr32 gcc/native/3.4.1067/avr32-gnu-toolchain/bin/../lib/gcc/avr32/4.4.7/ucr2\libgcc.a(_avr32_s32_to_f64.o)
                0x80014226                __avr32_u32_to_f64
                0x8001422e                __avr32_s32_to_f64
 .text          0x8001430e       0x26 c:/program files (x86)/atmel/atmel toolchain/avr32 gcc/native/3.4.1067/avr32-gnu-toolchain/bin/../lib/gcc/avr32/4.4.7/ucr2\libgcc.a(_avr32_f64_cmp_eq.o)
                0x8001430e                __avr32_f64_cmp_eq
 .text          0x80014334       0x68 c:/program files (x86)/atmel/atmel toolchain/avr32 gcc/native/3.4.1067/avr32-gnu-toolchain/bin/../lib/gcc/avr32/4.4.7/ucr2\libgcc.a(_avr32_f64_cmp_ge.o)
                0x80014334                __avr32_f64_cmp_ge
 .text          0x8001439c       0x68 c:/program files (x86)/atmel/atmel toolchain/avr32 gcc/native/3.4.1067/avr32-gnu-toolchain/bin/../lib/gcc/avr32/4.4.7/ucr2\libgcc.a(_avr32_f64_cmp_lt.o)
                0x8001439c                __avr32_f64_cmp_lt
 .text          0x80014404      0x318 c:/program files (x86)/atmel/atmel toolchain/avr32 gcc/native/3.4.1067/avr32-gnu-toolchain/bin/../lib/gcc/avr32/4.4.7/ucr2\libgcc.a(_avr32_f64_div.o)
                0x80014404                __avr32_f64_div
 .text          0x8001471c      0x20c c:/program files (x86)/atmel/atmel toolchain/avr32 gcc/native/3.4.1067/avr32-gnu-toolchain/bin/../lib/gcc/avr32/4.4.7/ucr2\libgcc.a(_umoddi3.o)
                0x8001471c                __avr32_umod64
                0x8001471c                __umoddi3
 *(.text.*personality*)
 *(.gnu.warning)

.exception      0x80014a00      0x200
 .exception     0x80014a00      0x200 src/ASF/avr32/drivers/intc/exception.o
                0x80014a00                _evba
                0x80014b04                _int0
                0x80014b12                _int1
                0x80014b20                _int2
                0x80014b2e                _int3

.fini
 *(.fini)
                0x80014c00                PROVIDE (__etext, .)
                0x80014c00                PROVIDE (_etext, .)
                0x80014c00                PROVIDE (etext, .)

.rodata         0x80014c00      0x898
 *(.rodata .rodata.* .gnu.linkonce.r.*)
 .rodata.lun_desc
                0x80014c00       0x20 src/ASF/common/services/storage/ctrl_access/ctrl_access.o
 .rodata.const_FSI_LeadSig
                0x80014c20        0x4 src/ASF/avr32/services/fs/fat/fat_unusual.o
                0x80014c20                const_FSI_LeadSig
 .rodata.const_FSI_StrucSig
                0x80014c24        0x4 src/ASF/avr32/services/fs/fat/fat_unusual.o
                0x80014c24                const_FSI_StrucSig
 .rodata.fs_s_tab_incorrect_char
                0x80014c28        0x8 src/ASF/avr32/services/fs/fat/fat_unusual.o
                0x80014c28                fs_s_tab_incorrect_char
 .rodata.fs_s_execption_char
                0x80014c30        0x8 src/ASF/avr32/services/fs/fat/fat_unusual.o
                0x80014c30                fs_s_execption_char
 .rodata.AT45DBX_SPI_GPIO_MAP.10597
                0x80014c38       0x20 src/ASF/avr32/boards/evk1100/init.o
 .rodata.SD_MMC_SPI_GPIO_MAP.10598
                0x80014c58       0x20 src/ASF/avr32/boards/evk1100/init.o
 .rodata.TWI_GPIO_MAP.10599
                0x80014c78       0x10 src/ASF/avr32/boards/evk1100/init.o
 .rodata.COMPORT_GPIO_MAP.10600
                0x80014c88       0x10 src/ASF/avr32/boards/evk1100/init.o
 .rodata.COMPORT0_GPIO_MAP.10601
                0x80014c98       0x10 src/ASF/avr32/boards/evk1100/init.o
 .rodata.LED_DESCRIPTOR
                0x80014ca8       0x80 src/ASF/avr32/boards/evk1100/led.o
 .rodata._int_handler_table
                0x80014d28       0xa0 src/ASF/avr32/drivers/intc/intc.o
 .rodata.DIP204_SPI_GPIO_MAP.13080
                0x80014dc8       0x20 src/main.o
 .rodata.SD_MMC_SPI_GPIO_MAP.13060
                0x80014de8       0x20 src/main.o
 .rodata.tc_interrupt.13033
                0x80014e08        0x4 src/main.o
 .rodata._ctype_
                0x80014e0c      0x104 c:/program files (x86)/atmel/atmel toolchain/avr32 gcc/native/3.4.1067/avr32-gnu-toolchain/bin/../lib/gcc/avr32/4.4.7/../../../../avr32/lib/ucr2\libc.a(lib_a-ctype_.o)
                0x80014e0c                _ctype_
 .rodata.get_arg
                0x80014f10       0x3c c:/program files (x86)/atmel/atmel toolchain/avr32 gcc/native/3.4.1067/avr32-gnu-toolchain/bin/../lib/gcc/avr32/4.4.7/../../../../avr32/lib/ucr2\libc.a(lib_a-vfprintf.o)
 .rodata._vfprintf_r
                0x80014f4c      0x164 c:/program files (x86)/atmel/atmel toolchain/avr32 gcc/native/3.4.1067/avr32-gnu-toolchain/bin/../lib/gcc/avr32/4.4.7/../../../../avr32/lib/ucr2\libc.a(lib_a-vfprintf.o)
 .rodata.state_table
                0x800150b0       0x6c c:/program files (x86)/atmel/atmel toolchain/avr32 gcc/native/3.4.1067/avr32-gnu-toolchain/bin/../lib/gcc/avr32/4.4.7/../../../../avr32/lib/ucr2\libc.a(lib_a-vfprintf.o)
 .rodata.action_table
                0x8001511c       0x6c c:/program files (x86)/atmel/atmel toolchain/avr32 gcc/native/3.4.1067/avr32-gnu-toolchain/bin/../lib/gcc/avr32/4.4.7/../../../../avr32/lib/ucr2\libc.a(lib_a-vfprintf.o)
 .rodata.str1.4
                0x80015188       0x3a c:/program files (x86)/atmel/atmel toolchain/avr32 gcc/native/3.4.1067/avr32-gnu-toolchain/bin/../lib/gcc/avr32/4.4.7/../../../../avr32/lib/ucr2\libc.a(lib_a-vfprintf.o)
                                 0x3c (size before relaxing)
 *fill*         0x800151c2        0x2 
 .rodata.blanks.3430
                0x800151c4       0x10 c:/program files (x86)/atmel/atmel toolchain/avr32 gcc/native/3.4.1067/avr32-gnu-toolchain/bin/../lib/gcc/avr32/4.4.7/../../../../avr32/lib/ucr2\libc.a(lib_a-vfprintf.o)
 .rodata.zeroes.3431
                0x800151d4       0x10 c:/program files (x86)/atmel/atmel toolchain/avr32 gcc/native/3.4.1067/avr32-gnu-toolchain/bin/../lib/gcc/avr32/4.4.7/../../../../avr32/lib/ucr2\libc.a(lib_a-vfprintf.o)
 .rodata.chclass
                0x800151e4      0x100 c:/program files (x86)/atmel/atmel toolchain/avr32 gcc/native/3.4.1067/avr32-gnu-toolchain/bin/../lib/gcc/avr32/4.4.7/../../../../avr32/lib/ucr2\libc.a(lib_a-vfprintf.o)
 .rodata.str1.4
                0x800152e4       0x10 c:/program files (x86)/atmel/atmel toolchain/avr32 gcc/native/3.4.1067/avr32-gnu-toolchain/bin/../lib/gcc/avr32/4.4.7/../../../../avr32/lib/ucr2\libc.a(lib_a-dtoa.o)
                                 0x14 (size before relaxing)
 .rodata.__sf_fake_stdin
                0x800152f4       0x20 c:/program files (x86)/atmel/atmel toolchain/avr32 gcc/native/3.4.1067/avr32-gnu-toolchain/bin/../lib/gcc/avr32/4.4.7/../../../../avr32/lib/ucr2\libc.a(lib_a-findfp.o)
                0x800152f4                __sf_fake_stdin
 .rodata.__sf_fake_stdout
                0x80015314       0x20 c:/program files (x86)/atmel/atmel toolchain/avr32 gcc/native/3.4.1067/avr32-gnu-toolchain/bin/../lib/gcc/avr32/4.4.7/../../../../avr32/lib/ucr2\libc.a(lib_a-findfp.o)
                0x80015314                __sf_fake_stdout
 .rodata.__sf_fake_stderr
                0x80015334       0x20 c:/program files (x86)/atmel/atmel toolchain/avr32 gcc/native/3.4.1067/avr32-gnu-toolchain/bin/../lib/gcc/avr32/4.4.7/../../../../avr32/lib/ucr2\libc.a(lib_a-findfp.o)
                0x80015334                __sf_fake_stderr
 .rodata.str1.4
                0x80015354        0x2 c:/program files (x86)/atmel/atmel toolchain/avr32 gcc/native/3.4.1067/avr32-gnu-toolchain/bin/../lib/gcc/avr32/4.4.7/../../../../avr32/lib/ucr2\libc.a(lib_a-impure.o)
                                  0x4 (size before relaxing)
 *fill*         0x80015356        0x2 
 .rodata._global_impure_ptr
                0x80015358        0x4 c:/program files (x86)/atmel/atmel toolchain/avr32 gcc/native/3.4.1067/avr32-gnu-toolchain/bin/../lib/gcc/avr32/4.4.7/../../../../avr32/lib/ucr2\libc.a(lib_a-impure.o)
                0x80015358                _global_impure_ptr
 .rodata.lconv  0x8001535c       0x30 c:/program files (x86)/atmel/atmel toolchain/avr32 gcc/native/3.4.1067/avr32-gnu-toolchain/bin/../lib/gcc/avr32/4.4.7/../../../../avr32/lib/ucr2\libc.a(lib_a-locale.o)
 .rodata.str1.4
                0x8001538c       0x10 c:/program files (x86)/atmel/atmel toolchain/avr32 gcc/native/3.4.1067/avr32-gnu-toolchain/bin/../lib/gcc/avr32/4.4.7/../../../../avr32/lib/ucr2\libc.a(lib_a-locale.o)
                                 0x18 (size before relaxing)
 .rodata.p05.2471
                0x8001539c        0xc c:/program files (x86)/atmel/atmel toolchain/avr32 gcc/native/3.4.1067/avr32-gnu-toolchain/bin/../lib/gcc/avr32/4.4.7/../../../../avr32/lib/ucr2\libc.a(lib_a-mprec.o)
 .rodata.__mprec_tens
                0x800153a8       0xc8 c:/program files (x86)/atmel/atmel toolchain/avr32 gcc/native/3.4.1067/avr32-gnu-toolchain/bin/../lib/gcc/avr32/4.4.7/../../../../avr32/lib/ucr2\libc.a(lib_a-mprec.o)
                0x800153a8                __mprec_tens
 .rodata.__mprec_bigtens
                0x80015470       0x28 c:/program files (x86)/atmel/atmel toolchain/avr32 gcc/native/3.4.1067/avr32-gnu-toolchain/bin/../lib/gcc/avr32/4.4.7/../../../../avr32/lib/ucr2\libc.a(lib_a-mprec.o)
                0x80015470                __mprec_bigtens

.rodata1
 *(.rodata1)

.eh_frame_hdr
 *(.eh_frame_hdr)

.eh_frame
 *(.eh_frame)

.gcc_except_table
 *(.gcc_except_table)
 *(.gcc_except_table.*)

.lalign         0x80015498        0x0
                0x80015498                . = ALIGN (0x8)
                0x80015498                PROVIDE (_data_lma, .)
                0x00000004                . = ORIGIN (INTRAM)

.dalign         0x00000004        0x4
                0x00000008                . = ALIGN (0x8)
 *fill*         0x00000004        0x4 
                0x00000008                PROVIDE (_data, .)

.eh_frame
 *(.eh_frame)

.gcc_except_table
 *(.gcc_except_table)
 *(.gcc_except_table.*)

.tdata
 *(.tdata .tdata.* .gnu.linkonce.td.*)

.tbss
 *(.tbss .tbss.* .gnu.linkonce.tb.*)
 *(.tcommon)
                0x00000008                PROVIDE (__preinit_array_start, ALIGN (0x4))

.preinit_array
 *(.preinit_array)
                0x00000008                PROVIDE (__preinit_array_end, .)
                0x00000008                PROVIDE (__init_array_start, .)

.init_array
 *(.init_array)
                0x00000008                PROVIDE (__init_array_end, .)
                0x00000008                PROVIDE (__fini_array_start, .)

.fini_array
 *(.fini_array)
                0x00000008                PROVIDE (__fini_array_end, .)

.ctors
 *crtbegin*.o(.ctors)
 *(EXCLUDE_FILE(*crtend*.o) .ctors)
 *(SORT(.ctors.*))
 *(.ctors)

.dtors
 *crtbegin*.o(.dtors)
 *(EXCLUDE_FILE(*crtend*.o) .dtors)
 *(SORT(.dtors.*))
 *(.dtors)

.jcr
 *(.jcr)

.data.rel.ro
 *(.data.rel.ro.local)
 *(.data.rel.ro*)

.dynamic
 *(.dynamic)

.got
 *(.got.plt)
 *(.got)

.ramtext
 *(.ramtext .ramtext.*)

.ddalign        0x00000008        0x0 load address 0x80015498
                0x00000008                . = ALIGN (0x8)

.data           0x00000008      0x5dc load address 0x80015498
 *(.data .data.* .gnu.linkonce.d.*)
 .data.channel_id
                0x00000008        0x4 src/ASF/avr32/components/display/dip204/dip204.o
 .data.udi_api_cdc_comm
                0x0000000c       0x14 src/ASF/common/services/usb/class/cdc/device/udi_cdc.o
                0x0000000c                udi_api_cdc_comm
 .data.udi_api_cdc_data
                0x00000020       0x14 src/ASF/common/services/usb/class/cdc/device/udi_cdc.o
                0x00000020                udi_api_cdc_data
 .data.udc_string_desc_languageid
                0x00000034        0x4 src/ASF/common/services/usb/udc/udc.o
 .data.udc_string_desc
                0x00000038        0x4 src/ASF/common/services/usb/udc/udc.o
 .data.udc_device_desc
                0x0000003c       0x14 src/ASF/common/services/usb/class/cdc/device/udi_cdc_desc.o
                0x0000003c                udc_device_desc
 .data.udc_desc_fs
                0x00000050       0x44 src/ASF/common/services/usb/class/cdc/device/udi_cdc_desc.o
                0x00000050                udc_desc_fs
 .data.udi_apis
                0x00000094        0x8 src/ASF/common/services/usb/class/cdc/device/udi_cdc_desc.o
                0x00000094                udi_apis
 .data.udc_config_fs
                0x0000009c        0x8 src/ASF/common/services/usb/class/cdc/device/udi_cdc_desc.o
                0x0000009c                udc_config_fs
 .data.udc_config
                0x000000a4        0xc src/ASF/common/services/usb/class/cdc/device/udi_cdc_desc.o
                0x000000a4                udc_config
 .data.sd_mmc_spi_presence_status
                0x000000b0        0x1 src/ASF/avr32/components/memory/sd_mmc/sd_mmc_spi/sd_mmc_spi_mem.o
                0x000000b0                sd_mmc_spi_presence_status
 *fill*         0x000000b1        0x3 
 .data.LED_State
                0x000000b4        0x4 src/ASF/avr32/boards/evk1100/led.o
 .data.erm_sd_mmc_spiOptions
                0x000000b8       0x10 src/main.o
                0x000000b8                erm_sd_mmc_spiOptions
 .data.erm_lcd_spiOptions
                0x000000c8       0x10 src/main.o
                0x000000c8                erm_lcd_spiOptions
 .data.update_identifier
                0x000000d8        0x1 src/main.o
                0x000000d8                update_identifier
 *fill*         0x000000d9        0x3 
 .data.__ctype_ptr
                0x000000dc        0x4 c:/program files (x86)/atmel/atmel toolchain/avr32 gcc/native/3.4.1067/avr32-gnu-toolchain/bin/../lib/gcc/avr32/4.4.7/../../../../avr32/lib/ucr2\libc.a(lib_a-ctype_.o)
                0x000000dc                __ctype_ptr
 .data.impure_data
                0x000000e0       0xf0 c:/program files (x86)/atmel/atmel toolchain/avr32 gcc/native/3.4.1067/avr32-gnu-toolchain/bin/../lib/gcc/avr32/4.4.7/../../../../avr32/lib/ucr2\libc.a(lib_a-impure.o)
 .data._impure_ptr
                0x000001d0        0x4 c:/program files (x86)/atmel/atmel toolchain/avr32 gcc/native/3.4.1067/avr32-gnu-toolchain/bin/../lib/gcc/avr32/4.4.7/../../../../avr32/lib/ucr2\libc.a(lib_a-impure.o)
                0x000001d0                _impure_ptr
 .data.__malloc_av_
                0x000001d4      0x408 c:/program files (x86)/atmel/atmel toolchain/avr32 gcc/native/3.4.1067/avr32-gnu-toolchain/bin/../lib/gcc/avr32/4.4.7/../../../../avr32/lib/ucr2\libc.a(lib_a-mallocr.o)
                0x000001d4                __malloc_av_
 .data.__malloc_trim_threshold
                0x000005dc        0x4 c:/program files (x86)/atmel/atmel toolchain/avr32 gcc/native/3.4.1067/avr32-gnu-toolchain/bin/../lib/gcc/avr32/4.4.7/../../../../avr32/lib/ucr2\libc.a(lib_a-mallocr.o)
                0x000005dc                __malloc_trim_threshold
 .data.__malloc_sbrk_base
                0x000005e0        0x4 c:/program files (x86)/atmel/atmel toolchain/avr32 gcc/native/3.4.1067/avr32-gnu-toolchain/bin/../lib/gcc/avr32/4.4.7/../../../../avr32/lib/ucr2\libc.a(lib_a-mallocr.o)
                0x000005e0                __malloc_sbrk_base
 *(.gnu.linkonce.d.*personality*)

.data1
 *(.data1)

.balign         0x000005e4        0x4 load address 0x80015a74
                0x000005e8                . = ALIGN (0x8)
 *fill*         0x000005e4        0x4 
                0x000005e8                PROVIDE (_edata, .)
                0x000005e8                PROVIDE (edata, .)
                0x000005e8                __bss_start = .

.bss            0x000005e8      0x890
 *(.dynbss)
 *(.bss .bss.* .gnu.linkonce.b.*)
 .bss.pwm_duty  0x000005e8        0x2 src/ASF/avr32/components/display/dip204/dip204.o
 *fill*         0x000005ea        0x2 
 .bss.pwm_channel
                0x000005ec       0x20 src/ASF/avr32/components/display/dip204/dip204.o
 .bss.gl_ptr_mem
                0x0000060c        0x4 src/ASF/avr32/components/memory/sd_mmc/sd_mmc_spi/sd_mmc_spi.o
 .bss.sd_mmc_opt
                0x00000610       0x10 src/ASF/avr32/components/memory/sd_mmc/sd_mmc_spi/sd_mmc_spi.o
 .bss.sd_mmc_pba_hz
                0x00000620        0x4 src/ASF/avr32/components/memory/sd_mmc/sd_mmc_spi/sd_mmc_spi.o
 .bss.sd_mmc_spi_init_done
                0x00000624        0x1 src/ASF/avr32/components/memory/sd_mmc/sd_mmc_spi/sd_mmc_spi.o
                0x00000624                sd_mmc_spi_init_done
 .bss.udd_b_idle
                0x00000625        0x1 src/ASF/avr32/drivers/usbb/usbb_device.o
 *fill*         0x00000626        0x2 
 .bss.udd_ep_control_state
                0x00000628        0x4 src/ASF/avr32/drivers/usbb/usbb_device.o
 .bss.udd_ctrl_prev_payload_nb_trans
                0x0000062c        0x2 src/ASF/avr32/drivers/usbb/usbb_device.o
 .bss.udd_ctrl_payload_nb_trans
                0x0000062e        0x2 src/ASF/avr32/drivers/usbb/usbb_device.o
 .bss.udd_ep_job
                0x00000630       0x3c src/ASF/avr32/drivers/usbb/usbb_device.o
 .bss.b_shortpacket.12519
                0x0000066c        0x1 src/ASF/avr32/drivers/usbb/usbb_device.o
 *fill*         0x0000066d        0x3 
 .bss.udi_cdc_line_coding
                0x00000670        0x8 src/ASF/common/services/usb/class/cdc/device/udi_cdc.o
 .bss.udi_cdc_state
                0x00000678        0x2 src/ASF/common/services/usb/class/cdc/device/udi_cdc.o
 *fill*         0x0000067a        0x2 
 .bss.uid_cdc_state_msg
                0x0000067c        0xc src/ASF/common/services/usb/class/cdc/device/udi_cdc.o
 .bss.udi_cdc_nb_comm_enabled
                0x00000688        0x1 src/ASF/common/services/usb/class/cdc/device/udi_cdc.o
 .bss.udi_cdc_nb_data_enabled
                0x00000689        0x1 src/ASF/common/services/usb/class/cdc/device/udi_cdc.o
 .bss.udi_cdc_data_running
                0x0000068a        0x1 src/ASF/common/services/usb/class/cdc/device/udi_cdc.o
 *fill*         0x0000068b        0x1 
 .bss.udi_cdc_rx_buf
                0x0000068c       0x80 src/ASF/common/services/usb/class/cdc/device/udi_cdc.o
 .bss.udi_cdc_rx_buf_nb
                0x0000070c        0x4 src/ASF/common/services/usb/class/cdc/device/udi_cdc.o
 .bss.udi_cdc_rx_buf_sel
                0x00000710        0x4 src/ASF/common/services/usb/class/cdc/device/udi_cdc.o
 .bss.udi_cdc_rx_pos
                0x00000714        0x2 src/ASF/common/services/usb/class/cdc/device/udi_cdc.o
 *fill*         0x00000716        0x2 
 .bss.udi_cdc_rx_trans_ongoing
                0x00000718        0x4 src/ASF/common/services/usb/class/cdc/device/udi_cdc.o
 .bss.udi_cdc_tx_buf
                0x0000071c       0x80 src/ASF/common/services/usb/class/cdc/device/udi_cdc.o
 .bss.udi_cdc_tx_buf_nb
                0x0000079c        0x4 src/ASF/common/services/usb/class/cdc/device/udi_cdc.o
 .bss.udi_cdc_tx_buf_sel
                0x000007a0        0x4 src/ASF/common/services/usb/class/cdc/device/udi_cdc.o
 .bss.udi_cdc_tx_sof_num
                0x000007a4        0x2 src/ASF/common/services/usb/class/cdc/device/udi_cdc.o
 *fill*         0x000007a6        0x2 
 .bss.udi_cdc_tx_trans_ongoing
                0x000007a8        0x4 src/ASF/common/services/usb/class/cdc/device/udi_cdc.o
 .bss.udi_cdc_tx_both_buf_to_send
                0x000007ac        0x4 src/ASF/common/services/usb/class/cdc/device/udi_cdc.o
 .bss.sof_zlp_counter.11351
                0x000007b0        0x2 src/ASF/common/services/usb/class/cdc/device/udi_cdc.o
 .bss.port_notify.11162
                0x000007b2        0x1 src/ASF/common/services/usb/class/cdc/device/udi_cdc.o
 *fill*         0x000007b3        0x1 
 .bss.udc_device_status
                0x000007b4        0x2 src/ASF/common/services/usb/udc/udc.o
 *fill*         0x000007b6        0x2 
 .bss.udc_iface_setting
                0x000007b8        0x4 src/ASF/common/services/usb/udc/udc.o
 .bss.udc_num_configuration
                0x000007bc        0x4 src/ASF/common/services/usb/udc/udc.o
 .bss.udc_ptr_conf
                0x000007c0        0x4 src/ASF/common/services/usb/udc/udc.o
 .bss.udc_ptr_iface
                0x000007c4        0x4 src/ASF/common/services/usb/udc/udc.o
 .bss.udc_ep_status.10961
                0x000007c8        0x2 src/ASF/common/services/usb/udc/udc.o
 .bss.sysclk_pbb_refcount
                0x000007ca        0x1 src/ASF/common/services/clock/uc3a0_a1/sysclk.o
 *fill*         0x000007cb        0x1 
 .bss._int_line_handler_table_0
                0x000007cc        0x4 src/ASF/avr32/drivers/intc/intc.o
 .bss._int_line_handler_table_1
                0x000007d0       0x2c src/ASF/avr32/drivers/intc/intc.o
 .bss._int_line_handler_table_2
                0x000007fc       0x38 src/ASF/avr32/drivers/intc/intc.o
 .bss._int_line_handler_table_3
                0x00000834       0x3c src/ASF/avr32/drivers/intc/intc.o
 .bss._int_line_handler_table_4
                0x00000870        0x4 src/ASF/avr32/drivers/intc/intc.o
 .bss._int_line_handler_table_5
                0x00000874        0x4 src/ASF/avr32/drivers/intc/intc.o
 .bss._int_line_handler_table_6
                0x00000878        0x4 src/ASF/avr32/drivers/intc/intc.o
 .bss._int_line_handler_table_7
                0x0000087c        0x4 src/ASF/avr32/drivers/intc/intc.o
 .bss._int_line_handler_table_8
                0x00000880        0x4 src/ASF/avr32/drivers/intc/intc.o
 .bss._int_line_handler_table_9
                0x00000884        0x4 src/ASF/avr32/drivers/intc/intc.o
 .bss._int_line_handler_table_10
                0x00000888        0x4 src/ASF/avr32/drivers/intc/intc.o
 .bss._int_line_handler_table_11
                0x0000088c        0x4 src/ASF/avr32/drivers/intc/intc.o
 .bss._int_line_handler_table_12
                0x00000890        0x4 src/ASF/avr32/drivers/intc/intc.o
 .bss._int_line_handler_table_13
                0x00000894        0x4 src/ASF/avr32/drivers/intc/intc.o
 .bss._int_line_handler_table_14
                0x00000898        0xc src/ASF/avr32/drivers/intc/intc.o
 .bss._int_line_handler_table_15