Archive member included because of file (symbol)

c:/program files (x86)/atmel/atmel toolchain/avr32 gcc/native/3.4.1067/avr32-gnu-toolchain/bin/../lib/gcc/avr32/4.4.7/../../../../avr32/lib/ucr2\libc.a(lib_a-memcpy.o)
                              src/ASF/avr32/components/memory/sd_mmc/sd_mmc_spi/sd_mmc_spi.o (memcpy)

Allocating common symbols
Common symbol       size              file

data_mem            0x201             src/ASF/avr32/components/memory/sd_mmc/sd_mmc_spi/sd_mmc_spi.o
end_of_transfer     0x1               src/main.o
capacity            0x8               src/ASF/avr32/components/memory/sd_mmc/sd_mmc_spi/sd_mmc_spi.o
pdca_channeltx      0x4               src/main.o
pdca_channelrx      0x4               src/main.o
ram_buffer          0x3e8             src/main.o
capacity_mult       0x2               src/ASF/avr32/components/memory/sd_mmc/sd_mmc_spi/sd_mmc_spi.o
erase_group_size    0x2               src/ASF/avr32/components/memory/sd_mmc/sd_mmc_spi/sd_mmc_spi.o
sd_mmc_spi_last_block_address
                    0x4               src/ASF/avr32/components/memory/sd_mmc/sd_mmc_spi/sd_mmc_spi.o
r2                  0x2               src/ASF/avr32/components/memory/sd_mmc/sd_mmc_spi/sd_mmc_spi.o
card_type           0x1               src/ASF/avr32/components/memory/sd_mmc/sd_mmc_spi/sd_mmc_spi.o
csd                 0x10              src/ASF/avr32/components/memory/sd_mmc/sd_mmc_spi/sd_mmc_spi.o
r1                  0x1               src/ASF/avr32/components/memory/sd_mmc/sd_mmc_spi/sd_mmc_spi.o

Discarded input sections

 .text          0x00000000        0x0 src/ASF/avr32/components/memory/sd_mmc/sd_mmc_spi/sd_mmc_spi.o
 .data          0x00000000        0x0 src/ASF/avr32/components/memory/sd_mmc/sd_mmc_spi/sd_mmc_spi.o
 .bss           0x00000000        0x0 src/ASF/avr32/components/memory/sd_mmc/sd_mmc_spi/sd_mmc_spi.o
 .bss.gl_ptr_mem
                0x00000000        0x4 src/ASF/avr32/components/memory/sd_mmc/sd_mmc_spi/sd_mmc_spi.o
 .bss.sector_buf
                0x00000000      0x200 src/ASF/avr32/components/memory/sd_mmc/sd_mmc_spi/sd_mmc_spi.o
 .text.sd_mmc_spi_get_cid
                0x00000000      0x148 src/ASF/avr32/components/memory/sd_mmc/sd_mmc_spi/sd_mmc_spi.o
 .text.sd_mmc_spi_get_status
                0x00000000      0x10c src/ASF/avr32/components/memory/sd_mmc/sd_mmc_spi/sd_mmc_spi.o
 .text.is_sd_mmc_spi_write_pwd_locked
                0x00000000       0x60 src/ASF/avr32/components/memory/sd_mmc/sd_mmc_spi/sd_mmc_spi.o
 .text.sd_mmc_spi_lock_operation
                0x00000000      0x260 src/ASF/avr32/components/memory/sd_mmc/sd_mmc_spi/sd_mmc_spi.o
 .text.sd_mmc_spi_read_open
                0x00000000       0x30 src/ASF/avr32/components/memory/sd_mmc/sd_mmc_spi/sd_mmc_spi.o
 .text.sd_mmc_spi_read_close
                0x00000000       0x24 src/ASF/avr32/components/memory/sd_mmc/sd_mmc_spi/sd_mmc_spi.o
 .text.sd_mmc_spi_write_open
                0x00000000       0x30 src/ASF/avr32/components/memory/sd_mmc/sd_mmc_spi/sd_mmc_spi.o
 .text.sd_mmc_spi_write_close
                0x00000000        0xa src/ASF/avr32/components/memory/sd_mmc/sd_mmc_spi/sd_mmc_spi.o
 .text.sd_mmc_spi_read_multiple_sector
                0x00000000       0x50 src/ASF/avr32/components/memory/sd_mmc/sd_mmc_spi/sd_mmc_spi.o
 .text.sd_mmc_spi_write_multiple_sector
                0x00000000       0x50 src/ASF/avr32/components/memory/sd_mmc/sd_mmc_spi/sd_mmc_spi.o
 .text.sd_mmc_spi_erase_sector_group
                0x00000000      0x174 src/ASF/avr32/components/memory/sd_mmc/sd_mmc_spi/sd_mmc_spi.o
 .text.sd_mmc_spi_read_close_PDCA
                0x00000000       0x4c src/ASF/avr32/components/memory/sd_mmc/sd_mmc_spi/sd_mmc_spi.o
 .text.sd_mmc_spi_read_open_PDCA
                0x00000000      0x11c src/ASF/avr32/components/memory/sd_mmc/sd_mmc_spi/sd_mmc_spi.o
 .text.sd_mmc_spi_read_sector_to_ram
                0x00000000      0x1b4 src/ASF/avr32/components/memory/sd_mmc/sd_mmc_spi/sd_mmc_spi.o
 .text.sd_mmc_spi_write_sector_from_ram
                0x00000000      0x1b4 src/ASF/avr32/components/memory/sd_mmc/sd_mmc_spi/sd_mmc_spi.o
 .text          0x00000000        0x0 src/ASF/avr32/drivers/ebi/sdramc/sdramc.o
 .data          0x00000000        0x0 src/ASF/avr32/drivers/ebi/sdramc/sdramc.o
 .bss           0x00000000        0x0 src/ASF/avr32/drivers/ebi/sdramc/sdramc.o
 .text.sdram_enter_self_refresh
                0x00000000       0x12 src/ASF/avr32/drivers/ebi/sdramc/sdramc.o
 .text.sdram_exit_self_refresh
                0x00000000       0x12 src/ASF/avr32/drivers/ebi/sdramc/sdramc.o
 .text          0x00000000        0x0 src/ASF/avr32/drivers/pm/pm.o
 .data          0x00000000        0x0 src/ASF/avr32/drivers/pm/pm.o
 .bss           0x00000000        0x0 src/ASF/avr32/drivers/pm/pm.o
 .text.cpu_irq_is_enabled_flags
                0x00000000       0x20 src/ASF/avr32/drivers/pm/pm.o
 .text.pm_enable_osc0_ext_clock
                0x00000000       0x20 src/ASF/avr32/drivers/pm/pm.o
 .text.pm_disable_clk0
                0x00000000       0x22 src/ASF/avr32/drivers/pm/pm.o
 .text.pm_set_osc1_mode
                0x00000000       0x4a src/ASF/avr32/drivers/pm/pm.o
 .text.pm_enable_osc1_ext_clock
                0x00000000       0x20 src/ASF/avr32/drivers/pm/pm.o
 .text.pm_enable_osc1_crystal
                0x00000000       0x64 src/ASF/avr32/drivers/pm/pm.o
 .text.pm_enable_clk1
                0x00000000       0x34 src/ASF/avr32/drivers/pm/pm.o
 .text.pm_disable_clk1
                0x00000000       0x22 src/ASF/avr32/drivers/pm/pm.o
 .text.pm_enable_clk1_no_wait
                0x00000000       0x5a src/ASF/avr32/drivers/pm/pm.o
 .text.pm_wait_for_clk1_ready
                0x00000000       0x1e src/ASF/avr32/drivers/pm/pm.o
 .text.pm_set_osc32_mode
                0x00000000       0x4a src/ASF/avr32/drivers/pm/pm.o
 .text.pm_enable_osc32_ext_clock
                0x00000000       0x20 src/ASF/avr32/drivers/pm/pm.o
 .text.pm_enable_osc32_crystal
                0x00000000       0x20 src/ASF/avr32/drivers/pm/pm.o
 .text.pm_enable_clk32
                0x00000000       0x34 src/ASF/avr32/drivers/pm/pm.o
 .text.pm_disable_clk32
                0x00000000       0x22 src/ASF/avr32/drivers/pm/pm.o
 .text.pm_enable_clk32_no_wait
                0x00000000       0x58 src/ASF/avr32/drivers/pm/pm.o
 .text.pm_wait_for_clk32_ready
                0x00000000       0x1e src/ASF/avr32/drivers/pm/pm.o
 .text.pm_cksel_get
                0x00000000       0x22 src/ASF/avr32/drivers/pm/pm.o
 .text.pm_cksel_set
                0x00000000       0x2c src/ASF/avr32/drivers/pm/pm.o
 .text.pm_gc_setup
                0x00000000       0x94 src/ASF/avr32/drivers/pm/pm.o
 .text.pm_gc_enable
                0x00000000       0x36 src/ASF/avr32/drivers/pm/pm.o
 .text.pm_gc_disable
                0x00000000       0x36 src/ASF/avr32/drivers/pm/pm.o
 .text.pm_pll_get_option
                0x00000000       0x2c src/ASF/avr32/drivers/pm/pm.o
 .text.pm_pll_disable
                0x00000000       0x36 src/ASF/avr32/drivers/pm/pm.o
 .text.pm_wait_for_pll1_locked
                0x00000000       0x1e src/ASF/avr32/drivers/pm/pm.o
 .text.pm_get_clock
                0x00000000       0x2e src/ASF/avr32/drivers/pm/pm.o
 .text.pm_bod_enable_irq
                0x00000000       0x1e src/ASF/avr32/drivers/pm/pm.o
 .text.pm_bod_disable_irq
                0x00000000       0x54 src/ASF/avr32/drivers/pm/pm.o
 .text.pm_bod_clear_irq
                0x00000000       0x1e src/ASF/avr32/drivers/pm/pm.o
 .text.pm_bod_get_irq_status
                0x00000000       0x20 src/ASF/avr32/drivers/pm/pm.o
 .text.pm_bod_get_irq_enable_bit
                0x00000000       0x20 src/ASF/avr32/drivers/pm/pm.o
 .text.pm_bod_get_level
                0x00000000       0x20 src/ASF/avr32/drivers/pm/pm.o
 .text.pm_read_gplp
                0x00000000       0x26 src/ASF/avr32/drivers/pm/pm.o
 .text.pm_write_gplp
                0x00000000       0x2c src/ASF/avr32/drivers/pm/pm.o
 .text.pm_enable_module
                0x00000000       0x56 src/ASF/avr32/drivers/pm/pm.o
 .text.pm_disable_module
                0x00000000       0x58 src/ASF/avr32/drivers/pm/pm.o
 .text          0x00000000        0x0 src/ASF/avr32/drivers/pm/pm_conf_clocks.o
 .data          0x00000000        0x0 src/ASF/avr32/drivers/pm/pm_conf_clocks.o
 .bss           0x00000000        0x0 src/ASF/avr32/drivers/pm/pm_conf_clocks.o
 .text.pm_configure_usb_clock
                0x00000000       0x7c src/ASF/avr32/drivers/pm/pm_conf_clocks.o
 .text          0x00000000        0x0 src/ASF/avr32/drivers/pm/power_clocks_lib.o
 .data          0x00000000        0x0 src/ASF/avr32/drivers/pm/power_clocks_lib.o
 .bss           0x00000000        0x0 src/ASF/avr32/drivers/pm/power_clocks_lib.o
 .debug_abbrev  0x00000000      0x1e4 src/ASF/avr32/drivers/pm/power_clocks_lib.o
 .debug_info    0x00000000      0xf7e src/ASF/avr32/drivers/pm/power_clocks_lib.o
 .debug_line    0x00000000      0x744 src/ASF/avr32/drivers/pm/power_clocks_lib.o
 .debug_macinfo
                0x00000000    0xec5f7 src/ASF/avr32/drivers/pm/power_clocks_lib.o
 .text.pcl_configure_clocks
                0x00000000       0x24 src/ASF/avr32/drivers/pm/power_clocks_lib.o
 .text.pcl_switch_to_osc
                0x00000000       0x40 src/ASF/avr32/drivers/pm/power_clocks_lib.o
 .text.pcl_configure_usb_clock
                0x00000000       0x18 src/ASF/avr32/drivers/pm/power_clocks_lib.o
 .text.pcl_write_gplp
                0x00000000       0x2c src/ASF/avr32/drivers/pm/power_clocks_lib.o
 .text.pcl_read_gplp
                0x00000000       0x28 src/ASF/avr32/drivers/pm/power_clocks_lib.o
 .debug_frame   0x00000000       0x9c src/ASF/avr32/drivers/pm/power_clocks_lib.o
 .debug_loc     0x00000000       0xd7 src/ASF/avr32/drivers/pm/power_clocks_lib.o
 .debug_pubnames
                0x00000000       0x82 src/ASF/avr32/drivers/pm/power_clocks_lib.o
 .debug_aranges
                0x00000000       0x40 src/ASF/avr32/drivers/pm/power_clocks_lib.o
 .debug_ranges  0x00000000       0x38 src/ASF/avr32/drivers/pm/power_clocks_lib.o
 .debug_str     0x00000000      0x579 src/ASF/avr32/drivers/pm/power_clocks_lib.o
 .comment       0x00000000       0x31 src/ASF/avr32/drivers/pm/power_clocks_lib.o
 .text          0x00000000        0x0 src/ASF/avr32/drivers/flashc/flashc.o
 .data          0x00000000        0x0 src/ASF/avr32/drivers/flashc/flashc.o
 .bss           0x00000000        0x0 src/ASF/avr32/drivers/flashc/flashc.o
 .text.flashc_get_flash_size
                0x00000000       0x44 src/ASF/avr32/drivers/flashc/flashc.o
 .text.flashc_get_page_count
                0x00000000       0x18 src/ASF/avr32/drivers/flashc/flashc.o
 .text.flashc_get_page_count_per_region
                0x00000000       0x18 src/ASF/avr32/drivers/flashc/flashc.o
 .text.flashc_get_page_region
                0x00000000       0x3c src/ASF/avr32/drivers/flashc/flashc.o
 .text.flashc_get_region_first_page_number
                0x00000000       0x28 src/ASF/avr32/drivers/flashc/flashc.o
 .text.flashc_get_wait_state
                0x00000000       0x18 src/ASF/avr32/drivers/flashc/flashc.o
 .text.flashc_set_bus_freq
                0x00000000       0x38 src/ASF/avr32/drivers/flashc/flashc.o
 .text.flashc_is_ready_int_enabled
                0x00000000       0x18 src/ASF/avr32/drivers/flashc/flashc.o
 .text.flashc_enable_ready_int
                0x00000000       0x3e src/ASF/avr32/drivers/flashc/flashc.o
 .text.flashc_is_lock_error_int_enabled
                0x00000000       0x1a src/ASF/avr32/drivers/flashc/flashc.o
 .text.flashc_enable_lock_error_int
                0x00000000       0x3e src/ASF/avr32/drivers/flashc/flashc.o
 .text.flashc_is_prog_error_int_enabled
                0x00000000       0x1a src/ASF/avr32/drivers/flashc/flashc.o
 .text.flashc_enable_prog_error_int
                0x00000000       0x3e src/ASF/avr32/drivers/flashc/flashc.o
 .text.flashc_is_ready
                0x00000000       0x18 src/ASF/avr32/drivers/flashc/flashc.o
 .text.flashc_default_wait_until_ready
                0x00000000       0x1c src/ASF/avr32/drivers/flashc/flashc.o
 .data.flashc_wait_until_ready
                0x00000000        0x4 src/ASF/avr32/drivers/flashc/flashc.o
 .text.flashc_get_error_status
                0x00000000       0x16 src/ASF/avr32/drivers/flashc/flashc.o
 .bss.flashc_error_status
                0x00000000        0x4 src/ASF/avr32/drivers/flashc/flashc.o
 .text.flashc_is_lock_error
                0x00000000       0x1c src/ASF/avr32/drivers/flashc/flashc.o
 .text.flashc_is_programming_error
                0x00000000       0x1c src/ASF/avr32/drivers/flashc/flashc.o
 .text.flashc_get_command
                0x00000000       0x16 src/ASF/avr32/drivers/flashc/flashc.o
 .text.flashc_get_page_number
                0x00000000       0x1c src/ASF/avr32/drivers/flashc/flashc.o
 .text.flashc_issue_command
                0x00000000       0x88 src/ASF/avr32/drivers/flashc/flashc.o
 .text.flashc_no_operation
                0x00000000       0x18 src/ASF/avr32/drivers/flashc/flashc.o
 .text.flashc_erase_all
                0x00000000       0x18 src/ASF/avr32/drivers/flashc/flashc.o
 .text.flashc_is_security_bit_active
                0x00000000       0x1a src/ASF/avr32/drivers/flashc/flashc.o
 .text.flashc_activate_security_bit
                0x00000000       0x18 src/ASF/avr32/drivers/flashc/flashc.o
 .text.flashc_get_bootloader_protected_size
                0x00000000       0x40 src/ASF/avr32/drivers/flashc/flashc.o
 .text.flashc_set_bootloader_protected_size
                0x00000000       0x9c src/ASF/avr32/drivers/flashc/flashc.o
 .text.flashc_is_external_privileged_fetch_locked
                0x00000000       0x20 src/ASF/avr32/drivers/flashc/flashc.o
 .text.flashc_lock_external_privileged_fetch
                0x00000000       0x2c src/ASF/avr32/drivers/flashc/flashc.o
 .text.flashc_is_page_region_locked
                0x00000000       0x30 src/ASF/avr32/drivers/flashc/flashc.o
 .text.flashc_is_region_locked
                0x00000000       0x32 src/ASF/avr32/drivers/flashc/flashc.o
 .text.flashc_lock_page_region
                0x00000000       0x38 src/ASF/avr32/drivers/flashc/flashc.o
 .text.flashc_lock_region
                0x00000000       0x38 src/ASF/avr32/drivers/flashc/flashc.o
 .text.flashc_lock_all_regions
                0x00000000       0x64 src/ASF/avr32/drivers/flashc/flashc.o
 .text.flashc_read_gp_fuse_bit
                0x00000000       0x60 src/ASF/avr32/drivers/flashc/flashc.o
 .text.flashc_read_gp_fuse_bitfield
                0x00000000       0xcc src/ASF/avr32/drivers/flashc/flashc.o
 .text.flashc_read_gp_fuse_byte
                0x00000000       0x60 src/ASF/avr32/drivers/flashc/flashc.o
 .text.flashc_read_all_gp_fuses
                0x00000000       0x34 src/ASF/avr32/drivers/flashc/flashc.o
 .text.flashc_erase_gp_fuse_bit
                0x00000000       0x4c src/ASF/avr32/drivers/flashc/flashc.o
 .text.flashc_erase_gp_fuse_bitfield
                0x00000000      0x118 src/ASF/avr32/drivers/flashc/flashc.o
 .text.flashc_erase_gp_fuse_byte
                0x00000000       0xdc src/ASF/avr32/drivers/flashc/flashc.o
 .text.flashc_erase_all_gp_fuses
                0x00000000       0x48 src/ASF/avr32/drivers/flashc/flashc.o
 .text.flashc_write_gp_fuse_bit
                0x00000000       0x38 src/ASF/avr32/drivers/flashc/flashc.o
 .text.flashc_write_gp_fuse_bitfield
                0x00000000       0xcc src/ASF/avr32/drivers/flashc/flashc.o
 .text.flashc_write_gp_fuse_byte
                0x00000000       0x38 src/ASF/avr32/drivers/flashc/flashc.o
 .text.flashc_write_all_gp_fuses
                0x00000000       0x80 src/ASF/avr32/drivers/flashc/flashc.o
 .text.flashc_set_gp_fuse_bit
                0x00000000       0x44 src/ASF/avr32/drivers/flashc/flashc.o
 .text.flashc_set_gp_fuse_bitfield
                0x00000000       0xcc src/ASF/avr32/drivers/flashc/flashc.o
 .text.flashc_set_gp_fuse_byte
                0x00000000       0x78 src/ASF/avr32/drivers/flashc/flashc.o
 .text.flashc_set_all_gp_fuses
                0x00000000       0x6c src/ASF/avr32/drivers/flashc/flashc.o
 .text.flashc_clear_page_buffer
                0x00000000       0x18 src/ASF/avr32/drivers/flashc/flashc.o
 .text.flashc_is_page_erased
                0x00000000       0x1a src/ASF/avr32/drivers/flashc/flashc.o
 .text.flashc_quick_page_read
                0x00000000       0x2c src/ASF/avr32/drivers/flashc/flashc.o
 .text.flashc_erase_page
                0x00000000       0x68 src/ASF/avr32/drivers/flashc/flashc.o
 .text.flashc_erase_all_pages
                0x00000000       0x88 src/ASF/avr32/drivers/flashc/flashc.o
 .text.flashc_write_page
                0x00000000       0x20 src/ASF/avr32/drivers/flashc/flashc.o
 .text.flashc_quick_user_page_read
                0x00000000       0x24 src/ASF/avr32/drivers/flashc/flashc.o
 .text.flashc_erase_user_page
                0x00000000       0x3c src/ASF/avr32/drivers/flashc/flashc.o
 .text.flashc_write_user_page
                0x00000000       0x18 src/ASF/avr32/drivers/flashc/flashc.o
 .text.flashc_memset8
                0x00000000       0x50 src/ASF/avr32/drivers/flashc/flashc.o
 .text.flashc_memset16
                0x00000000       0x4c src/ASF/avr32/drivers/flashc/flashc.o
 .text.flashc_memset32
                0x00000000       0x5c src/ASF/avr32/drivers/flashc/flashc.o
 .text.flashc_memset64
                0x00000000      0x424 src/ASF/avr32/drivers/flashc/flashc.o
 .text.flashc_memcpy
                0x00000000      0x1b0 src/ASF/avr32/drivers/flashc/flashc.o
 .rodata.C.35.10557
                0x00000000       0x10 src/ASF/avr32/drivers/flashc/flashc.o
 .text          0x00000000        0x0 src/ASF/avr32/drivers/pdca/pdca.o
 .data          0x00000000        0x0 src/ASF/avr32/drivers/pdca/pdca.o
 .bss           0x00000000        0x0 src/ASF/avr32/drivers/pdca/pdca.o
 .text.pdca_get_channel_status
                0x00000000       0x38 src/ASF/avr32/drivers/pdca/pdca.o
 .text.pdca_get_load_size
                0x00000000       0x30 src/ASF/avr32/drivers/pdca/pdca.o
 .text.pdca_get_reload_size
                0x00000000       0x30 src/ASF/avr32/drivers/pdca/pdca.o
 .text.pdca_reload_channel
                0x00000000       0x70 src/ASF/avr32/drivers/pdca/pdca.o
 .text.pdca_set_peripheral_select
                0x00000000       0x38 src/ASF/avr32/drivers/pdca/pdca.o
 .text.pdca_set_transfer_size
                0x00000000       0x44 src/ASF/avr32/drivers/pdca/pdca.o
 .text.pdca_disable_interrupt_transfer_error
                0x00000000       0x50 src/ASF/avr32/drivers/pdca/pdca.o
 .text.pdca_enable_interrupt_transfer_error
                0x00000000       0x30 src/ASF/avr32/drivers/pdca/pdca.o
 .text.pdca_enable_interrupt_transfer_complete
                0x00000000       0x30 src/ASF/avr32/drivers/pdca/pdca.o
 .text.pdca_enable_interrupt_reload_counter_zero
                0x00000000       0x30 src/ASF/avr32/drivers/pdca/pdca.o
 .text          0x00000000        0x0 src/ASF/avr32/drivers/spi/spi.o
 .data          0x00000000        0x0 src/ASF/avr32/drivers/spi/spi.o
 .bss           0x00000000        0x0 src/ASF/avr32/drivers/spi/spi.o
 .text.spi_initSlave
                0x00000000       0x8a src/ASF/avr32/drivers/spi/spi.o
 .text.spi_initTest
                0x00000000       0x32 src/ASF/avr32/drivers/spi/spi.o
 .text.spi_disable
                0x00000000       0x1a src/ASF/avr32/drivers/spi/spi.o
 .text.spi_is_enabled
                0x00000000       0x22 src/ASF/avr32/drivers/spi/spi.o
 .text.spi_writeRegisterEmptyCheck
                0x00000000       0x20 src/ASF/avr32/drivers/spi/spi.o
 .text.spi_variableSlaveWrite
                0x00000000       0x98 src/ASF/avr32/drivers/spi/spi.o
 .text.spi_writeEndCheck
                0x00000000       0x20 src/ASF/avr32/drivers/spi/spi.o
 .text.spi_readRegisterFullCheck
                0x00000000       0x20 src/ASF/avr32/drivers/spi/spi.o
 .text.spi_getStatus
                0x00000000       0x68 src/ASF/avr32/drivers/spi/spi.o
 .text          0x00000000        0xc src/ASF/avr32/drivers/usart/usart.o
 .data          0x00000000        0x0 src/ASF/avr32/drivers/usart/usart.o
 .bss           0x00000000        0x0 src/ASF/avr32/drivers/usart/usart.o
 .text.usart_set_sync_master_baudrate
                0x00000000       0x70 src/ASF/avr32/drivers/usart/usart.o
 .text.usart_set_sync_slave_baudrate
                0x00000000       0x28 src/ASF/avr32/drivers/usart/usart.o
 .text.usart_set_iso7816_clock
                0x00000000       0x72 src/ASF/avr32/drivers/usart/usart.o
 .text.usart_set_spi_master_baudrate
                0x00000000       0x70 src/ASF/avr32/drivers/usart/usart.o
 .text.usart_set_spi_slave_baudrate
                0x00000000       0x28 src/ASF/avr32/drivers/usart/usart.o
 .text.usart_init_rs232_tx_only
                0x00000000      0x17c src/ASF/avr32/drivers/usart/usart.o
 .text.usart_init_hw_handshaking
                0x00000000       0x50 src/ASF/avr32/drivers/usart/usart.o
 .text.usart_init_modem
                0x00000000       0x54 src/ASF/avr32/drivers/usart/usart.o
 .text.usart_init_sync_master
                0x00000000      0x184 src/ASF/avr32/drivers/usart/usart.o
 .text.usart_init_sync_slave
                0x00000000      0x170 src/ASF/avr32/drivers/usart/usart.o
 .text.usart_init_rs485
                0x00000000       0x50 src/ASF/avr32/drivers/usart/usart.o
 .text.usart_init_IrDA
                0x00000000       0x6c src/ASF/avr32/drivers/usart/usart.o
 .text.usart_init_iso7816
                0x00000000      0x11c src/ASF/avr32/drivers/usart/usart.o
 .text.usart_init_lin_master
                0x00000000       0x64 src/ASF/avr32/drivers/usart/usart.o
 .text.usart_init_lin_slave
                0x00000000       0x64 src/ASF/avr32/drivers/usart/usart.o
 .text.usart_init_spi_master
                0x00000000      0x11c src/ASF/avr32/drivers/usart/usart.o
 .text.usart_init_spi_slave
                0x00000000      0x108 src/ASF/avr32/drivers/usart/usart.o
 .text.usart_spi_selectChip
                0x00000000       0x20 src/ASF/avr32/drivers/usart/usart.o
 .text.usart_spi_unselectChip
                0x00000000       0x5c src/ASF/avr32/drivers/usart/usart.o
 .text.usart_send_address
                0x00000000       0x6c src/ASF/avr32/drivers/usart/usart.o
 .text.usart_read_char
                0x00000000       0x52 src/ASF/avr32/drivers/usart/usart.o
 .text.usart_getchar
                0x00000000       0x44 src/ASF/avr32/drivers/usart/usart.o
 .text.usart_get_echo_line
                0x00000000       0x8c src/ASF/avr32/drivers/usart/usart.o
 .text          0x00000000        0x0 src/ASF/avr32/utils/debug/print_funcs.o
 .data          0x00000000        0x0 src/ASF/avr32/utils/debug/print_funcs.o
 .bss           0x00000000        0x0 src/ASF/avr32/utils/debug/print_funcs.o
 .rodata.HEX_DIGITS
                0x00000000       0x10 src/ASF/avr32/utils/debug/print_funcs.o
 .text.print_dbg_char_hex
                0x00000000       0x28 src/ASF/avr32/utils/debug/print_funcs.o
 .text.print_dbg_short_hex
                0x00000000       0x28 src/ASF/avr32/utils/debug/print_funcs.o
 .text.print_dbg_hex
                0x00000000       0x24 src/ASF/avr32/utils/debug/print_funcs.o
 .text.print_char_hex
                0x00000000       0x74 src/ASF/avr32/utils/debug/print_funcs.o
 .text.print_short_hex
                0x00000000       0x74 src/ASF/avr32/utils/debug/print_funcs.o
 .text.print_hex
                0x00000000       0x70 src/ASF/avr32/utils/debug/print_funcs.o
 .text          0x00000000       0x18 src/ASF/common/services/storage/ctrl_access/ctrl_access.o
 .data          0x00000000        0x0 src/ASF/common/services/storage/ctrl_access/ctrl_access.o
 .bss           0x00000000        0x0 src/ASF/common/services/storage/ctrl_access/ctrl_access.o
 .debug_abbrev  0x00000000      0x12c src/ASF/common/services/storage/ctrl_access/ctrl_access.o
 .debug_info    0x00000000      0x3b0 src/ASF/common/services/storage/ctrl_access/ctrl_access.o
 .debug_line    0x00000000      0x86e src/ASF/common/services/storage/ctrl_access/ctrl_access.o
 .debug_macinfo
                0x00000000    0xef9fa src/ASF/common/services/storage/ctrl_access/ctrl_access.o
 .rodata.lun_desc
                0x00000000       0x18 src/ASF/common/services/storage/ctrl_access/ctrl_access.o
 .text.get_nb_lun
                0x00000000        0xe src/ASF/common/services/storage/ctrl_access/ctrl_access.o
 .text.get_cur_lun
                0x00000000        0xe src/ASF/common/services/storage/ctrl_access/ctrl_access.o
 .text.mem_test_unit_ready
                0x00000000       0x4c src/ASF/common/services/storage/ctrl_access/ctrl_access.o
 .text.mem_read_capacity
                0x00000000       0x54 src/ASF/common/services/storage/ctrl_access/ctrl_access.o
 .text.mem_sector_size
                0x00000000       0x2a src/ASF/common/services/storage/ctrl_access/ctrl_access.o
 .text.mem_unload
                0x00000000       0x78 src/ASF/common/services/storage/ctrl_access/ctrl_access.o
 .text.mem_wr_protect
                0x00000000       0x4c src/ASF/common/services/storage/ctrl_access/ctrl_access.o
 .text.mem_removal
                0x00000000       0x4c src/ASF/common/services/storage/ctrl_access/ctrl_access.o
 .text.mem_name
                0x00000000       0x40 src/ASF/common/services/storage/ctrl_access/ctrl_access.o
 .debug_frame   0x00000000      0x10c src/ASF/common/services/storage/ctrl_access/ctrl_access.o
 .debug_loc     0x00000000      0x183 src/ASF/common/services/storage/ctrl_access/ctrl_access.o
 .debug_pubnames
                0x00000000       0xb2 src/ASF/common/services/storage/ctrl_access/ctrl_access.o
 .debug_aranges
                0x00000000       0x60 src/ASF/common/services/storage/ctrl_access/ctrl_access.o
 .debug_ranges  0x00000000       0x58 src/ASF/common/services/storage/ctrl_access/ctrl_access.o
 .debug_str     0x00000000      0x29f src/ASF/common/services/storage/ctrl_access/ctrl_access.o
 .comment       0x00000000       0x31 src/ASF/common/services/storage/ctrl_access/ctrl_access.o
 .text          0x00000000        0x0 src/ASF/avr32/components/memory/sd_mmc/sd_mmc_spi/sd_mmc_spi_mem.o
 .data          0x00000000        0x0 src/ASF/avr32/components/memory/sd_mmc/sd_mmc_spi/sd_mmc_spi_mem.o
 .bss           0x00000000        0x0 src/ASF/avr32/components/memory/sd_mmc/sd_mmc_spi/sd_mmc_spi_mem.o
 .debug_abbrev  0x00000000       0xe0 src/ASF/avr32/components/memory/sd_mmc/sd_mmc_spi/sd_mmc_spi_mem.o
 .debug_info    0x00000000      0x198 src/ASF/avr32/components/memory/sd_mmc/sd_mmc_spi/sd_mmc_spi_mem.o
 .debug_line    0x00000000      0x85b src/ASF/avr32/components/memory/sd_mmc/sd_mmc_spi/sd_mmc_spi_mem.o
 .debug_macinfo
                0x00000000    0xeffe6 src/ASF/avr32/components/memory/sd_mmc/sd_mmc_spi/sd_mmc_spi_mem.o
 .data.sd_mmc_spi_presence_status
                0x00000000        0x1 src/ASF/avr32/components/memory/sd_mmc/sd_mmc_spi/sd_mmc_spi_mem.o
 .text.sd_mmc_spi_mem_init
                0x00000000       0x14 src/ASF/avr32/components/memory/sd_mmc/sd_mmc_spi/sd_mmc_spi_mem.o
 .text.sd_mmc_spi_test_unit_ready
                0x00000000       0x7c src/ASF/avr32/components/memory/sd_mmc/sd_mmc_spi/sd_mmc_spi_mem.o
 .text.sd_mmc_spi_read_capacity
                0x00000000       0x4c src/ASF/avr32/components/memory/sd_mmc/sd_mmc_spi/sd_mmc_spi_mem.o
 .text.sd_mmc_spi_wr_protect
                0x00000000        0xe src/ASF/avr32/components/memory/sd_mmc/sd_mmc_spi/sd_mmc_spi_mem.o
 .text.sd_mmc_spi_removal
                0x00000000        0xe src/ASF/avr32/components/memory/sd_mmc/sd_mmc_spi/sd_mmc_spi_mem.o
 .debug_frame   0x00000000       0x9c src/ASF/avr32/components/memory/sd_mmc/sd_mmc_spi/sd_mmc_spi_mem.o
 .debug_loc     0x00000000       0xd7 src/ASF/avr32/components/memory/sd_mmc/sd_mmc_spi/sd_mmc_spi_mem.o
 .debug_pubnames
                0x00000000       0xb6 src/ASF/avr32/components/memory/sd_mmc/sd_mmc_spi/sd_mmc_spi_mem.o
 .debug_aranges
                0x00000000       0x40 src/ASF/avr32/components/memory/sd_mmc/sd_mmc_spi/sd_mmc_spi_mem.o
 .debug_ranges  0x00000000       0x38 src/ASF/avr32/components/memory/sd_mmc/sd_mmc_spi/sd_mmc_spi_mem.o
 .debug_str     0x00000000      0x285 src/ASF/avr32/components/memory/sd_mmc/sd_mmc_spi/sd_mmc_spi_mem.o
 .comment       0x00000000       0x31 src/ASF/avr32/components/memory/sd_mmc/sd_mmc_spi/sd_mmc_spi_mem.o
 .text          0x00000000        0x0 src/ASF/avr32/boards/evk1100/init.o
 .data          0x00000000        0x0 src/ASF/avr32/boards/evk1100/init.o
 .bss           0x00000000        0x0 src/ASF/avr32/boards/evk1100/init.o
 .text          0x00000000        0x0 src/ASF/avr32/boards/evk1100/led.o
 .data          0x00000000        0x0 src/ASF/avr32/boards/evk1100/led.o
 .bss           0x00000000        0x0 src/ASF/avr32/boards/evk1100/led.o
 .debug_abbrev  0x00000000      0x219 src/ASF/avr32/boards/evk1100/led.o
 .debug_info    0x00000000      0xf20 src/ASF/avr32/boards/evk1100/led.o
 .debug_line    0x00000000      0x82a src/ASF/avr32/boards/evk1100/led.o
 .debug_macinfo
                0x00000000    0xedf4f src/ASF/avr32/boards/evk1100/led.o
 .rodata.LED_DESCRIPTOR
                0x00000000       0x80 src/ASF/avr32/boards/evk1100/led.o
 .data.LED_State
                0x00000000        0x4 src/ASF/avr32/boards/evk1100/led.o
 .text.LED_Read_Display
                0x00000000       0x14 src/ASF/avr32/boards/evk1100/led.o
 .text.LED_Display
                0x00000000       0xac src/ASF/avr32/boards/evk1100/led.o
 .text.LED_Read_Display_Mask
                0x00000000       0x24 src/ASF/avr32/boards/evk1100/led.o
 .text.LED_Display_Mask
                0x00000000      0x100 src/ASF/avr32/boards/evk1100/led.o
 .text.LED_Test
                0x00000000       0x28 src/ASF/avr32/boards/evk1100/led.o
 .text.LED_Off  0x00000000       0xb8 src/ASF/avr32/boards/evk1100/led.o
 .text.LED_On   0x00000000       0xb4 src/ASF/avr32/boards/evk1100/led.o
 .text.LED_Toggle
                0x00000000       0xb4 src/ASF/avr32/boards/evk1100/led.o
 .text.LED_Read_Display_Field
                0x00000000       0x30 src/ASF/avr32/boards/evk1100/led.o
 .text.LED_Display_Field
                0x00000000       0x38 src/ASF/avr32/boards/evk1100/led.o
 .text.LED_Get_Intensity
                0x00000000       0x84 src/ASF/avr32/boards/evk1100/led.o
 .text.LED_Set_Intensity
                0x00000000      0x168 src/ASF/avr32/boards/evk1100/led.o
 .debug_frame   0x00000000      0x160 src/ASF/avr32/boards/evk1100/led.o
 .debug_loc     0x00000000      0x204 src/ASF/avr32/boards/evk1100/led.o
 .debug_pubnames
                0x00000000       0xf6 src/ASF/avr32/boards/evk1100/led.o
 .debug_aranges
                0x00000000       0x78 src/ASF/avr32/boards/evk1100/led.o
 .debug_ranges  0x00000000       0x70 src/ASF/avr32/boards/evk1100/led.o
 .debug_str     0x00000000      0x509 src/ASF/avr32/boards/evk1100/led.o
 .comment       0x00000000       0x31 src/ASF/avr32/boards/evk1100/led.o
 .text          0x00000000        0x0 src/ASF/avr32/drivers/gpio/gpio.o
 .data          0x00000000        0x0 src/ASF/avr32/drivers/gpio/gpio.o
 .bss           0x00000000        0x0 src/ASF/avr32/drivers/gpio/gpio.o
 .text.gpio_enable_gpio
                0x00000000       0x50 src/ASF/avr32/drivers/gpio/gpio.o
 .text.gpio_enable_gpio_pin
                0x00000000       0x50 src/ASF/avr32/drivers/gpio/gpio.o
 .text.gpio_enable_pin_pull_up
                0x00000000       0x3a src/ASF/avr32/drivers/gpio/gpio.o
 .text.gpio_disable_pin_pull_up
                0x00000000       0x3a src/ASF/avr32/drivers/gpio/gpio.o
 .text.gpio_configure_group
                0x00000000      0x114 src/ASF/avr32/drivers/gpio/gpio.o
 .text.gpio_get_pin_value
                0x00000000       0x3c src/ASF/avr32/drivers/gpio/gpio.o
 .text.gpio_get_gpio_pin_output_value
                0x00000000       0x3c src/ASF/avr32/drivers/gpio/gpio.o
 .text.gpio_get_gpio_open_drain_pin_output_value
                0x00000000       0x3e src/ASF/avr32/drivers/gpio/gpio.o
 .text.gpio_set_gpio_pin
                0x00000000       0x68 src/ASF/avr32/drivers/gpio/gpio.o
 .text.gpio_set_pin_high
                0x00000000       0x3a src/ASF/avr32/drivers/gpio/gpio.o
 .text.gpio_set_group_high
                0x00000000       0x30 src/ASF/avr32/drivers/gpio/gpio.o
 .text.gpio_set_pin_low
                0x00000000       0x3a src/ASF/avr32/drivers/gpio/gpio.o
 .text.gpio_clr_gpio_pin
                0x00000000       0x68 src/ASF/avr32/drivers/gpio/gpio.o
 .text.gpio_set_group_low
                0x00000000       0x30 src/ASF/avr32/drivers/gpio/gpio.o
 .text.gpio_tgl_gpio_pin
                0x00000000       0x68 src/ASF/avr32/drivers/gpio/gpio.o
 .text.gpio_toggle_pin
                0x00000000       0x3a src/ASF/avr32/drivers/gpio/gpio.o
 .text.gpio_toggle_group
                0x00000000       0x30 src/ASF/avr32/drivers/gpio/gpio.o
 .text.gpio_set_gpio_open_drain_pin
                0x00000000       0x50 src/ASF/avr32/drivers/gpio/gpio.o
 .text.gpio_clr_gpio_open_drain_pin
                0x00000000       0x68 src/ASF/avr32/drivers/gpio/gpio.o
 .text.gpio_tgl_gpio_open_drain_pin
                0x00000000       0x68 src/ASF/avr32/drivers/gpio/gpio.o
 .text.gpio_enable_pin_glitch_filter
                0x00000000       0x3a src/ASF/avr32/drivers/gpio/gpio.o
 .text.gpio_disable_pin_glitch_filter
                0x00000000       0x3a src/ASF/avr32/drivers/gpio/gpio.o
 .text.gpio_configure_edge_detector
                0x00000000       0xd4 src/ASF/avr32/drivers/gpio/gpio.o
 .text.gpio_enable_pin_interrupt
                0x00000000       0x74 src/ASF/avr32/drivers/gpio/gpio.o
 .text.gpio_disable_pin_interrupt
                0x00000000       0x3a src/ASF/avr32/drivers/gpio/gpio.o
 .text.gpio_get_pin_interrupt_flag
                0x00000000       0x3e src/ASF/avr32/drivers/gpio/gpio.o
 .text.gpio_clear_pin_interrupt_flag
                0x00000000       0x3a src/ASF/avr32/drivers/gpio/gpio.o
 .text          0x00000000        0x0 src/ASF/avr32/drivers/intc/exception.o
 .data          0x00000000        0x0 src/ASF/avr32/drivers/intc/exception.o
 .bss           0x00000000        0x0 src/ASF/avr32/drivers/intc/exception.o
 .text          0x00000000        0x0 src/ASF/avr32/drivers/intc/intc.o
 .data          0x00000000        0x0 src/ASF/avr32/drivers/intc/intc.o
 .bss           0x00000000        0x0 src/ASF/avr32/drivers/intc/intc.o
 .text._unhandled_interrupt
                0x00000000        0x8 src/ASF/avr32/drivers/intc/intc.o
 .text.INTC_init_evba
                0x00000000       0x14 src/ASF/avr32/drivers/intc/intc.o
 .text.INTC_init_interrupts
                0x00000000       0x98 src/ASF/avr32/drivers/intc/intc.o
 .text.INTC_register_interrupt
                0x00000000       0xd4 src/ASF/avr32/drivers/intc/intc.o
 .text          0x00000000        0x0 src/ASF/avr32/utils/startup/startup_uc3.o
 .data          0x00000000        0x0 src/ASF/avr32/utils/startup/startup_uc3.o
 .bss           0x00000000        0x0 src/ASF/avr32/utils/startup/startup_uc3.o
 .text          0x00000000        0x0 src/ASF/avr32/utils/startup/trampoline_uc3.o
 .data          0x00000000        0x0 src/ASF/avr32/utils/startup/trampoline_uc3.o
 .bss           0x00000000        0x0 src/ASF/avr32/utils/startup/trampoline_uc3.o
 .data          0x00000000        0x0 src/main.o
 .bss           0x00000000        0x0 src/main.o
 .data          0x00000000        0x0 c:/program files (x86)/atmel/atmel toolchain/avr32 gcc/native/3.4.1067/avr32-gnu-toolchain/bin/../lib/gcc/avr32/4.4.7/../../../../avr32/lib/ucr2\libc.a(lib_a-memcpy.o)
 .bss           0x00000000        0x0 c:/program files (x86)/atmel/atmel toolchain/avr32 gcc/native/3.4.1067/avr32-gnu-toolchain/bin/../lib/gcc/avr32/4.4.7/../../../../avr32/lib/ucr2\libc.a(lib_a-memcpy.o)

Memory Configuration

Name             Origin             Length             Attributes
FLASH            0x80000000         0x00080000         axrl !w
INTRAM           0x00000004         0x0000fffc         axw !rl
USERPAGE         0x80800000         0x00000200
*default*        0x00000000         0xffffffff

Linker script and memory map

                0x00001000                _stack_size = 0x1000
LOAD src/ASF/avr32/components/memory/sd_mmc/sd_mmc_spi/sd_mmc_spi.o
LOAD src/ASF/avr32/drivers/ebi/sdramc/sdramc.o
LOAD src/ASF/avr32/drivers/pm/pm.o
LOAD src/ASF/avr32/drivers/pm/pm_conf_clocks.o
LOAD src/ASF/avr32/drivers/pm/power_clocks_lib.o
LOAD src/ASF/avr32/drivers/flashc/flashc.o
LOAD src/ASF/avr32/drivers/pdca/pdca.o
LOAD src/ASF/avr32/drivers/spi/spi.o
LOAD src/ASF/avr32/drivers/usart/usart.o
LOAD src/ASF/avr32/utils/debug/print_funcs.o
LOAD src/ASF/common/services/storage/ctrl_access/ctrl_access.o
LOAD src/ASF/avr32/components/memory/sd_mmc/sd_mmc_spi/sd_mmc_spi_mem.o
LOAD src/ASF/avr32/boards/evk1100/init.o
LOAD src/ASF/avr32/boards/evk1100/led.o
LOAD src/ASF/avr32/drivers/gpio/gpio.o
LOAD src/ASF/avr32/drivers/intc/exception.o
LOAD src/ASF/avr32/drivers/intc/intc.o
LOAD src/ASF/avr32/utils/startup/startup_uc3.o
LOAD src/ASF/avr32/utils/startup/trampoline_uc3.o
LOAD src/main.o
START GROUP
LOAD c:/program files (x86)/atmel/atmel toolchain/avr32 gcc/native/3.4.1067/avr32-gnu-toolchain/bin/../lib/gcc/avr32/4.4.7/../../../../avr32/lib/ucr2\libm.a
END GROUP
LOAD c:/program files (x86)/atmel/atmel toolchain/avr32 gcc/native/3.4.1067/avr32-gnu-toolchain/bin/../lib/gcc/avr32/4.4.7/ucr2\libgcc.a
LOAD c:/program files (x86)/atmel/atmel toolchain/avr32 gcc/native/3.4.1067/avr32-gnu-toolchain/bin/../lib/gcc/avr32/4.4.7/../../../../avr32/lib/ucr2\libc.a
LOAD c:/program files (x86)/atmel/atmel toolchain/avr32 gcc/native/3.4.1067/avr32-gnu-toolchain/bin/../lib/gcc/avr32/4.4.7/ucr2\libgcc.a
                0xffffffff                __max_heap_size__ = 0xffffffff
                [0xffffffff]                __heap_size__ = DEFINED (__heap_size__)?__heap_size__:__max_heap_size__
                [0x00001000]                __stack_size__ = DEFINED (__stack_size__)?__stack_size__:0x1000
                0x80000000                PROVIDE (__executable_start, 0x80000000)
                0x80000000                . = 0x80000000

.interp
 *(.interp)

.reset          0x80000000     0x2008
 *(.reset)
 .reset         0x80000000        0x4 src/ASF/avr32/utils/startup/startup_uc3.o
                                  0x8 (size before relaxing)
                0x80000000                _start
 .reset         0x80000004     0x2004 src/ASF/avr32/utils/startup/trampoline_uc3.o
                               0x2008 (size before relaxing)
                0x80000004                _trampoline

.hash
 *(.hash)

.dynsym
 *(.dynsym)

.dynstr
 *(.dynstr)

.gnu.version
 *(.gnu.version)

.gnu.version_d
 *(.gnu.version_d)

.gnu.version_r
 *(.gnu.version_r)

.rel.init
 *(.rel.init)

.rela.init
 *(.rela.init)

.rel.text
 *(.rel.text .rel.text.* .rel.gnu.linkonce.t.*)

.rela.text
 *(.rela.text .rela.text.* .rela.gnu.linkonce.t.*)

.rel.fini
 *(.rel.fini)

.rela.fini
 *(.rela.fini)

.rel.rodata
 *(.rel.rodata .rel.rodata.* .rel.gnu.linkonce.r.*)

.rela.rodata
 *(.rela.rodata .rela.rodata.* .rela.gnu.linkonce.r.*)

.rel.data.rel.ro
 *(.rel.data.rel.ro*)

.rela.data.rel.ro
 *(.rel.data.rel.ro*)

.rel.data
 *(.rel.data .rel.data.* .rel.gnu.linkonce.d.*)

.rela.data
 *(.rela.data .rela.data.* .rela.gnu.linkonce.d.*)

.rel.tdata
 *(.rel.tdata .rel.tdata.* .rel.gnu.linkonce.td.*)

.rela.tdata
 *(.rela.tdata .rela.tdata.* .rela.gnu.linkonce.td.*)

.rel.tbss
 *(.rel.tbss .rel.tbss.* .rel.gnu.linkonce.tb.*)

.rela.tbss
 *(.rela.tbss .rela.tbss.* .rela.gnu.linkonce.tb.*)

.rel.ctors
 *(.rel.ctors)

.rela.ctors
 *(.rela.ctors)

.rel.dtors
 *(.rel.dtors)

.rela.dtors
 *(.rela.dtors)

.rel.got
 *(.rel.got)

.rela.got       0x80002008        0x0
 *(.rela.got)
 .rela.got      0x80002008        0x0 src/ASF/avr32/drivers/flashc/flashc.o

.rel.bss
 *(.rel.bss .rel.bss.* .rel.gnu.linkonce.b.*)

.rela.bss
 *(.rela.bss .rela.bss.* .rela.gnu.linkonce.b.*)

.rel.plt
 *(.rel.plt)

.rela.plt
 *(.rela.plt)

.init
 *(.init)

.plt
 *(.plt)

.text           0x80002008     0x30e4
 *(.text .stub .text.* .gnu.linkonce.t.*)
 .text.sd_mmc_spi_internal_init
                0x80002008      0x30c src/ASF/avr32/components/memory/sd_mmc/sd_mmc_spi/sd_mmc_spi.o
                0x80002008                sd_mmc_spi_internal_init
 .text.sd_mmc_spi_init
                0x80002314       0x40 src/ASF/avr32/components/memory/sd_mmc/sd_mmc_spi/sd_mmc_spi.o
                0x80002314                sd_mmc_spi_init
 .text.sd_mmc_spi_send_command
                0x80002354       0x58 src/ASF/avr32/components/memory/sd_mmc/sd_mmc_spi/sd_mmc_spi.o
                0x80002354                sd_mmc_spi_send_command
 .text.sd_mmc_spi_command
                0x800023ac      0x110 src/ASF/avr32/components/memory/sd_mmc/sd_mmc_spi/sd_mmc_spi.o
                0x800023ac                sd_mmc_spi_command
 .text.sd_mmc_spi_send_and_read
                0x800024bc       0x4c src/ASF/avr32/components/memory/sd_mmc/sd_mmc_spi/sd_mmc_spi.o
                0x800024bc                sd_mmc_spi_send_and_read
 .text.sd_mmc_spi_get_if
                0x80002508       0xe0 src/ASF/avr32/components/memory/sd_mmc/sd_mmc_spi/sd_mmc_spi.o
                0x80002508                sd_mmc_spi_get_if
 .text.sd_mmc_spi_check_hc
                0x800025e8       0xbc src/ASF/avr32/components/memory/sd_mmc/sd_mmc_spi/sd_mmc_spi.o
                0x800025e8                sd_mmc_spi_check_hc
 .text.sd_mmc_spi_get_csd
                0x800026a4      0x144 src/ASF/avr32/components/memory/sd_mmc/sd_mmc_spi/sd_mmc_spi.o
                0x800026a4                sd_mmc_spi_get_csd
 .text.sd_mmc_spi_get_capacity
                0x800027e8      0x1f0 src/ASF/avr32/components/memory/sd_mmc/sd_mmc_spi/sd_mmc_spi.o
                0x800027e8                sd_mmc_spi_get_capacity
 .text.sd_mmc_spi_wait_not_busy
                0x800029d8       0x7c src/ASF/avr32/components/memory/sd_mmc/sd_mmc_spi/sd_mmc_spi.o
                0x800029d8                sd_mmc_spi_wait_not_busy
 .text.sd_mmc_spi_check_presence
                0x80002a54       0x9c src/ASF/avr32/components/memory/sd_mmc/sd_mmc_spi/sd_mmc_spi.o
                0x80002a54                sd_mmc_spi_check_presence
 .text.sd_mmc_spi_mem_check
                0x80002af0       0x3c src/ASF/avr32/components/memory/sd_mmc/sd_mmc_spi/sd_mmc_spi.o
                0x80002af0                sd_mmc_spi_mem_check
 .text.sdramc_ck_delay
                0x80002b2c       0x56 src/ASF/avr32/drivers/ebi/sdramc/sdramc.o
 *fill*         0x80002b82        0x2 d703d703
 .text.sdramc_enable_muxed_pins
                0x80002b84       0x1c src/ASF/avr32/drivers/ebi/sdramc/sdramc.o
 .text.sdramc_init
                0x80002ba0      0x294 src/ASF/avr32/drivers/ebi/sdramc/sdramc.o
                0x80002ba0                sdramc_init
 .text.pm_set_osc0_mode
                0x80002e34       0x4a src/ASF/avr32/drivers/pm/pm.o
 *fill*         0x80002e7e        0x2 d703d703
 .text.pm_enable_osc0_crystal
                0x80002e80       0x64 src/ASF/avr32/drivers/pm/pm.o
                0x80002e80                pm_enable_osc0_crystal
 .text.pm_enable_clk0
                0x80002ee4       0x34 src/ASF/avr32/drivers/pm/pm.o
                0x80002ee4                pm_enable_clk0
 .text.pm_enable_clk0_no_wait
                0x80002f18       0x5a src/ASF/avr32/drivers/pm/pm.o
                0x80002f18                pm_enable_clk0_no_wait
 .text.pm_wait_for_clk0_ready
                0x80002f72       0x1e src/ASF/avr32/drivers/pm/pm.o
                0x80002f72                pm_wait_for_clk0_ready
 .text.pm_cksel
                0x80002f90      0x10a src/ASF/avr32/drivers/pm/pm.o
                0x80002f90                pm_cksel
 .text.pm_pll_setup
                0x8000309a       0xa4 src/ASF/avr32/drivers/pm/pm.o
                0x8000309a                pm_pll_setup
 .text.pm_pll_set_option
                0x8000313e       0x8a src/ASF/avr32/drivers/pm/pm.o
                0x8000313e                pm_pll_set_option
 .text.pm_pll_enable
                0x800031c8       0x36 src/ASF/avr32/drivers/pm/pm.o
                0x800031c8                pm_pll_enable
 .text.pm_wait_for_pll0_locked
                0x800031fe       0x1e src/ASF/avr32/drivers/pm/pm.o
                0x800031fe                pm_wait_for_pll0_locked
 .text.pm_switch_to_clock
                0x8000321c       0x4a src/ASF/avr32/drivers/pm/pm.o
                0x8000321c                pm_switch_to_clock
 *fill*         0x80003266        0x2 d703d703
 .text.pm_switch_to_osc0
                0x80003268       0x48 src/ASF/avr32/drivers/pm/pm.o
                0x80003268                pm_switch_to_osc0
 .text.pm_configure_clocks
                0x800032b0      0x31c src/ASF/avr32/drivers/pm/pm_conf_clocks.o
                0x800032b0                pm_configure_clocks
 .text.flashc_set_wait_state
                0x800035cc       0x46 src/ASF/avr32/drivers/flashc/flashc.o
                0x800035cc                flashc_set_wait_state
 .text.cpu_irq_save
                0x80003612       0x1e src/ASF/avr32/drivers/pdca/pdca.o
 .text.cpu_irq_is_enabled_flags
                0x80003630       0x20 src/ASF/avr32/drivers/pdca/pdca.o
 .text.cpu_irq_restore
                0x80003650       0x28 src/ASF/avr32/drivers/pdca/pdca.o
 .text.pdca_get_handler
                0x80003678       0x3a src/ASF/avr32/drivers/pdca/pdca.o
                0x80003678                pdca_get_handler
 *fill*         0x800036b2        0x2 d703d703
 .text.pdca_init_channel
                0x800036b4       0xc4 src/ASF/avr32/drivers/pdca/pdca.o
                0x800036b4                pdca_init_channel
 .text.pdca_disable
                0x80003778       0x30 src/ASF/avr32/drivers/pdca/pdca.o
                0x80003778                pdca_disable
 .text.pdca_enable
                0x800037a8       0x30 src/ASF/avr32/drivers/pdca/pdca.o
                0x800037a8                pdca_enable
 .text.pdca_load_channel
                0x800037d8       0x70 src/ASF/avr32/drivers/pdca/pdca.o
                0x800037d8                pdca_load_channel
 .text.pdca_disable_interrupt_transfer_complete
                0x80003848       0x50 src/ASF/avr32/drivers/pdca/pdca.o
                0x80003848                pdca_disable_interrupt_transfer_complete
 .text.pdca_disable_interrupt_reload_counter_zero
                0x80003898       0x50 src/ASF/avr32/drivers/pdca/pdca.o
                0x80003898                pdca_disable_interrupt_reload_counter_zero
 .text.pdca_get_transfer_status
                0x800038e8       0x30 src/ASF/avr32/drivers/pdca/pdca.o
                0x800038e8                pdca_get_transfer_status
 .text.getBaudDiv
                0x80003918       0x50 src/ASF/avr32/drivers/spi/spi.o
                0x80003918                getBaudDiv
 .text.spi_initMaster
                0x80003968       0x94 src/ASF/avr32/drivers/spi/spi.o
                0x80003968                spi_initMaster
 .text.spi_selectionMode
                0x800039fc       0x94 src/ASF/avr32/drivers/spi/spi.o
                0x800039fc                spi_selectionMode
 .text.spi_selectChip
                0x80003a90       0x98 src/ASF/avr32/drivers/spi/spi.o
                0x80003a90                spi_selectChip
 .text.spi_unselectChip
                0x80003b28       0x6a src/ASF/avr32/drivers/spi/spi.o
                0x80003b28                spi_unselectChip
 *fill*         0x80003b92        0x2 d703d703
 .text.spi_setupChipReg
                0x80003b94      0x184 src/ASF/avr32/drivers/spi/spi.o
                0x80003b94                spi_setupChipReg
 .text.spi_enable
                0x80003d18       0x1a src/ASF/avr32/drivers/spi/spi.o
                0x80003d18                spi_enable
 .text.spi_write
                0x80003d32       0x58 src/ASF/avr32/drivers/spi/spi.o
                0x80003d32                spi_write
 .text.spi_read
                0x80003d8a       0x5e src/ASF/avr32/drivers/spi/spi.o
                0x80003d8a                spi_read
 .text.cpu_irq_is_enabled_flags
                0x80003de8       0x20 src/ASF/avr32/drivers/usart/usart.o
 .text.usart_set_async_baudrate
                0x80003e08       0xd2 src/ASF/avr32/drivers/usart/usart.o
 *fill*         0x80003eda        0x2 d703d703
 .text.usart_reset
                0x80003edc       0x74 src/ASF/avr32/drivers/usart/usart.o
                0x80003edc                usart_reset
 .text.usart_init_rs232
                0x80003f50      0x170 src/ASF/avr32/drivers/usart/usart.o
                0x80003f50                usart_init_rs232
 .text.usart_write_char
                0x800040c0       0x44 src/ASF/avr32/drivers/usart/usart.o
                0x800040c0                usart_write_char
 .text.usart_putchar
                0x80004104       0x54 src/ASF/avr32/drivers/usart/usart.o
                0x80004104                usart_putchar
 .text.usart_write_line
                0x80004158       0x40 src/ASF/avr32/drivers/usart/usart.o
                0x80004158                usart_write_line
 .text.init_dbg_rs232
                0x80004198       0x24 src/ASF/avr32/utils/debug/print_funcs.o
                0x80004198                init_dbg_rs232
 .text.init_dbg_rs232_ex
                0x800041bc       0x5c src/ASF/avr32/utils/debug/print_funcs.o
                0x800041bc                init_dbg_rs232_ex
 .text.print_dbg
                0x80004218       0x24 src/ASF/avr32/utils/debug/print_funcs.o
                0x80004218                print_dbg
 .text.print_dbg_char
                0x8000423c       0x24 src/ASF/avr32/utils/debug/print_funcs.o
                0x8000423c                print_dbg_char
 .text.print_dbg_ulong
                0x80004260       0x24 src/ASF/avr32/utils/debug/print_funcs.o
                0x80004260                print_dbg_ulong
 .text.print    0x80004284       0x28 src/ASF/avr32/utils/debug/print_funcs.o
                0x80004284                print
 .text.print_char
                0x800042ac       0x28 src/ASF/avr32/utils/debug/print_funcs.o
                0x800042ac                print_char
 .text.print_ulong
                0x800042d4       0xa0 src/ASF/avr32/utils/debug/print_funcs.o
                0x800042d4                print_ulong
 .text.board_init
                0x80004374       0xd8 src/ASF/avr32/boards/evk1100/init.o
                0x80004374                board_init
 .text.gpio_enable_module
                0x8000444c       0x70 src/ASF/avr32/drivers/gpio/gpio.o
                0x8000444c                gpio_enable_module
 .text.gpio_enable_module_pin
                0x800044bc      0x110 src/ASF/avr32/drivers/gpio/gpio.o
                0x800044bc                gpio_enable_module_pin
 .text.gpio_configure_pin
                0x800045cc      0x1ae src/ASF/avr32/drivers/gpio/gpio.o
                0x800045cc                gpio_configure_pin
 *fill*         0x8000477a        0x2 d703d703
 .text._get_interrupt_handler
                0x8000477c       0x70 src/ASF/avr32/drivers/intc/intc.o
                0x8000477c                _get_interrupt_handler
 .text._stext   0x800047ec       0x3c src/ASF/avr32/utils/startup/startup_uc3.o
                                 0x50 (size before relaxing)
                0x800047ec                _stext
 .text          0x80004828      0x214 src/main.o
 .text.sd_mmc_spi_write_open_PDCA
                0x80004a3c       0x94 src/main.o
 .text.sd_mmc_spi_write_close_PDCA
                0x80004ad0       0xcc src/main.o
 .text.local_pdca_init
                0x80004b9c       0x78 src/main.o
 .text.sd_mmc_resources_init
                0x80004c14       0x98 src/main.o
 .text.main     0x80004cac      0x2f8 src/main.o
                0x80004cac                main
 .text          0x80004fa4      0x148 c:/program files (x86)/atmel/atmel toolchain/avr32 gcc/native/3.4.1067/avr32-gnu-toolchain/bin/../lib/gcc/avr32/4.4.7/../../../../avr32/lib/ucr2\libc.a(lib_a-memcpy.o)
                0x80004fa4                memcpy
 *(.text.*personality*)
 *(.gnu.warning)

.exception      0x80005200      0x200
 .exception     0x80005200      0x200 src/ASF/avr32/drivers/intc/exception.o
                0x80005200                _evba
                0x80005304                _int0
                0x80005312                _int1
                0x80005320                _int2
                0x8000532e                _int3

.fini
 *(.fini)
                0x80005400                PROVIDE (__etext, .)
                0x80005400                PROVIDE (_etext, .)
                0x80005400                PROVIDE (etext, .)

.rodata         0x80005400      0x2b0
 *(.rodata .rodata.* .gnu.linkonce.r.*)
 .rodata.SDRAMC_EBI_GPIO_MAP.10621
                0x80005400      0x138 src/ASF/avr32/drivers/ebi/sdramc/sdramc.o
 .rodata.DBG_USART_GPIO_MAP.10907
                0x80005538       0x10 src/ASF/avr32/utils/debug/print_funcs.o
 .rodata.AT45DBX_SPI_GPIO_MAP.10597
                0x80005548       0x20 src/ASF/avr32/boards/evk1100/init.o
 .rodata.SD_MMC_SPI_GPIO_MAP.10598
                0x80005568       0x20 src/ASF/avr32/boards/evk1100/init.o
 .rodata.TWI_GPIO_MAP.10599
                0x80005588       0x10 src/ASF/avr32/boards/evk1100/init.o
 .rodata.COMPORT_GPIO_MAP.10600
                0x80005598       0x10 src/ASF/avr32/boards/evk1100/init.o
 .rodata.COMPORT0_GPIO_MAP.10601
                0x800055a8       0x10 src/ASF/avr32/boards/evk1100/init.o
 .rodata._int_handler_table
                0x800055b8       0xa0 src/ASF/avr32/drivers/intc/intc.o
 .rodata.C.54.12465
                0x80005658       0x10 src/main.o
 .rodata.C.53.12441
                0x80005668       0x10 src/main.o
 .rodata.SD_MMC_SPI_GPIO_MAP.12439
                0x80005678       0x20 src/main.o
 .rodata.C.51.12434
                0x80005698       0x18 src/main.o

.rodata1
 *(.rodata1)

.eh_frame_hdr
 *(.eh_frame_hdr)

.eh_frame
 *(.eh_frame)

.gcc_except_table
 *(.gcc_except_table)
 *(.gcc_except_table.*)

.lalign         0x800056b0        0x0
                0x800056b0                . = ALIGN (0x8)
                0x800056b0                PROVIDE (_data_lma, .)
                0x00000004                . = ORIGIN (INTRAM)

.dalign         0x00000004        0x4
                0x00000008                . = ALIGN (0x8)
 *fill*         0x00000004        0x4 
                0x00000008                PROVIDE (_data, .)

.eh_frame
 *(.eh_frame)

.gcc_except_table
 *(.gcc_except_table)
 *(.gcc_except_table.*)

.tdata
 *(.tdata .tdata.* .gnu.linkonce.td.*)

.tbss
 *(.tbss .tbss.* .gnu.linkonce.tb.*)
 *(.tcommon)
                0x00000008                PROVIDE (__preinit_array_start, ALIGN (0x4))

.preinit_array
 *(.preinit_array)
                0x00000008                PROVIDE (__preinit_array_end, .)
                0x00000008                PROVIDE (__init_array_start, .)

.init_array
 *(.init_array)
                0x00000008                PROVIDE (__init_array_end, .)
                0x00000008                PROVIDE (__fini_array_start, .)

.fini_array
 *(.fini_array)
                0x00000008                PROVIDE (__fini_array_end, .)

.ctors
 *crtbegin*.o(.ctors)
 *(EXCLUDE_FILE(*crtend*.o) .ctors)
 *(SORT(.ctors.*))
 *(.ctors)

.dtors
 *crtbegin*.o(.dtors)
 *(EXCLUDE_FILE(*crtend*.o) .dtors)
 *(SORT(.dtors.*))
 *(.dtors)

.jcr
 *(.jcr)

.data.rel.ro
 *(.data.rel.ro.local)
 *(.data.rel.ro*)

.dynamic
 *(.dynamic)

.got
 *(.got.plt)
 *(.got)

.ramtext
 *(.ramtext .ramtext.*)

.ddalign        0x00000008        0x0 load address 0x800056b0
                0x00000008                . = ALIGN (0x8)

.data           0x00000008        0x4 load address 0x800056b0
 *(.data .data.* .gnu.linkonce.d.*)
 .data.sdram    0x00000008        0x4 src/main.o
                0x00000008                sdram
 *(.gnu.linkonce.d.*personality*)

.data1
 *(.data1)

.balign         0x0000000c        0x4 load address 0x800056b4
                0x00000010                . = ALIGN (0x8)
 *fill*         0x0000000c        0x4 
                0x00000010                PROVIDE (_edata, .)
                0x00000010                PROVIDE (edata, .)
                0x00000010                __bss_start = .

.bss            0x00000010      0x728
 *(.dynbss)
 *(.bss .bss.* .gnu.linkonce.b.*)
 .bss.sd_mmc_opt
                0x00000010       0x10 src/ASF/avr32/components/memory/sd_mmc/sd_mmc_spi/sd_mmc_spi.o
 .bss.sd_mmc_pba_hz
                0x00000020        0x4 src/ASF/avr32/components/memory/sd_mmc/sd_mmc_spi/sd_mmc_spi.o
 .bss.sd_mmc_spi_init_done
                0x00000024        0x1 src/ASF/avr32/components/memory/sd_mmc/sd_mmc_spi/sd_mmc_spi.o
                0x00000024                sd_mmc_spi_init_done
 *fill*         0x00000025        0x3 
 .bss._int_line_handler_table_0
                0x00000028        0x4 src/ASF/avr32/drivers/intc/intc.o
 .bss._int_line_handler_table_1
                0x0000002c       0x2c src/ASF/avr32/drivers/intc/intc.o
 .bss._int_line_handler_table_2
                0x00000058       0x38 src/ASF/avr32/drivers/intc/intc.o
 .bss._int_line_handler_table_3
                0x00000090       0x3c src/ASF/avr32/drivers/intc/intc.o
 .bss._int_line_handler_table_4
                0x000000cc        0x4 src/ASF/avr32/drivers/intc/intc.o
 .bss._int_line_handler_table_5
                0x000000d0        0x4 src/ASF/avr32/drivers/intc/intc.o
 .bss._int_line_handler_table_6
                0x000000d4        0x4 src/ASF/avr32/drivers/intc/intc.o
 .bss._int_line_handler_table_7
                0x000000d8        0x4 src/ASF/avr32/drivers/intc/intc.o
 .bss._int_line_handler_table_8
                0x000000dc        0x4 src/ASF/avr32/drivers/intc/intc.o
 .bss._int_line_handler_table_9
                0x000000e0        0x4 src/ASF/avr32/drivers/intc/intc.o
 .bss._int_line_handler_table_10
                0x000000e4        0x4 src/ASF/avr32/drivers/intc/intc.o
 .bss._int_line_handler_table_11
                0x000000e8        0x4 src/ASF/avr32/drivers/intc/intc.o
 .bss._int_line_handler_table_12
                0x000000ec        0x4 src/ASF/avr32/drivers/intc/intc.o
 .bss._int_line_handler_table_13
                0x000000f0        0x4 src/ASF/avr32/drivers/intc/intc.o
 .bss._int_line_handler_table_14
                0x000000f4        0xc src/ASF/avr32/drivers/intc/intc.o
 .bss._int_line_handler_table_15
                0x00000100        0x4 src/ASF/avr32/drivers/intc/intc.o
 .bss._int_line_handler_table_16
                0x00000104        0x4 src/ASF/avr32/drivers/intc/intc.o
 .bss._int_line_handler_table_17
                0x00000108        0x4 src/ASF/avr32/drivers/intc/intc.o
 .bss._int_line_handler_table_18
                0x0000010c        0x4 src/ASF/avr32/drivers/intc/intc.o
 .bss._int_line_handler_table_19
                0x00000110        0x4 src/ASF/avr32/drivers/intc/intc.o
 *(COMMON)
 COMMON         0x00000114      0x229 src/ASF/avr32/components/memory/sd_mmc/sd_mmc_spi/sd_mmc_spi.o
                0x00000114                data_mem
                0x00000318                capacity
                0x00000320                capacity_mult
                0x00000322                erase_group_size
                0x00000324                sd_mmc_spi_last_block_address
                0x00000328                r2
                0x0000032a                card_type
                0x0000032c                csd
                0x0000033c                r1
 *fill*         0x0000033d        0x3 
 COMMON         0x00000340      0x3f4 src/main.o
                0x00000340                end_of_transfer
                0x00000344                pdca_channeltx
                0x00000348                pdca_channelrx
                0x0000034c                ram_buffer
                0x00000738                . = ALIGN (0x8)
 *fill*         0x00000734        0x4 
                0x00000738                . = ALIGN (0x8)
                0x00000738                _end = .
                0x00000738                PROVIDE (end, .)
                0x00000738                __heap_start__ = ALIGN (0x8)

.heap           0x00000738     0xe8c8
 *(.heap)
                0x0000e8c8                . = (__heap_size__ == __max_heap_size__)?(((ORIGIN (INTRAM) + 0xfffc) - __stack_size__) - ABSOLUTE (.)):__heap_size__
 *fill*         0x00000738     0xe8c8 
                0x0000f000                __heap_end__ = .

.stab
 *(.stab)

.stabstr
 *(.stabstr)

.stab.excl
 *(.stab.excl)

.stab.exclstr
 *(.stab.exclstr)

.stab.index
 *(.stab.index)

.stab.indexstr
 *(.stab.indexstr)

.comment        0x00000000       0x30
 *(.comment)
 .comment       0x00000000       0x30 src/ASF/avr32/components/memory/sd_mmc/sd_mmc_spi/sd_mmc_spi.o
                                 0x31 (size before relaxing)
 .comment       0x00000000       0x31 src/ASF/avr32/drivers/ebi/sdramc/sdramc.o
 .comment       0x00000000       0x31 src/ASF/avr32/drivers/pm/pm.o
 .comment       0x00000000       0x31 src/ASF/avr32/drivers/pm/pm_conf_clocks.o
 .comment       0x00000000       0x31 src/ASF/avr32/drivers/flashc/flashc.o
 .comment       0x00000000       0x31 src/ASF/avr32/drivers/pdca/pdca.o
 .comment       0x00000000       0x31 src/ASF/avr32/drivers/spi/spi.o
 .comment       0x00000000       0x31 src/ASF/avr32/drivers/usart/usart.o
 .comment       0x00000000       0x31 src/ASF/avr32/utils/debug/print_funcs.o
 .comment       0x00000000       0x31 src/ASF/avr32/boards/evk1100/init.o
 .comment       0x00000000       0x31 src/ASF/avr32/drivers/gpio/gpio.o
 .comment       0x00000000       0x31 src/ASF/avr32/drivers/intc/intc.o
 .comment       0x00000000       0x31 src/main.o

.debug
 *(.debug)

.line
 *(.line)

.debug_srcinfo
 *(.debug_srcinfo)

.debug_sfnames
 *(.debug_sfnames)

.debug_aranges  0x00000000      0xa18
 *(.debug_aranges)
 .debug_aranges
                0x00000000       0xf0 src/ASF/avr32/components/memory/sd_mmc/sd_mmc_spi/sd_mmc_spi.o
 .debug_aranges
                0x000000f0       0x40 src/ASF/avr32/drivers/ebi/sdramc/sdramc.o
 .debug_aranges
                0x00000130      0x198 src/ASF/avr32/drivers/pm/pm.o
 .debug_aranges
                0x000002c8       0x28 src/ASF/avr32/drivers/pm/pm_conf_clocks.o
 .debug_aranges
                0x000002f0      0x220 src/ASF/avr32/drivers/flashc/flashc.o
 .debug_aranges
                0x00000510       0xc0 src/ASF/avr32/drivers/pdca/pdca.o
 .debug_aranges
                0x000005d0       0xa8 src/ASF/avr32/drivers/spi/spi.o
 .debug_aranges
                0x00000678      0x108 src/ASF/avr32/drivers/usart/usart.o
 .debug_aranges
                0x00000780       0x88 src/ASF/avr32/utils/debug/print_funcs.o
 .debug_aranges
                0x00000808       0x20 src/ASF/avr32/boards/evk1100/init.o
 .debug_aranges
                0x00000828      0x108 src/ASF/avr32/drivers/gpio/gpio.o
 .debug_aranges
                0x00000930       0x20 src/ASF/avr32/drivers/intc/exception.o
 .debug_aranges
                0x00000950       0x40 src/ASF/avr32/drivers/intc/intc.o
 .debug_aranges
                0x00000990       0x28 src/ASF/avr32/utils/startup/startup_uc3.o
 .debug_aranges
                0x000009b8       0x20 src/ASF/avr32/utils/startup/trampoline_uc3.o
 .debug_aranges
                0x000009d8       0x40 src/main.o

.debug_pubnames
                0x00000000     0x1ab7
 *(.debug_pubnames)
 .debug_pubnames
                0x00000000      0x3b1 src/ASF/avr32/components/memory/sd_mmc/sd_mmc_spi/sd_mmc_spi.o
 .debug_pubnames
                0x000003b1       0x5b src/ASF/avr32/drivers/ebi/sdramc/sdramc.o
 .debug_pubnames
                0x0000040c      0x3ee src/ASF/avr32/drivers/pm/pm.o
 .debug_pubnames
                0x000007fa       0x45 src/ASF/avr32/drivers/pm/pm_conf_clocks.o
 .debug_pubnames
                0x0000083f      0x771 src/ASF/avr32/drivers/flashc/flashc.o
 .debug_pubnames
                0x00000fb0      0x238 src/ASF/avr32/drivers/pdca/pdca.o
 .debug_pubnames
                0x000011e8      0x178 src/ASF/avr32/drivers/spi/spi.o
 .debug_pubnames
                0x00001360      0x227 src/ASF/avr32/drivers/usart/usart.o
 .debug_pubnames
                0x00001587      0x10f src/ASF/avr32/utils/debug/print_funcs.o
 .debug_pubnames
                0x00001696       0x21 src/ASF/avr32/boards/evk1100/init.o
 .debug_pubnames
                0x000016b7      0x330 src/ASF/avr32/drivers/gpio/gpio.o
 .debug_pubnames
                0x000019e7       0x62 src/ASF/avr32/drivers/intc/intc.o
 .debug_pubnames
                0x00001a49       0x6e src/main.o

.debug_info     0x00000000     0xe032
 *(.debug_info .gnu.linkonce.wi.*)
 .debug_info    0x00000000     0x12bd src/ASF/avr32/components/memory/sd_mmc/sd_mmc_spi/sd_mmc_spi.o
 .debug_info    0x000012bd      0xbad src/ASF/avr32/drivers/ebi/sdramc/sdramc.o
 .debug_info    0x00001e6a     0x1ac3 src/ASF/avr32/drivers/pm/pm.o
 .debug_info    0x0000392d      0xf44 src/ASF/avr32/drivers/pm/pm_conf_clocks.o
 .debug_info    0x00004871     0x1c23 src/ASF/avr32/drivers/flashc/flashc.o
 .debug_info    0x00006494      0xad2 src/ASF/avr32/drivers/pdca/pdca.o
 .debug_info    0x00006f66     0x109d src/ASF/avr32/drivers/spi/spi.o
 .debug_info    0x00008003     0x1d7d src/ASF/avr32/drivers/usart/usart.o
 .debug_info    0x00009d80     0x1674 src/ASF/avr32/utils/debug/print_funcs.o
 .debug_info    0x0000b3f4      0x16b src/ASF/avr32/boards/evk1100/init.o
 .debug_info    0x0000b55f      0xb34 src/ASF/avr32/drivers/gpio/gpio.o
 .debug_info    0x0000c093       0xd5 src/ASF/avr32/drivers/intc/exception.o
 .debug_info    0x0000c168      0x5b2 src/ASF/avr32/drivers/intc/intc.o
 .debug_info    0x0000c71a       0xd4 src/ASF/avr32/utils/startup/startup_uc3.o
 .debug_info    0x0000c7ee       0xdb src/ASF/avr32/utils/startup/trampoline_uc3.o
 .debug_info    0x0000c8c9     0x1769 src/main.o

.debug_abbrev   0x00000000     0x18f1
 *(.debug_abbrev)
 .debug_abbrev  0x00000000      0x248 src/ASF/avr32/components/memory/sd_mmc/sd_mmc_spi/sd_mmc_spi.o
 .debug_abbrev  0x00000248      0x1b6 src/ASF/avr32/drivers/ebi/sdramc/sdramc.o
 .debug_abbrev  0x000003fe      0x235 src/ASF/avr32/drivers/pm/pm.o
 .debug_abbrev  0x00000633      0x185 src/ASF/avr32/drivers/pm/pm_conf_clocks.o
 .debug_abbrev  0x000007b8      0x285 src/ASF/avr32/drivers/flashc/flashc.o
 .debug_abbrev  0x00000a3d      0x24e src/ASF/avr32/drivers/pdca/pdca.o
 .debug_abbrev  0x00000c8b      0x204 src/ASF/avr32/drivers/spi/spi.o
 .debug_abbrev  0x00000e8f      0x259 src/ASF/avr32/drivers/usart/usart.o
 .debug_abbrev  0x000010e8      0x17f src/ASF/avr32/utils/debug/print_funcs.o
 .debug_abbrev  0x00001267       0xae src/ASF/avr32/boards/evk1100/init.o
 .debug_abbrev  0x00001315      0x1d6 src/ASF/avr32/drivers/gpio/gpio.o
 .debug_abbrev  0x000014eb       0x14 src/ASF/avr32/drivers/intc/exception.o
 .debug_abbrev  0x000014ff      0x1b6 src/ASF/avr32/drivers/intc/intc.o
 .debug_abbrev  0x000016b5       0x12 src/ASF/avr32/utils/startup/startup_uc3.o
 .debug_abbrev  0x000016c7       0x14 src/ASF/avr32/utils/startup/trampoline_uc3.o
 .debug_abbrev  0x000016db      0x216 src/main.o

.debug_line     0x00000000     0x7c1d
 *(.debug_line)
 .debug_line    0x00000000      0xbc3 src/ASF/avr32/components/memory/sd_mmc/sd_mmc_spi/sd_mmc_spi.o
 .debug_line    0x00000bc3      0x84e src/ASF/avr32/drivers/ebi/sdramc/sdramc.o
 .debug_line    0x00001411      0xa81 src/ASF/avr32/drivers/pm/pm.o
 .debug_line    0x00001e92      0x75c src/ASF/avr32/drivers/pm/pm_conf_clocks.o
 .debug_line    0x000025ee      0xc9f src/ASF/avr32/drivers/flashc/flashc.o
 .debug_line    0x0000328d      0x88b src/ASF/avr32/drivers/pdca/pdca.o
 .debug_line    0x00003b18      0x88c src/ASF/avr32/drivers/spi/spi.o
 .debug_line    0x000043a4      0xa8e src/ASF/avr32/drivers/usart/usart.o
 .debug_line    0x00004e32      0x897 src/ASF/avr32/utils/debug/print_funcs.o
 .debug_line    0x000056c9      0x764 src/ASF/avr32/boards/evk1100/init.o
 .debug_line    0x00005e2d      0x99d src/ASF/avr32/drivers/gpio/gpio.o
 .debug_line    0x000067ca      0x109 src/ASF/avr32/drivers/intc/exception.o
 .debug_line    0x000068d3      0x71c src/ASF/avr32/drivers/intc/intc.o
 .debug_line    0x00006fef       0xf2 src/ASF/avr32/utils/startup/startup_uc3.o
 .debug_line    0x000070e1       0x67 src/ASF/avr32/utils/startup/trampoline_uc3.o
 .debug_line    0x00007148      0xad5 src/main.o

.debug_frame    0x00000000     0x1f00
 *(.debug_frame)
 .debug_frame   0x00000000      0x314 src/ASF/avr32/components/memory/sd_mmc/sd_mmc_spi/sd_mmc_spi.o
 .debug_frame   0x00000314       0x9c src/ASF/avr32/drivers/ebi/sdramc/sdramc.o
 .debug_frame   0x000003b0      0x550 src/ASF/avr32/drivers/pm/pm.o
 .debug_frame   0x00000900       0x64 src/ASF/avr32/drivers/pm/pm_conf_clocks.o
 .debug_frame   0x00000964      0x780 src/ASF/avr32/drivers/flashc/flashc.o
 .debug_frame   0x000010e4      0x25c src/ASF/avr32/drivers/pdca/pdca.o
 .debug_frame   0x00001340      0x208 src/ASF/avr32/drivers/spi/spi.o
 .debug_frame   0x00001548      0x358 src/ASF/avr32/drivers/usart/usart.o
 .debug_frame   0x000018a0      0x198 src/ASF/avr32/utils/debug/print_funcs.o
 .debug_frame   0x00001a38       0x2c src/ASF/avr32/boards/evk1100/init.o
 .debug_frame   0x00001a64      0x358 src/ASF/avr32/drivers/gpio/gpio.o
 .debug_frame   0x00001dbc       0x9c src/ASF/avr32/drivers/intc/intc.o
 .debug_frame   0x00001e58       0xa8 src/main.o

.debug_str      0x00000000     0x349b
 *(.debug_str)
 .debug_str     0x00000000      0x782 src/ASF/avr32/components/memory/sd_mmc/sd_mmc_spi/sd_mmc_spi.o
                                0x820 (size before relaxing)
 .debug_str     0x00000782      0x3af src/ASF/avr32/drivers/ebi/sdramc/sdramc.o
                                0x50f (size before relaxing)
 .debug_str     0x00000b31      0x7b9 src/ASF/avr32/drivers/pm/pm.o
                                0x9dd (size before relaxing)
 .debug_str     0x000012ea       0xb7 src/ASF/avr32/drivers/pm/pm_conf_clocks.o
                                0x56c (size before relaxing)
 .debug_str     0x000013a1      0xa76 src/ASF/avr32/drivers/flashc/flashc.o
                                0xc83 (size before relaxing)
 .debug_str     0x00001e17      0x347 src/ASF/avr32/drivers/pdca/pdca.o
                                0x4d4 (size before relaxing)
 .debug_str     0x0000215e      0x19f src/ASF/avr32/drivers/spi/spi.o
                                0x5aa (size before relaxing)
 .debug_str     0x000022fd      0x75d src/ASF/avr32/drivers/usart/usart.o
                                0x944 (size before relaxing)
 .debug_str     0x00002a5a      0x120 src/ASF/avr32/utils/debug/print_funcs.o
                                0x683 (size before relaxing)
 .debug_str     0x00002b7a       0x8b src/ASF/avr32/boards/evk1100/init.o
                                0x1c8 (size before relaxing)
 .debug_str     0x00002c05      0x413 src/ASF/avr32/drivers/gpio/gpio.o
                                0x571 (size before relaxing)
 .debug_str     0x00003018      0x37d src/ASF/avr32/drivers/intc/intc.o
                                0x4c5 (size before relaxing)
 .debug_str     0x00003395      0x106 src/main.o
                                0x7aa (size before relaxing)

.debug_loc      0x00000000     0x2d85
 *(.debug_loc)
 .debug_loc     0x00000000      0x489 src/ASF/avr32/components/memory/sd_mmc/sd_mmc_spi/sd_mmc_spi.o
 .debug_loc     0x00000489       0xd7 src/ASF/avr32/drivers/ebi/sdramc/sdramc.o
 .debug_loc     0x00000560      0x810 src/ASF/avr32/drivers/pm/pm.o
 .debug_loc     0x00000d70       0x56 src/ASF/avr32/drivers/pm/pm_conf_clocks.o
 .debug_loc     0x00000dc6      0xaeb src/ASF/avr32/drivers/flashc/flashc.o
 .debug_loc     0x000018b1      0x387 src/ASF/avr32/drivers/pdca/pdca.o
 .debug_loc     0x00001c38      0x306 src/ASF/avr32/drivers/spi/spi.o
 .debug_loc     0x00001f3e      0x50a src/ASF/avr32/drivers/usart/usart.o
 .debug_loc     0x00002448      0x25a src/ASF/avr32/utils/debug/print_funcs.o
 .debug_loc     0x000026a2       0x2b src/ASF/avr32/boards/evk1100/init.o
 .debug_loc     0x000026cd      0x50a src/ASF/avr32/drivers/gpio/gpio.o
 .debug_loc     0x00002bd7       0xd7 src/ASF/avr32/drivers/intc/intc.o
 .debug_loc     0x00002cae       0xd7 src/main.o

.debug_macinfo  0x00000000   0xc11b44
 *(.debug_macinfo)
 .debug_macinfo
                0x00000000    0xf0165 src/ASF/avr32/components/memory/sd_mmc/sd_mmc_spi/sd_mmc_spi.o
 .debug_macinfo
                0x000f0165    0xeec79 src/ASF/avr32/drivers/ebi/sdramc/sdramc.o
 .debug_macinfo
                0x001dedde    0xec516 src/ASF/avr32/drivers/pm/pm.o
 .debug_macinfo
                0x002cb2f4    0xec568 src/ASF/avr32/drivers/pm/pm_conf_clocks.o
 .debug_macinfo
                0x003b785c    0xec5ce src/ASF/avr32/drivers/flashc/flashc.o
 .debug_macinfo
                0x004a3e2a    0xec5ee src/ASF/avr32/drivers/pdca/pdca.o
 .debug_macinfo
                0x00590418    0xec4fa src/ASF/avr32/drivers/spi/spi.o
 .debug_macinfo
                0x0067c912    0xec8bf src/ASF/avr32/drivers/usart/usart.o
 .debug_macinfo
                0x007691d1    0xef251 src/ASF/avr32/utils/debug/print_funcs.o
 .debug_macinfo
                0x00858422    0xeeb67 src/ASF/avr32/boards/evk1100/init.o
 .debug_macinfo
                0x00946f89    0xec6ac src/ASF/avr32/drivers/gpio/gpio.o
 .debug_macinfo
                0x00a33635    0xec759 src/ASF/avr32/drivers/intc/intc.o
 .debug_macinfo
                0x00b1fd8e    0xf1db6 src/main.o

.debug_weaknames
 *(.debug_weaknames)

.debug_funcnames
 *(.debug_funcnames)

.debug_typenames
 *(.debug_typenames)

.debug_varnames
 *(.debug_varnames)

.stack          0x0000f000     0x1000
                0x0000f000                _stack = .
 *(.stack)
                0x00001000                . = __stack_size__
 *fill*         0x0000f000     0x1000 
                0x00010000                _estack = .

.userpage
 *(.userpage .userpage.*)

/DISCARD/
 *(.note.GNU-stack)
OUTPUT(Lab_2_Task_2_Complete.elf elf32-avr32)

.debug_ranges   0x00000000      0x968
 .debug_ranges  0x00000000       0xe8 src/ASF/avr32/components/memory/sd_mmc/sd_mmc_spi/sd_mmc_spi.o
 .debug_ranges  0x000000e8       0x38 src/ASF/avr32/drivers/ebi/sdramc/sdramc.o
 .debug_ranges  0x00000120      0x190 src/ASF/avr32/drivers/pm/pm.o
 .debug_ranges  0x000002b0       0x20 src/ASF/avr32/drivers/pm/pm_conf_clocks.o
 .debug_ranges  0x000002d0      0x218 src/ASF/avr32/drivers/flashc/flashc.o
 .debug_ranges  0x000004e8       0xb8 src/ASF/avr32/drivers/pdca/pdca.o
 .debug_ranges  0x000005a0       0xa0 src/ASF/avr32/drivers/spi/spi.o
 .debug_ranges  0x00000640      0x100 src/ASF/avr32/drivers/usart/usart.o
 .debug_ranges  0x00000740       0x80 src/ASF/avr32/utils/debug/print_funcs.o
 .debug_ranges  0x000007c0       0x18 src/ASF/avr32/boards/evk1100/init.o
 .debug_ranges  0x000007d8      0x100 src/ASF/avr32/drivers/gpio/gpio.o
 .debug_ranges  0x000008d8       0x38 src/ASF/avr32/drivers/intc/intc.o
 .debug_ranges  0x00000910       0x20 src/ASF/avr32/utils/startup/startup_uc3.o
 .debug_ranges  0x00000930       0x38 src/main.o
