Archive member included because of file (symbol)

c:/program files (x86)/atmel/atmel toolchain/avr32 gcc/native/3.4.1067/avr32-gnu-toolchain/bin/../lib/gcc/avr32/4.4.7/ucr2\libgcc.a(_avr32_f32_div.o)
                              src/main.o (__avr32_f32_div)
c:/program files (x86)/atmel/atmel toolchain/avr32 gcc/native/3.4.1067/avr32-gnu-toolchain/bin/../lib/gcc/avr32/4.4.7/ucr2\libgcc.a(_avr32_f32_mul.o)
                              src/main.o (__avr32_f32_mul)
c:/program files (x86)/atmel/atmel toolchain/avr32 gcc/native/3.4.1067/avr32-gnu-toolchain/bin/../lib/gcc/avr32/4.4.7/ucr2\libgcc.a(_avr32_u32_to_f32.o)
                              src/main.o (__avr32_u32_to_f32)
c:/program files (x86)/atmel/atmel toolchain/avr32 gcc/native/3.4.1067/avr32-gnu-toolchain/bin/../lib/gcc/avr32/4.4.7/ucr2\libgcc.a(_avr32_f32_to_u32.o)
                              src/main.o (__avr32_f32_to_u32)
c:/program files (x86)/atmel/atmel toolchain/avr32 gcc/native/3.4.1067/avr32-gnu-toolchain/bin/../lib/gcc/avr32/4.4.7/ucr2\libgcc.a(_udivdi3.o)
                              src/ASF/avr32/components/display/dip204/dip204.o (__avr32_udiv64)
c:/program files (x86)/atmel/atmel toolchain/avr32 gcc/native/3.4.1067/avr32-gnu-toolchain/bin/../lib/gcc/avr32/4.4.7/../../../../avr32/lib/ucr2\libc.a(lib_a-ctype_.o)
                              src/ASF/avr32/services/fs/fat/navigation.o (__ctype_ptr)
c:/program files (x86)/atmel/atmel toolchain/avr32 gcc/native/3.4.1067/avr32-gnu-toolchain/bin/../lib/gcc/avr32/4.4.7/../../../../avr32/lib/ucr2\libc.a(lib_a-memcmp.o)
                              src/ASF/avr32/services/fs/fat/fat_unusual.o (memcmp)
c:/program files (x86)/atmel/atmel toolchain/avr32 gcc/native/3.4.1067/avr32-gnu-toolchain/bin/../lib/gcc/avr32/4.4.7/../../../../avr32/lib/ucr2\libc.a(lib_a-memcpy.o)
                              src/ASF/avr32/components/memory/sd_mmc/sd_mmc_spi/sd_mmc_spi.o (memcpy)
c:/program files (x86)/atmel/atmel toolchain/avr32 gcc/native/3.4.1067/avr32-gnu-toolchain/bin/../lib/gcc/avr32/4.4.7/../../../../avr32/lib/ucr2\libc.a(lib_a-memset.o)
                              src/ASF/avr32/services/fs/fat/fat.o (memset)
c:/program files (x86)/atmel/atmel toolchain/avr32 gcc/native/3.4.1067/avr32-gnu-toolchain/bin/../lib/gcc/avr32/4.4.7/../../../../avr32/lib/ucr2\libc.a(lib_a-sprintf.o)
                              src/main.o (sprintf)
c:/program files (x86)/atmel/atmel toolchain/avr32 gcc/native/3.4.1067/avr32-gnu-toolchain/bin/../lib/gcc/avr32/4.4.7/../../../../avr32/lib/ucr2\libc.a(lib_a-strcmp.o)
                              src/main.o (strcmp)
c:/program files (x86)/atmel/atmel toolchain/avr32 gcc/native/3.4.1067/avr32-gnu-toolchain/bin/../lib/gcc/avr32/4.4.7/../../../../avr32/lib/ucr2\libc.a(lib_a-vfprintf.o)
                              c:/program files (x86)/atmel/atmel toolchain/avr32 gcc/native/3.4.1067/avr32-gnu-toolchain/bin/../lib/gcc/avr32/4.4.7/../../../../avr32/lib/ucr2\libc.a(lib_a-sprintf.o) (_vfprintf_r)
c:/program files (x86)/atmel/atmel toolchain/avr32 gcc/native/3.4.1067/avr32-gnu-toolchain/bin/../lib/gcc/avr32/4.4.7/../../../../avr32/lib/ucr2\libc.a(lib_a-vsprintf.o)
                              src/ASF/avr32/components/display/dip204/dip204.o (vsprintf)
c:/program files (x86)/atmel/atmel toolchain/avr32 gcc/native/3.4.1067/avr32-gnu-toolchain/bin/../lib/gcc/avr32/4.4.7/../../../../avr32/lib/ucr2\libc.a(lib_a-wsetup.o)
                              c:/program files (x86)/atmel/atmel toolchain/avr32 gcc/native/3.4.1067/avr32-gnu-toolchain/bin/../lib/gcc/avr32/4.4.7/../../../../avr32/lib/ucr2\libc.a(lib_a-vfprintf.o) (__swsetup_r)
c:/program files (x86)/atmel/atmel toolchain/avr32 gcc/native/3.4.1067/avr32-gnu-toolchain/bin/../lib/gcc/avr32/4.4.7/../../../../avr32/lib/ucr2\libc.a(lib_a-dtoa.o)
                              c:/program files (x86)/atmel/atmel toolchain/avr32 gcc/native/3.4.1067/avr32-gnu-toolchain/bin/../lib/gcc/avr32/4.4.7/../../../../avr32/lib/ucr2\libc.a(lib_a-vfprintf.o) (_dtoa_r)
c:/program files (x86)/atmel/atmel toolchain/avr32 gcc/native/3.4.1067/avr32-gnu-toolchain/bin/../lib/gcc/avr32/4.4.7/../../../../avr32/lib/ucr2\libc.a(lib_a-fflush.o)
                              c:/program files (x86)/atmel/atmel toolchain/avr32 gcc/native/3.4.1067/avr32-gnu-toolchain/bin/../lib/gcc/avr32/4.4.7/../../../../avr32/lib/ucr2\libc.a(lib_a-vfprintf.o) (_fflush_r)
c:/program files (x86)/atmel/atmel toolchain/avr32 gcc/native/3.4.1067/avr32-gnu-toolchain/bin/../lib/gcc/avr32/4.4.7/../../../../avr32/lib/ucr2\libc.a(lib_a-findfp.o)
                              c:/program files (x86)/atmel/atmel toolchain/avr32 gcc/native/3.4.1067/avr32-gnu-toolchain/bin/../lib/gcc/avr32/4.4.7/../../../../avr32/lib/ucr2\libc.a(lib_a-vfprintf.o) (__sinit)
c:/program files (x86)/atmel/atmel toolchain/avr32 gcc/native/3.4.1067/avr32-gnu-toolchain/bin/../lib/gcc/avr32/4.4.7/../../../../avr32/lib/ucr2\libc.a(lib_a-freer.o)
[...]
Memory Configuration

Name             Origin             Length             Attributes
FLASH            0x80000000         0x00080000         axrl !w
INTRAM           0x00000004         0x0000fffc         axw !rl
USERPAGE         0x80800000         0x00000200
*default*        0x00000000         0xffffffff

Linker script and memory map

                0x00001000                _stack_size = 0x1000
LOAD src/ASF/avr32/components/display/dip204/dip204.o
LOAD src/ASF/avr32/components/memory/sd_mmc/sd_mmc_spi/sd_mmc_spi.o
LOAD src/ASF/avr32/drivers/flashc/flashc.o
LOAD src/ASF/avr32/drivers/pm/pm.o
LOAD src/ASF/avr32/drivers/usbb/usbb_device.o
LOAD src/ASF/common/services/usb/class/cdc/device/udi_cdc.o
LOAD src/ASF/common/services/usb/udc/udc.o
LOAD src/ASF/common/services/usb/class/cdc/device/udi_cdc_desc.o
LOAD src/ASF/common/services/sleepmgr/uc3/sleepmgr.o
LOAD src/ASF/avr32/drivers/pm/pm_conf_clocks.o
LOAD src/ASF/avr32/drivers/pm/power_clocks_lib.o
LOAD src/ASF/avr32/drivers/pwm/pwm.o
LOAD src/ASF/avr32/drivers/tc/tc.o
LOAD src/ASF/common/services/clock/uc3a0_a1/sysclk.o
LOAD src/ASF/avr32/drivers/spi/spi.o
LOAD src/ASF/avr32/components/memory/sd_mmc/sd_mmc_spi/sd_mmc_spi_mem.o
LOAD src/ASF/avr32/drivers/adc/adc.o
LOAD src/ASF/avr32/services/fs/fat/fat.o
LOAD src/ASF/common/services/storage/ctrl_access/ctrl_access.o
LOAD src/ASF/avr32/services/fs/fat/fat_unusual.o
LOAD src/ASF/avr32/services/fs/fat/file.o
LOAD src/ASF/avr32/services/fs/fat/navigation.o
LOAD src/ASF/avr32/boards/evk1100/init.o
LOAD src/ASF/avr32/boards/evk1100/led.o
LOAD src/ASF/avr32/drivers/gpio/gpio.o
LOAD src/ASF/avr32/drivers/intc/exception.o
LOAD src/ASF/avr32/drivers/intc/intc.o
LOAD src/ASF/avr32/utils/startup/startup_uc3.o
LOAD src/ASF/avr32/utils/startup/trampoline_uc3.o
LOAD src/main.o
START GROUP
LOAD c:/program files (x86)/atmel/atmel toolchain/avr32 gcc/native/3.4.1067/avr32-gnu-toolchain/bin/../lib/gcc/avr32/4.4.7/../../../../avr32/lib/ucr2\libm.a
END GROUP
LOAD c:/program files (x86)/atmel/atmel toolchain/avr32 gcc/native/3.4.1067/avr32-gnu-toolchain/bin/../lib/gcc/avr32/4.4.7/ucr2\libgcc.a
LOAD c:/program files (x86)/atmel/atmel toolchain/avr32 gcc/native/3.4.1067/avr32-gnu-toolchain/bin/../lib/gcc/avr32/4.4.7/../../../../avr32/lib/ucr2\libc.a
LOAD c:/program files (x86)/atmel/atmel toolchain/avr32 gcc/native/3.4.1067/avr32-gnu-toolchain/bin/../lib/gcc/avr32/4.4.7/ucr2\libgcc.a
                0xffffffff                __max_heap_size__ = 0xffffffff
                [0xffffffff]                __heap_size__ = DEFINED (__heap_size__)?__heap_size__:__max_heap_size__
                [0x00001000]                __stack_size__ = DEFINED (__stack_size__)?__stack_size__:0x1000
                0x80000000                PROVIDE (__executable_start, 0x80000000)
                0x80000000                . = 0x80000000

.interp
 *(.interp)

.reset          0x80000000     0x2010
 *(.reset)
 .reset         0x80000000        0x8 src/ASF/avr32/utils/startup/startup_uc3.o
                0x80000000                _start
 .reset         0x80000008     0x2008 src/ASF/avr32/utils/startup/trampoline_uc3.o
                0x80000008                _trampoline

.hash
 *(.hash)

.dynsym
 *(.dynsym)

.dynstr
 *(.dynstr)

.gnu.version
 *(.gnu.version)

.gnu.version_d
 *(.gnu.version_d)

.gnu.version_r
 *(.gnu.version_r)

.rel.init
 *(.rel.init)

.rela.init
 *(.rela.init)

.rel.text
 *(.rel.text .rel.text.* .rel.gnu.linkonce.t.*)

.rela.text
 *(.rela.text .rela.text.* .rela.gnu.linkonce.t.*)

.rel.fini
 *(.rel.fini)

.rela.fini
 *(.rela.fini)

.rel.rodata
 *(.rel.rodata .rel.rodata.* .rel.gnu.linkonce.r.*)

.rela.rodata
 *(.rela.rodata .rela.rodata.* .rela.gnu.linkonce.r.*)

.rel.data.rel.ro
 *(.rel.data.rel.ro*)

.rela.data.rel.ro
 *(.rel.data.rel.ro*)

.rel.data
 *(.rel.data .rel.data.* .rel.gnu.linkonce.d.*)

.rela.data
 *(.rela.data .rela.data.* .rela.gnu.linkonce.d.*)

.rel.tdata
 *(.rel.tdata .rel.tdata.* .rel.gnu.linkonce.td.*)

.rela.tdata
 *(.rela.tdata .rela.tdata.* .rela.gnu.linkonce.td.*)

.rel.tbss
 *(.rel.tbss .rel.tbss.* .rel.gnu.linkonce.tb.*)

.rela.tbss
 *(.rela.tbss .rela.tbss.* .rela.gnu.linkonce.tb.*)

.rel.ctors
 *(.rel.ctors)

.rela.ctors
 *(.rela.ctors)

.rel.dtors
 *(.rel.dtors)

.rela.dtors
 *(.rela.dtors)

.rel.got
 *(.rel.got)

.rela.got       0x80002010        0x0
 *(.rela.got)
 .rela.got      0x80002010        0x0 src/ASF/avr32/drivers/flashc/flashc.o

.rel.bss
 *(.rel.bss .rel.bss.* .rel.gnu.linkonce.b.*)

.rela.bss
 *(.rela.bss .rela.bss.* .rela.gnu.linkonce.b.*)

.rel.plt
 *(.rel.plt)

.rela.plt
 *(.rela.plt)

.init
 *(.init)

.plt
 *(.plt)

.text           0x80002010    0x12b3c
 *(.text .stub .text.* .gnu.linkonce.t.*)
 .text.osc_get_rate
                0x80002010       0x36 src/ASF/avr32/components/display/dip204/dip204.o
 *fill*         0x80002046        0x2 d703d703
 .text.sysclk_get_main_hz
                0x80002048       0x1c src/ASF/avr32/components/display/dip204/dip204.o
 .text.sysclk_get_cpu_hz
                0x80002064       0x18 src/ASF/avr32/components/display/dip204/dip204.o
 .text.dip204_init
                0x8000207c      0xadc src/ASF/avr32/components/display/dip204/dip204.o
                0x8000207c                dip204_init
 .text.dip204_hide_cursor
                0x80002b58       0x34 src/ASF/avr32/components/display/dip204/dip204.o
                0x80002b58                dip204_hide_cursor
 .text.dip204_set_cursor_position
                0x80002b8c       0x88 src/ASF/avr32/components/display/dip204/dip204.o
                0x80002b8c                dip204_set_cursor_position
 .text.dip204_clear_display
                0x80002c14      0x17c src/ASF/avr32/components/display/dip204/dip204.o
                0x80002c14                dip204_clear_display
 .text.dip204_write_string
                0x80002d90       0x70 src/ASF/avr32/components/display/dip204/dip204.o
                0x80002d90                dip204_write_string
 .text.dip204_select
                0x80002e00       0x18 src/ASF/avr32/components/display/dip204/dip204.o
 .text.dip204_unselect
                0x80002e18       0x18 src/ASF/avr32/components/display/dip204/dip204.o
 .text.dip204_write_byte
                0x80002e30       0x88 src/ASF/avr32/components/display/dip204/dip204.o
 .text.dip204_read_byte
                0x80002eb8       0x5c src/ASF/avr32/components/display/dip204/dip204.o
 .text.dip204_wait_busy
                0x80002f14       0x3c src/ASF/avr32/components/display/dip204/dip204.o
 .text.sd_mmc_spi_internal_init
                0x80002f50      0x30c src/ASF/avr32/components/memory/sd_mmc/sd_mmc_spi/sd_mmc_spi.o
                0x80002f50                sd_mmc_spi_internal_init
 .text.sd_mmc_spi_init
                0x8000325c       0x40 src/ASF/avr32/components/memory/sd_mmc/sd_mmc_spi/sd_mmc_spi.o
                0x8000325c                sd_mmc_spi_init
 .text.sd_mmc_spi_send_command
                0x8000329c       0x58 src/ASF/avr32/components/memory/sd_mmc/sd_mmc_spi/sd_mmc_spi.o
                0x8000329c                sd_mmc_spi_send_command
 .text.sd_mmc_spi_command
                0x800032f4      0x110 src/ASF/avr32/components/memory/sd_mmc/sd_mmc_spi/sd_mmc_spi.o
                0x800032f4                sd_mmc_spi_command
 .text.sd_mmc_spi_send_and_read
                0x80003404       0x4c src/ASF/avr32/components/memory/sd_mmc/sd_mmc_spi/sd_mmc_spi.o
                0x80003404                sd_mmc_spi_send_and_read
 .text.sd_mmc_spi_get_if
                0x80003450       0xe0 src/ASF/avr32/components/memory/sd_mmc/sd_mmc_spi/sd_mmc_spi.o
                0x80003450                sd_mmc_spi_get_if
 .text.sd_mmc_spi_check_hc
                0x80003530       0xbc src/ASF/avr32/components/memory/sd_mmc/sd_mmc_spi/sd_mmc_spi.o
                0x80003530                sd_mmc_spi_check_hc
 .text.sd_mmc_spi_get_csd
                0x800035ec      0x144 src/ASF/avr32/components/memory/sd_mmc/sd_mmc_spi/sd_mmc_spi.o
                0x800035ec                sd_mmc_spi_get_csd
 .text.sd_mmc_spi_get_capacity
                0x80003730      0x1f0 src/ASF/avr32/components/memory/sd_mmc/sd_mmc_spi/sd_mmc_spi.o
                0x80003730                sd_mmc_spi_get_capacity
 .text.sd_mmc_spi_wait_not_busy
                0x80003920       0x7c src/ASF/avr32/components/memory/sd_mmc/sd_mmc_spi/sd_mmc_spi.o
                0x80003920                sd_mmc_spi_wait_not_busy
 .text.sd_mmc_spi_check_presence
                0x8000399c       0x9c src/ASF/avr32/components/memory/sd_mmc/sd_mmc_spi/sd_mmc_spi.o
                0x8000399c                sd_mmc_spi_check_presence
 .text.sd_mmc_spi_mem_check
                0x80003a38       0x3c src/ASF/avr32/components/memory/sd_mmc/sd_mmc_spi/sd_mmc_spi.o
                0x80003a38                sd_mmc_spi_mem_check
 .text.sd_mmc_spi_read_open
                0x80003a74       0x30 src/ASF/avr32/components/memory/sd_mmc/sd_mmc_spi/sd_mmc_spi.o
                0x80003a74                sd_mmc_spi_read_open
 .text.sd_mmc_spi_read_close
                0x80003aa4       0x24 src/ASF/avr32/components/memory/sd_mmc/sd_mmc_spi/sd_mmc_spi.o
                0x80003aa4                sd_mmc_spi_read_close
 .text.sd_mmc_spi_write_open
                0x80003ac8       0x30 src/ASF/avr32/components/memory/sd_mmc/sd_mmc_spi/sd_mmc_spi.o
                0x80003ac8                sd_mmc_spi_write_open
 .text.sd_mmc_spi_write_close
                0x80003af8        0xa src/ASF/avr32/components/memory/sd_mmc/sd_mmc_spi/sd_mmc_spi.o
                0x80003af8                sd_mmc_spi_write_close
 *fill*         0x80003b02        0x2 d703d703
 .text.sd_mmc_spi_read_sector_to_ram
                0x80003b04      0x1b4 src/ASF/avr32/components/memory/sd_mmc/sd_mmc_spi/sd_mmc_spi.o
                0x80003b04                sd_mmc_spi_read_sector_to_ram
 .text.sd_mmc_spi_write_sector_from_ram
                0x80003cb8      0x1b4 src/ASF/avr32/components/memory/sd_mmc/sd_mmc_spi/sd_mmc_spi.o
                0x80003cb8                sd_mmc_spi_write_sector_from_ram
 .text.flashc_set_wait_state
                0x80003e6c       0x46 src/ASF/avr32/drivers/flashc/flashc.o
                0x80003e6c                flashc_set_wait_state
 *fill*         0x80003eb2        0x2 d703d703
 .text.flashc_set_bus_freq
                0x80003eb4       0x38 src/ASF/avr32/drivers/flashc/flashc.o
                0x80003eb4                flashc_set_bus_freq
 .text.cpu_irq_save
                0x80003eec       0x1e src/ASF/avr32/drivers/usbb/usbb_device.o
 .text.cpu_irq_is_enabled_flags
                0x80003f0a       0x20 src/ASF/avr32/drivers/usbb/usbb_device.o
 *fill*         0x80003f2a        0x2 d703d703
 .text.cpu_irq_restore
                0x80003f2c       0x28 src/ASF/avr32/drivers/usbb/usbb_device.o
 .text.sleepmgr_lock_mode
                0x80003f54       0x58 src/ASF/avr32/drivers/usbb/usbb_device.o
 .text.sleepmgr_unlock_mode
                0x80003fac       0x54 src/ASF/avr32/drivers/usbb/usbb_device.o
 .text.udd_sleep_mode
                0x80004000       0x60 src/ASF/avr32/drivers/usbb/usbb_device.o
 .text.udd_interrupt
                0x80004060      0x1ac src/ASF/avr32/drivers/usbb/usbb_device.o
 .text.udd_enable
                0x8000420c      0x120 src/ASF/avr32/drivers/usbb/usbb_device.o
                0x8000420c                udd_enable
 .text.udd_attach
                0x8000432c       0xb0 src/ASF/avr32/drivers/usbb/usbb_device.o
                0x8000432c                udd_attach
 .text.udd_detach
                0x800043dc       0x40 src/ASF/avr32/drivers/usbb/usbb_device.o
                0x800043dc                udd_detach
 .text.udd_is_high_speed
                0x8000441c        0xe src/ASF/avr32/drivers/usbb/usbb_device.o
                0x8000441c                udd_is_high_speed
 .text.udd_set_address
                0x8000442a       0x4e src/ASF/avr32/drivers/usbb/usbb_device.o
                0x8000442a                udd_set_address
 .text.udd_getaddress
                0x80004478       0x18 src/ASF/avr32/drivers/usbb/usbb_device.o
                0x80004478                udd_getaddress
 .text.udd_get_frame_number
                0x80004490       0x1a src/ASF/avr32/drivers/usbb/usbb_device.o
                0x80004490                udd_get_frame_number
 .text.udd_get_micro_frame_number
                0x800044aa       0x1a src/ASF/avr32/drivers/usbb/usbb_device.o
                0x800044aa                udd_get_micro_frame_number
 .text.udd_set_setup_payload
                0x800044c4       0x2c src/ASF/avr32/drivers/usbb/usbb_device.o
                0x800044c4                udd_set_setup_payload
 .text.udd_ep_alloc
                0x800044f0      0x350 src/ASF/avr32/drivers/usbb/usbb_device.o
                0x800044f0                udd_ep_alloc
 .text.udd_ep_free
                0x80004840       0x9c src/ASF/avr32/drivers/usbb/usbb_device.o
                0x80004840                udd_ep_free
 .text.udd_ep_is_halted
                0x800048dc       0x2e src/ASF/avr32/drivers/usbb/usbb_device.o
                0x800048dc                udd_ep_is_halted
 *fill*         0x8000490a        0x2 d703d703
 .text.udd_ep_set_halt
                0x8000490c      0x114 src/ASF/avr32/drivers/usbb/usbb_device.o
                0x8000490c                udd_ep_set_halt
 .text.udd_ep_clear_halt
                0x80004a20      0x140 src/ASF/avr32/drivers/usbb/usbb_device.o
                0x80004a20                udd_ep_clear_halt
 .text.udd_ep_run
                0x80004b60      0x124 src/ASF/avr32/drivers/usbb/usbb_device.o
                0x80004b60                udd_ep_run
 .text.udd_ep_abort
                0x80004c84       0x9c src/ASF/avr32/drivers/usbb/usbb_device.o
                0x80004c84                udd_ep_abort
 .text.udd_reset_ep_ctrl
                0x80004d20       0xe4 src/ASF/avr32/drivers/usbb/usbb_device.o
 .text.udd_ctrl_init
                0x80004e04       0x58 src/ASF/avr32/drivers/usbb/usbb_device.o
 .text.udd_ctrl_setup_received
                0x80004e5c      0x164 src/ASF/avr32/drivers/usbb/usbb_device.o
 .text.udd_ctrl_in_sent
                0x80004fc0      0x1a0 src/ASF/avr32/drivers/usbb/usbb_device.o
 .text.udd_ctrl_out_received
                0x80005160      0x1f4 src/ASF/avr32/drivers/usbb/usbb_device.o
 .text.udd_ctrl_underflow
                0x80005354       0x44 src/ASF/avr32/drivers/usbb/usbb_device.o
 .text.udd_ctrl_overflow
                0x80005398       0x34 src/ASF/avr32/drivers/usbb/usbb_device.o
 .text.udd_ctrl_stall_data
                0x800053cc       0x20 src/ASF/avr32/drivers/usbb/usbb_device.o
 .text.udd_ctrl_send_zlp_in
                0x800053ec       0x54 src/ASF/avr32/drivers/usbb/usbb_device.o
 .text.udd_ctrl_send_zlp_out
                0x80005440       0x44 src/ASF/avr32/drivers/usbb/usbb_device.o
 .text.udd_ctrl_endofrequest
                0x80005484       0x1c src/ASF/avr32/drivers/usbb/usbb_device.o
 .text.udd_ctrl_interrupt
                0x800054a0       0xc8 src/ASF/avr32/drivers/usbb/usbb_device.o
 .text.udd_ep_job_table_reset
                0x80005568       0x6c src/ASF/avr32/drivers/usbb/usbb_device.o
 .text.udd_ep_job_table_kill
                0x800055d4       0x5c src/ASF/avr32/drivers/usbb/usbb_device.o
 .text.udd_ep_abort_job
                0x80005630       0x4c src/ASF/avr32/drivers/usbb/usbb_device.o
 .text.udd_ep_finish_job
                0x8000567c       0x84 src/ASF/avr32/drivers/usbb/usbb_device.o
 .text.udd_ep_trans_done
                0x80005700      0x250 src/ASF/avr32/drivers/usbb/usbb_device.o
 .text.udd_ep_interrupt
                0x80005950      0x214 src/ASF/avr32/drivers/usbb/usbb_device.o
 .text.cpu_irq_save
                0x80005b64       0x1e src/ASF/common/services/usb/class/cdc/device/udi_cdc.o
 .text.cpu_irq_is_enabled_flags
                0x80005b82       0x20 src/ASF/common/services/usb/class/cdc/device/udi_cdc.o
 *fill*         0x80005ba2        0x2 d703d703
 .text.cpu_irq_restore
                0x80005ba4       0x28 src/ASF/common/services/usb/class/cdc/device/udi_cdc.o
 .text.udi_cdc_comm_enable
                0x80005bcc      0x18c src/ASF/common/services/usb/class/cdc/device/udi_cdc.o
                0x80005bcc                udi_cdc_comm_enable
 .text.udi_cdc_data_enable
                0x80005d58      0x128 src/ASF/common/services/usb/class/cdc/device/udi_cdc.o
                0x80005d58                udi_cdc_data_enable
 .text.udi_cdc_comm_disable
                0x80005e80       0x1c src/ASF/common/services/usb/class/cdc/device/udi_cdc.o
                0x80005e80                udi_cdc_comm_disable
 .text.udi_cdc_data_disable
                0x80005e9c       0x34 src/ASF/common/services/usb/class/cdc/device/udi_cdc.o
                0x80005e9c                udi_cdc_data_disable
 .text.udi_cdc_comm_setup
                0x80005ed0       0xe8 src/ASF/common/services/usb/class/cdc/device/udi_cdc.o
                0x80005ed0                udi_cdc_comm_setup
 .text.udi_cdc_data_setup
                0x80005fb8        0xe src/ASF/common/services/usb/class/cdc/device/udi_cdc.o
                0x80005fb8                udi_cdc_data_setup
 .text.udi_cdc_getsetting
                0x80005fc6        0xe src/ASF/common/services/usb/class/cdc/device/udi_cdc.o
                0x80005fc6                udi_cdc_getsetting
 .text.udi_cdc_data_sof_notify
                0x80005fd4       0x1c src/ASF/common/services/usb/class/cdc/device/udi_cdc.o
                0x80005fd4                udi_cdc_data_sof_notify
 .text.udi_cdc_setup_to_port
                0x80005ff0       0x34 src/ASF/common/services/usb/class/cdc/device/udi_cdc.o
 .text.udi_cdc_line_coding_received
                0x80006024       0x1c src/ASF/common/services/usb/class/cdc/device/udi_cdc.o
 .text.udi_cdc_rx_start
                0x80006040      0x120 src/ASF/common/services/usb/class/cdc/device/udi_cdc.o
 .text.udi_cdc_data_received
                0x80006160       0xd4 src/ASF/common/services/usb/class/cdc/device/udi_cdc.o
 .text.udi_cdc_data_sent
                0x80006234       0x9c src/ASF/common/services/usb/class/cdc/device/udi_cdc.o
 .text.udi_cdc_tx_send
                0x800062d0      0x238 src/ASF/common/services/usb/class/cdc/device/udi_cdc.o
 .text.udi_cdc_multi_get_nb_received_data
                0x80006508       0x84 src/ASF/common/services/usb/class/cdc/device/udi_cdc.o
                0x80006508                udi_cdc_multi_get_nb_received_data
 .text.udi_cdc_multi_is_rx_ready
                0x8000658c       0x2c src/ASF/common/services/usb/class/cdc/device/udi_cdc.o
                0x8000658c                udi_cdc_multi_is_rx_ready
 .text.udi_cdc_is_rx_ready
                0x800065b8       0x18 src/ASF/common/services/usb/class/cdc/device/udi_cdc.o
                0x800065b8                udi_cdc_is_rx_ready
 .text.udi_cdc_multi_read_buf
                0x800065d0      0x190 src/ASF/common/services/usb/class/cdc/device/udi_cdc.o
                0x800065d0                udi_cdc_multi_read_buf
 .text.udi_cdc_read_buf
                0x80006760       0x2c src/ASF/common/services/usb/class/cdc/device/udi_cdc.o
                0x80006760                udi_cdc_read_buf
 .text.udi_cdc_multi_get_free_tx_buffer
                0x8000678c       0xd8 src/ASF/common/services/usb/class/cdc/device/udi_cdc.o
                0x8000678c                udi_cdc_multi_get_free_tx_buffer
 .text.udi_cdc_multi_is_tx_ready
                0x80006864       0x2c src/ASF/common/services/usb/class/cdc/device/udi_cdc.o
                0x80006864                udi_cdc_multi_is_tx_ready
 .text.udi_cdc_multi_putc
                0x80006890      0x114 src/ASF/common/services/usb/class/cdc/device/udi_cdc.o
                0x80006890                udi_cdc_multi_putc
 .text.udi_cdc_putc
                0x800069a4       0x24 src/ASF/common/services/usb/class/cdc/device/udi_cdc.o
                0x800069a4                udi_cdc_putc
 .text.udc_get_eof_conf
                0x800069c8       0x34 src/ASF/common/services/usb/udc/udc.o
 .text.udc_next_desc_in_iface
                0x800069fc       0x88 src/ASF/common/services/usb/udc/udc.o
 .text.udc_update_iface_desc
                0x80006a84       0xb8 src/ASF/common/services/usb/udc/udc.o
 .text.udc_iface_disable
                0x80006b3c       0xbc src/ASF/common/services/usb/udc/udc.o
 .text.udc_iface_enable
                0x80006bf8       0xc8 src/ASF/common/services/usb/udc/udc.o
 .text.udc_start
                0x80006cc0       0x14 src/ASF/common/services/usb/udc/udc.o
                0x80006cc0                udc_start
 .text.udc_reset
                0x80006cd4       0x64 src/ASF/common/services/usb/udc/udc.o
                0x80006cd4                udc_reset
 .text.udc_sof_notify
                0x80006d38       0x70 src/ASF/common/services/usb/udc/udc.o
                0x80006d38                udc_sof_notify
 .text.udc_req_std_dev_get_status
                0x80006da8       0x34 src/ASF/common/services/usb/udc/udc.o
 .text.udc_req_std_ep_get_status
                0x80006ddc       0x58 src/ASF/common/services/usb/udc/udc.o
 .text.udc_req_std_dev_clear_feature
                0x80006e34       0x40 src/ASF/common/services/usb/udc/udc.o
 .text.udc_req_std_ep_clear_feature
                0x80006e74       0x3c src/ASF/common/services/usb/udc/udc.o
 .text.udc_req_std_dev_set_feature
                0x80006eb0       0x2c src/ASF/common/services/usb/udc/udc.o
 .text.udc_req_std_ep_set_feature
                0x80006edc       0x4c src/ASF/common/services/usb/udc/udc.o
 .text.udc_valid_address
                0x80006f28       0x24 src/ASF/common/services/usb/udc/udc.o
 .text.udc_req_std_dev_set_address
                0x80006f4c       0x28 src/ASF/common/services/usb/udc/udc.o
 .text.udc_req_std_dev_get_str_desc
                0x80006f74       0xb0 src/ASF/common/services/usb/udc/udc.o
 .text.udc_req_std_dev_get_descriptor
                0x80007024      0x11c src/ASF/common/services/usb/udc/udc.o
 .text.udc_req_std_dev_get_configuration
                0x80007140       0x34 src/ASF/common/services/usb/udc/udc.o
 .text.udc_req_std_dev_set_configuration
                0x80007174       0xd0 src/ASF/common/services/usb/udc/udc.o
 .text.udc_req_std_iface_get_setting
                0x80007244       0xac src/ASF/common/services/usb/udc/udc.o
 .text.udc_req_std_iface_set_setting
                0x800072f0       0x74 src/ASF/common/services/usb/udc/udc.o
 .text.udc_reqstd
                0x80007364      0x154 src/ASF/common/services/usb/udc/udc.o
 .text.udc_req_iface
                0x800074b8       0xac src/ASF/common/services/usb/udc/udc.o
 .text.udc_req_ep
                0x80007564       0xa8 src/ASF/common/services/usb/udc/udc.o
 .text.udc_process_setup
                0x8000760c       0x98 src/ASF/common/services/usb/udc/udc.o
                0x8000760c                udc_process_setup
 .text.cpu_irq_is_enabled_flags
                0x800076a4       0x20 src/ASF/avr32/drivers/pwm/pwm.o
 .text.pwm_init
                0x800076c4       0x94 src/ASF/avr32/drivers/pwm/pwm.o
                0x800076c4                pwm_init
 .text.pwm_channel_init
                0x80007758       0x88 src/ASF/avr32/drivers/pwm/pwm.o
                0x80007758                pwm_channel_init
 .text.pwm_start_channels
                0x800077e0       0x2e src/ASF/avr32/drivers/pwm/pwm.o
                0x800077e0                pwm_start_channels
 .text.cpu_irq_is_enabled_flags
                0x8000780e       0x20 src/ASF/avr32/drivers/tc/tc.o
 *fill*         0x8000782e        0x2 d703d703
 .text.tc_configure_interrupts
                0x80007830      0x1e8 src/ASF/avr32/drivers/tc/tc.o
                0x80007830                tc_configure_interrupts
 .text.tc_init_waveform
                0x80007a18      0x154 src/ASF/avr32/drivers/tc/tc.o
                0x80007a18                tc_init_waveform
 .text.tc_start
                0x80007b6c       0x3a src/ASF/avr32/drivers/tc/tc.o
                0x80007b6c                tc_start
 .text.tc_read_sr
                0x80007ba6       0x3a src/ASF/avr32/drivers/tc/tc.o
                0x80007ba6                tc_read_sr
 .text.tc_write_rc
                0x80007be0       0x78 src/ASF/avr32/drivers/tc/tc.o
                0x80007be0                tc_write_rc
 .text.cpu_irq_save
                0x80007c58       0x1e src/ASF/common/services/clock/uc3a0_a1/sysclk.o
 .text.cpu_irq_is_enabled_flags
                0x80007c76       0x20 src/ASF/common/services/clock/uc3a0_a1/sysclk.o
 *fill*         0x80007c96        0x2 d703d703
 .text.cpu_irq_restore
                0x80007c98       0x28 src/ASF/common/services/clock/uc3a0_a1/sysclk.o
 .text.osc_enable
                0x80007cc0       0x90 src/ASF/common/services/clock/uc3a0_a1/sysclk.o
 .text.osc_is_ready
                0x80007d50       0x46 src/ASF/common/services/clock/uc3a0_a1/sysclk.o
 .text.osc_get_rate
                0x80007d96       0x36 src/ASF/common/services/clock/uc3a0_a1/sysclk.o
 .text.osc_wait_ready
                0x80007dcc       0x2c src/ASF/common/services/clock/uc3a0_a1/sysclk.o
 .text.pll_config_set_option
                0x80007df8       0x30 src/ASF/common/services/clock/uc3a0_a1/sysclk.o
 .text.pll_config_init
                0x80007e28       0xe0 src/ASF/common/services/clock/uc3a0_a1/sysclk.o
 .text.pll_enable
                0x80007f08       0x2c src/ASF/common/services/clock/uc3a0_a1/sysclk.o
 .text.pll_is_locked
                0x80007f34       0x2c src/ASF/common/services/clock/uc3a0_a1/sysclk.o
 .text.pll_enable_source
                0x80007f60       0x6c src/ASF/common/services/clock/uc3a0_a1/sysclk.o
 .text.pll_enable_config_defaults
                0x80007fcc       0x74 src/ASF/common/services/clock/uc3a0_a1/sysclk.o
 .text.genclk_config_defaults
                0x80008040       0x1e src/ASF/common/services/clock/uc3a0_a1/sysclk.o
 .text.genclk_config_set_source
                0x8000805e       0x36 src/ASF/common/services/clock/uc3a0_a1/sysclk.o
 .text.genclk_config_set_divider
                0x80008094       0x5a src/ASF/common/services/clock/uc3a0_a1/sysclk.o
 .text.genclk_enable
                0x800080ee       0x2c src/ASF/common/services/clock/uc3a0_a1/sysclk.o
 *fill*         0x8000811a        0x2 d703d703
 .text.genclk_enable_source
                0x8000811c       0x58 src/ASF/common/services/clock/uc3a0_a1/sysclk.o
 .text.genclk_enable_config
                0x80008174       0x70 src/ASF/common/services/clock/uc3a0_a1/sysclk.o
 .text.sysclk_get_main_hz
                0x800081e4       0x1c src/ASF/common/services/clock/uc3a0_a1/sysclk.o
 .text.sysclk_get_cpu_hz
                0x80008200       0x18 src/ASF/common/services/clock/uc3a0_a1/sysclk.o
 .text.sysclk_enable_hsb_module
                0x80008218       0x20 src/ASF/common/services/clock/uc3a0_a1/sysclk.o
 .text.sysclk_set_prescalers
                0x80008238       0x7e src/ASF/common/services/clock/uc3a0_a1/sysclk.o
 *fill*         0x800082b6        0x2 d703d703
 .text.sysclk_set_source
                0x800082b8       0x54 src/ASF/common/services/clock/uc3a0_a1/sysclk.o
 .text.sysclk_priv_enable_module
                0x8000830c       0x74 src/ASF/common/services/clock/uc3a0_a1/sysclk.o
                0x8000830c                sysclk_priv_enable_module
 .text.sysclk_enable_pbb_module
                0x80008380       0x5c src/ASF/common/services/clock/uc3a0_a1/sysclk.o
                0x80008380                sysclk_enable_pbb_module
 .text.sysclk_enable_usb
                0x800083dc       0x2c src/ASF/common/services/clock/uc3a0_a1/sysclk.o
                0x800083dc                sysclk_enable_usb
 .text.sysclk_init
                0x80008408       0x40 src/ASF/common/services/clock/uc3a0_a1/sysclk.o
                0x80008408                sysclk_init
 .text.getBaudDiv
                0x80008448       0x50 src/ASF/avr32/drivers/spi/spi.o
                0x80008448                getBaudDiv
 .text.spi_initMaster
                0x80008498       0x94 src/ASF/avr32/drivers/spi/spi.o
                0x80008498                spi_initMaster
 .text.spi_selectionMode
                0x8000852c       0x94 src/ASF/avr32/drivers/spi/spi.o
                0x8000852c                spi_selectionMode
 .text.spi_selectChip
                0x800085c0       0x98 src/ASF/avr32/drivers/spi/spi.o
                0x800085c0                spi_selectChip
 .text.spi_unselectChip
                0x80008658       0x6a src/ASF/avr32/drivers/spi/spi.o
                0x80008658                spi_unselectChip
 *fill*         0x800086c2        0x2 d703d703
 .text.spi_setupChipReg
                0x800086c4      0x184 src/ASF/avr32/drivers/spi/spi.o
                0x800086c4                spi_setupChipReg
 .text.spi_enable
                0x80008848       0x1a src/ASF/avr32/drivers/spi/spi.o
                0x80008848                spi_enable
 .text.spi_write
                0x80008862       0x58 src/ASF/avr32/drivers/spi/spi.o
                0x80008862                spi_write
 .text.spi_read
                0x800088ba       0x5e src/ASF/avr32/drivers/spi/spi.o
                0x800088ba                spi_read
 .text.sd_mmc_spi_mem_init
                0x80008918       0x14 src/ASF/avr32/components/memory/sd_mmc/sd_mmc_spi/sd_mmc_spi_mem.o
                0x80008918                sd_mmc_spi_mem_init
 .text.sd_mmc_spi_test_unit_ready
                0x8000892c       0x7c src/ASF/avr32/components/memory/sd_mmc/sd_mmc_spi/sd_mmc_spi_mem.o
                0x8000892c                sd_mmc_spi_test_unit_ready
 .text.sd_mmc_spi_read_capacity
                0x800089a8       0x4c src/ASF/avr32/components/memory/sd_mmc/sd_mmc_spi/sd_mmc_spi_mem.o
                0x800089a8                sd_mmc_spi_read_capacity
 .text.sd_mmc_spi_wr_protect
                0x800089f4        0xe src/ASF/avr32/components/memory/sd_mmc/sd_mmc_spi/sd_mmc_spi_mem.o
                0x800089f4                sd_mmc_spi_wr_protect
 .text.sd_mmc_spi_removal
                0x80008a02        0xe src/ASF/avr32/components/memory/sd_mmc/sd_mmc_spi/sd_mmc_spi_mem.o
                0x80008a02                sd_mmc_spi_removal
 .text.sd_mmc_spi_mem_2_ram
                0x80008a10       0x98 src/ASF/avr32/components/memory/sd_mmc/sd_mmc_spi/sd_mmc_spi_mem.o
                0x80008a10                sd_mmc_spi_mem_2_ram
 .text.sd_mmc_spi_ram_2_mem
                0x80008aa8       0x78 src/ASF/avr32/components/memory/sd_mmc/sd_mmc_spi/sd_mmc_spi_mem.o
                0x80008aa8                sd_mmc_spi_ram_2_mem
 .text.adc_configure
                0x80008b20       0x36 src/ASF/avr32/drivers/adc/adc.o
                0x80008b20                adc_configure
 .text.adc_start
                0x80008b56       0x1a src/ASF/avr32/drivers/adc/adc.o
                0x80008b56                adc_start
 .text.adc_enable
                0x80008b70       0x2a src/ASF/avr32/drivers/adc/adc.o
                0x80008b70                adc_enable
 .text.adc_check_eoc
                0x80008b9a       0x32 src/ASF/avr32/drivers/adc/adc.o
                0x80008b9a                adc_check_eoc
 .text.adc_get_value
                0x80008bcc       0x4c src/ASF/avr32/drivers/adc/adc.o
                0x80008bcc                adc_get_value
 .text.fat_check_device
                0x80008c18      0x140 src/ASF/avr32/services/fs/fat/fat.o
                0x80008c18                fat_check_device
 .text.fat_check_mount
                0x80008d58       0x50 src/ASF/avr32/services/fs/fat/fat.o
                0x80008d58                fat_check_mount
 .text.fat_check_noopen
                0x80008da8       0x50 src/ASF/avr32/services/fs/fat/fat.o
                0x80008da8                fat_check_noopen
 .text.fat_check_open
                0x80008df8       0x28 src/ASF/avr32/services/fs/fat/fat.o
                0x80008df8                fat_check_open
 .text.fat_check_select
                0x80008e20       0x2c src/ASF/avr32/services/fs/fat/fat.o
                0x80008e20                fat_check_select
 .text.fat_check_mount_noopen
                0x80008e4c       0x2c src/ASF/avr32/services/fs/fat/fat.o
                0x80008e4c                fat_check_mount_noopen
 .text.fat_check_mount_select_noopen
                0x80008e78       0x44 src/ASF/avr32/services/fs/fat/fat.o
                0x80008e78                fat_check_mount_select_noopen
 .text.fat_check_mount_select_open
                0x80008ebc       0x44 src/ASF/avr32/services/fs/fat/fat.o
                0x80008ebc                fat_check_mount_select_open
 .text.fat_check_mount_select
                0x80008f00       0x2c src/ASF/avr32/services/fs/fat/fat.o
                0x80008f00                fat_check_mount_select
 .text.fat_check_is_file
                0x80008f2c       0x34 src/ASF/avr32/services/fs/fat/fat.o
                0x80008f2c                fat_check_is_file
 .text.fat_cluster_list
                0x80008f60      0x4b0 src/ASF/avr32/services/fs/fat/fat.o
                0x80008f60                fat_cluster_list
 .text.fat_cluster_val
                0x80009410      0x450 src/ASF/avr32/services/fs/fat/fat.o
                0x80009410                fat_cluster_val
 .text.fat_cluster_readnext
                0x80009860       0xe8 src/ASF/avr32/services/fs/fat/fat.o
                0x80009860                fat_cluster_readnext
 .text.fat_checkcluster
                0x80009948       0xac src/ASF/avr32/services/fs/fat/fat.o
                0x80009948                fat_checkcluster
 .text.fat_cache_clusterlist_reset
                0x800099f4       0x90 src/ASF/avr32/services/fs/fat/fat.o
                0x800099f4                fat_cache_clusterlist_reset
 .text.fat_cache_clusterlist_update_start
                0x80009a84       0xd4 src/ASF/avr32/services/fs/fat/fat.o
                0x80009a84                fat_cache_clusterlist_update_start
 .text.fat_cache_clusterlist_update_finish
                0x80009b58       0xe4 src/ASF/avr32/services/fs/fat/fat.o
                0x80009b58                fat_cache_clusterlist_update_finish
 .text.fat_cache_clusterlist_update_select
                0x80009c3c       0xec src/ASF/avr32/services/fs/fat/fat.o
                0x80009c3c                fat_cache_clusterlist_update_select
 .text.fat_cache_clusterlist_update_read
                0x80009d28      0x278 src/ASF/avr32/services/fs/fat/fat.o
                0x80009d28                fat_cache_clusterlist_update_read
 .text.fat_read_file
                0x80009fa0      0x128 src/ASF/avr32/services/fs/fat/fat.o
                0x80009fa0                fat_read_file
 .text.fat_write_file
                0x8000a0c8      0x17c src/ASF/avr32/services/fs/fat/fat.o
                0x8000a0c8                fat_write_file
 .text.fat_read_dir
                0x8000a244       0xb0 src/ASF/avr32/services/fs/fat/fat.o
                0x8000a244                fat_read_dir
 .text.fat_entry_check
                0x8000a2f4       0xcc src/ASF/avr32/services/fs/fat/fat.o
                0x8000a2f4                fat_entry_check
 .text.fat_get_entry_info
                0x8000a3c0       0xd8 src/ASF/avr32/services/fs/fat/fat.o
                0x8000a3c0                fat_get_entry_info
 .text.fat_entry_is_dir
                0x8000a498       0x28 src/ASF/avr32/services/fs/fat/fat.o
                0x8000a498                fat_entry_is_dir
 .text.fat_clear_entry_info_and_ptr
                0x8000a4c0       0x50 src/ASF/avr32/services/fs/fat/fat.o
                0x8000a4c0                fat_clear_entry_info_and_ptr
 .text.fat_write_entry_file
                0x8000a510       0xdc src/ASF/avr32/services/fs/fat/fat.o
                0x8000a510                fat_write_entry_file
 .text.fat_entry_shortname
                0x8000a5ec      0x1e0 src/ASF/avr32/services/fs/fat/fat.o
                0x8000a5ec                fat_entry_shortname
 .text.fat_entry_longname
                0x8000a7cc      0x290 src/ASF/avr32/services/fs/fat/fat.o
                0x8000a7cc                fat_entry_longname
 .text.fat_check_eof_name
                0x8000aa5c       0x42 src/ASF/avr32/services/fs/fat/fat.o
                0x8000aa5c                fat_check_eof_name
 *fill*         0x8000aa9e        0x2 d703d703
 .text.fat_get_ptr_entry
                0x8000aaa0       0x28 src/ASF/avr32/services/fs/fat/fat.o
                0x8000aaa0                fat_get_ptr_entry
 .text.fat_cache_read_sector
                0x8000aac8       0xac src/ASF/avr32/services/fs/fat/fat.o
                0x8000aac8                fat_cache_read_sector
 .text.fat_cache_reset
                0x8000ab74       0x24 src/ASF/avr32/services/fs/fat/fat.o
                0x8000ab74                fat_cache_reset
 .text.fat_cache_clear
                0x8000ab98       0x20 src/ASF/avr32/services/fs/fat/fat.o
                0x8000ab98                fat_cache_clear
 .text.fat_cache_mark_sector_as_dirty
                0x8000abb8       0x18 src/ASF/avr32/services/fs/fat/fat.o
                0x8000abb8                fat_cache_mark_sector_as_dirty
 .text.fat_cache_flush
                0x8000abd0       0x74 src/ASF/avr32/services/fs/fat/fat.o
                0x8000abd0                fat_cache_flush
 .text.fat_check_nav_access_file
                0x8000ac44       0xf0 src/ASF/avr32/services/fs/fat/fat.o
                0x8000ac44                fat_check_nav_access_file
 .text.fat_invert_nav
                0x8000ad34      0x110 src/ASF/avr32/services/fs/fat/fat.o
                0x8000ad34                fat_invert_nav
 .text          0x8000ae44       0x18 src/ASF/common/services/storage/ctrl_access/ctrl_access.o
 .text.get_nb_lun
                0x8000ae5c        0xe src/ASF/common/services/storage/ctrl_access/ctrl_access.o
                0x8000ae5c                get_nb_lun
 *fill*         0x8000ae6a        0x2 d703d703
 .text.mem_test_unit_ready
                0x8000ae6c       0x44 src/ASF/common/services/storage/ctrl_access/ctrl_access.o
                0x8000ae6c                mem_test_unit_ready
 .text.mem_sector_size
                0x8000aeb0       0x2a src/ASF/common/services/storage/ctrl_access/ctrl_access.o
                0x8000aeb0                mem_sector_size
 *fill*         0x8000aeda        0x2 d703d703
 .text.mem_wr_protect
                0x8000aedc       0x48 src/ASF/common/services/storage/ctrl_access/ctrl_access.o
                0x8000aedc                mem_wr_protect
 .text.memory_2_ram
                0x8000af24       0x6c src/ASF/common/services/storage/ctrl_access/ctrl_access.o
                0x8000af24                memory_2_ram
 .text.ram_2_memory
                0x8000af90       0x6c src/ASF/common/services/storage/ctrl_access/ctrl_access.o
                0x8000af90                ram_2_memory
 .text.fat_mount
                0x8000affc      0x5dc src/ASF/avr32/services/fs/fat/fat_unusual.o
                0x8000affc                fat_mount
 .text.fat_write_fat32_FSInfo
                0x8000b5d8       0xdc src/ASF/avr32/services/fs/fat/fat_unusual.o
                0x8000b5d8                fat_write_fat32_FSInfo
 .text.fat_initialize_dir
                0x8000b6b4      0x12c src/ASF/avr32/services/fs/fat/fat_unusual.o
                0x8000b6b4                fat_initialize_dir
 .text.fat_create_entry_file_name
                0x8000b7e0      0x13c src/ASF/avr32/services/fs/fat/fat_unusual.o
                0x8000b7e0                fat_create_entry_file_name
 .text.fat_create_long_name_entry
                0x8000b91c      0x15c src/ASF/avr32/services/fs/fat/fat_unusual.o
                0x8000b91c                fat_create_long_name_entry
 .text.fat_create_short_entry_name
                0x8000ba78      0x33c src/ASF/avr32/services/fs/fat/fat_unusual.o
                0x8000ba78                fat_create_short_entry_name
 .text.fat_find_short_entry_name
                0x8000bdb4       0xbc src/ASF/avr32/services/fs/fat/fat_unusual.o
                0x8000bdb4                fat_find_short_entry_name
 .text.fat_entry_shortname_compare
                0x8000be70       0x84 src/ASF/avr32/services/fs/fat/fat_unusual.o
                0x8000be70                fat_entry_shortname_compare
 .text.fat_check_name
                0x8000bef4       0xd4 src/ASF/avr32/services/fs/fat/fat_unusual.o
                0x8000bef4                fat_check_name
 .text.fat_translate_char_shortname
                0x8000bfc8       0x9c src/ASF/avr32/services/fs/fat/fat_unusual.o
                0x8000bfc8                fat_translate_char_shortname
 .text.fat_alloc_entry_free
                0x8000c064      0x150 src/ASF/avr32/services/fs/fat/fat_unusual.o
                0x8000c064                fat_alloc_entry_free
 .text.fat_garbage_collector_entry
                0x8000c1b4      0x138 src/ASF/avr32/services/fs/fat/fat_unusual.o
                0x8000c1b4                fat_garbage_collector_entry
 .text.fat_delete_file
                0x8000c2ec       0xe0 src/ASF/avr32/services/fs/fat/fat_unusual.o
                0x8000c2ec                fat_delete_file
 .text.fat_allocfreespace
                0x8000c3cc      0x1f4 src/ASF/avr32/services/fs/fat/fat_unusual.o
                0x8000c3cc                fat_allocfreespace
 .text.fat_clear_info_fat_mod
                0x8000c5c0       0x20 src/ASF/avr32/services/fs/fat/fat_unusual.o
                0x8000c5c0                fat_clear_info_fat_mod
 .text.fat_update_fat2
                0x8000c5e0       0x94 src/ASF/avr32/services/fs/fat/fat_unusual.o
                0x8000c5e0                fat_update_fat2
 .text.fat_clear_cluster
                0x8000c674       0xb4 src/ASF/avr32/services/fs/fat/fat_unusual.o
                0x8000c674                fat_clear_cluster
 .text.file_open
                0x8000c728       0xec src/ASF/avr32/services/fs/fat/file.o
                0x8000c728                file_open
 .text.file_putc
                0x8000c814       0xa4 src/ASF/avr32/services/fs/fat/file.o
                0x8000c814                file_putc
 .text.file_close
                0x8000c8b8       0x54 src/ASF/avr32/services/fs/fat/file.o
                0x8000c8b8                file_close
 .text.nav_reset
                0x8000c90c       0x90 src/ASF/avr32/services/fs/fat/navigation.o
                0x8000c90c                nav_reset
 .text.nav_select
                0x8000c99c       0x68 src/ASF/avr32/services/fs/fat/navigation.o
                0x8000c99c                nav_select
 .text.nav_drive_set
                0x8000ca04       0x78 src/ASF/avr32/services/fs/fat/navigation.o
                0x8000ca04                nav_drive_set
 .text.nav_partition_mount
                0x8000ca7c       0x50 src/ASF/avr32/services/fs/fat/navigation.o
                0x8000ca7c                nav_partition_mount
 .text.nav_filelist_reset
                0x8000cacc       0x2c src/ASF/avr32/services/fs/fat/navigation.o
                0x8000cacc                nav_filelist_reset
 .text.nav_filelist_set
                0x8000caf8      0x218 src/ASF/avr32/services/fs/fat/navigation.o
                0x8000caf8                nav_filelist_set
 .text.nav_filelist_findname
                0x8000cd10       0x58 src/ASF/avr32/services/fs/fat/navigation.o
                0x8000cd10                nav_filelist_findname
 .text.nav_filelist_nb
                0x8000cd68       0xb0 src/ASF/avr32/services/fs/fat/navigation.o
                0x8000cd68                nav_filelist_nb
 .text.nav_filelist_first
                0x8000ce18       0x64 src/ASF/avr32/services/fs/fat/navigation.o
                0x8000ce18                nav_filelist_first
 .text.nav_filelist_last
                0x8000ce7c       0x90 src/ASF/avr32/services/fs/fat/navigation.o
                0x8000ce7c                nav_filelist_last
 .text.nav_getindex
                0x8000cf0c       0x44 src/ASF/avr32/services/fs/fat/navigation.o
                0x8000cf0c                nav_getindex
 .text.nav_gotoindex
                0x8000cf50       0xa4 src/ASF/avr32/services/fs/fat/navigation.o
                0x8000cf50                nav_gotoindex
 .text.nav_dir_root
                0x8000cff4       0x18 src/ASF/avr32/services/fs/fat/navigation.o
                0x8000cff4                nav_dir_root
 .text.nav_dir_cd
                0x8000d00c       0x70 src/ASF/avr32/services/fs/fat/navigation.o
                0x8000d00c                nav_dir_cd
 .text.nav_dir_gotoparent
                0x8000d07c       0xdc src/ASF/avr32/services/fs/fat/navigation.o
                0x8000d07c                nav_dir_gotoparent
 .text.nav_dir_make
                0x8000d158       0xe8 src/ASF/avr32/services/fs/fat/navigation.o
                0x8000d158                nav_dir_make
 .text.nav_setcwd
                0x8000d240      0x334 src/ASF/avr32/services/fs/fat/navigation.o
                0x8000d240                nav_setcwd
 .text.nav_file_name
                0x8000d574      0x180 src/ASF/avr32/services/fs/fat/navigation.o
                0x8000d574                nav_file_name
 .text.nav_file_create
                0x8000d6f4       0xa4 src/ASF/avr32/services/fs/fat/navigation.o
                0x8000d6f4                nav_file_create
 .text.board_init
                0x8000d798       0xd8 src/ASF/avr32/boards/evk1100/init.o
                0x8000d798                board_init
 .text.LED_Off  0x8000d870       0xb8 src/ASF/avr32/boards/evk1100/led.o
                0x8000d870                LED_Off
 .text.LED_On   0x8000d928       0xb4 src/ASF/avr32/boards/evk1100/led.o
                0x8000d928                LED_On
 .text.gpio_enable_module
                0x8000d9dc       0x70 src/ASF/avr32/drivers/gpio/gpio.o
                0x8000d9dc                gpio_enable_module
 .text.gpio_enable_module_pin
                0x8000da4c      0x110 src/ASF/avr32/drivers/gpio/gpio.o
                0x8000da4c                gpio_enable_module_pin
 .text.gpio_configure_pin
                0x8000db5c      0x1ae src/ASF/avr32/drivers/gpio/gpio.o
                0x8000db5c                gpio_configure_pin
 .text.gpio_set_gpio_pin
                0x8000dd0a       0x68 src/ASF/avr32/drivers/gpio/gpio.o
                0x8000dd0a                gpio_set_gpio_pin
 .text.gpio_clr_gpio_pin
                0x8000dd72       0x68 src/ASF/avr32/drivers/gpio/gpio.o
                0x8000dd72                gpio_clr_gpio_pin
 .text.gpio_configure_edge_detector
                0x8000ddda       0xd4 src/ASF/avr32/drivers/gpio/gpio.o
 *fill*         0x8000deae        0x2 d703d703
 .text.gpio_enable_pin_interrupt
                0x8000deb0       0x74 src/ASF/avr32/drivers/gpio/gpio.o
                0x8000deb0                gpio_enable_pin_interrupt
 .text.gpio_get_pin_interrupt_flag
                0x8000df24       0x3e src/ASF/avr32/drivers/gpio/gpio.o
                0x8000df24                gpio_get_pin_interrupt_flag
 .text.gpio_clear_pin_interrupt_flag
                0x8000df62       0x3a src/ASF/avr32/drivers/gpio/gpio.o
                0x8000df62                gpio_clear_pin_interrupt_flag
 .text._unhandled_interrupt
                0x8000df9c        0x8 src/ASF/avr32/drivers/intc/intc.o
 .text._get_interrupt_handler
                0x8000dfa4       0x70 src/ASF/avr32/drivers/intc/intc.o
                0x8000dfa4                _get_interrupt_handler
 .text.INTC_init_evba
                0x8000e014       0x14 src/ASF/avr32/drivers/intc/intc.o
 .text.INTC_init_interrupts
                0x8000e028       0x98 src/ASF/avr32/drivers/intc/intc.o
                0x8000e028                INTC_init_interrupts
 .text.INTC_register_interrupt
                0x8000e0c0       0xd4 src/ASF/avr32/drivers/intc/intc.o
                0x8000e0c0                INTC_register_interrupt
 .text._stext   0x8000e194       0x40 src/ASF/avr32/utils/startup/startup_uc3.o
                                 0x50 (size before relaxing)
                0x8000e194                _stext
 .text          0x8000e1d4      0x32c src/main.o
 .text.osc_get_rate
                0x8000e500       0x36 src/main.o
 *fill*         0x8000e536        0x2 d703d703
 .text.sysclk_get_main_hz
                0x8000e538       0x1c src/main.o
 .text.sysclk_get_pba_hz
                0x8000e554       0x18 src/main.o
 .text.erm_tc_init
                0x8000e56c       0xc4 src/main.o
 .text.erm_tc_start
                0x8000e630       0x20 src/main.o
 .text.erm_cdc_print
                0x8000e650       0x38 src/main.o
 .text.erm_cdc_println
                0x8000e688       0x44 src/main.o
 .text.erm_fat_mount_sdmmc
                0x8000e6cc       0x24 src/main.o
 .text.erm_fat_create_file
                0x8000e6f0       0x78 src/main.o
 .text.erm_fat_file_append
                0x8000e768       0xb8 src/main.o
 .text.erm_sd_mmc_pin_init
                0x8000e820       0x1c src/main.o
 .text.erm_sd_mmc_init
                0x8000e83c       0x6c src/main.o
 .text.adc_pot_init
                0x8000e8a8       0x54 src/main.o
 .text.lcd_spi_pin_init
                0x8000e8fc       0x1c src/main.o
                0x8000e8fc                lcd_spi_pin_init
 .text.lcd_spi_init
                0x8000e918       0x68 src/main.o
                0x8000e918                lcd_spi_init
 .text.push_button_0_interrupt_init
                0x8000e980       0x34 src/main.o
 .text.erm_tc_interrupt_init
                0x8000e9b4       0x2c src/main.o
 .text.erm_tc_handler
                0x8000e9e0       0x40 src/main.o
 .text.push_button_handler
                0x8000ea20       0x44 src/main.o
 .text.decode_command
                0x8000ea64       0xd4 src/main.o
 .text.build_cmd
                0x8000eb38       0xbc src/main.o
 .text.main     0x8000ebf4      0x2f0 src/main.o
                0x8000ebf4                main
 .text          0x8000eee4      0x160 c:/program files (x86)/atmel/atmel toolchain/avr32 gcc/native/3.4.1067/avr32-gnu-toolchain/bin/../lib/gcc/avr32/4.4.7/ucr2\libgcc.a(_avr32_f32_div.o)
                0x8000eee4                __avr32_f32_div
 .text          0x8000f044       0xe2 c:/program files (x86)/atmel/atmel toolchain/avr32 gcc/native/3.4.1067/avr32-gnu-toolchain/bin/../lib/gcc/avr32/4.4.7/ucr2\libgcc.a(_avr32_f32_mul.o)
                0x8000f044                __avr32_f32_mul
 .text          0x8000f126       0x70 c:/program files (x86)/atmel/atmel toolchain/avr32 gcc/native/3.4.1067/avr32-gnu-toolchain/bin/../lib/gcc/avr32/4.4.7/ucr2\libgcc.a(_avr32_u32_to_f32.o)
                0x8000f126                __avr32_u32_to_f32
 .text          0x8000f196       0x1a c:/program files (x86)/atmel/atmel toolchain/avr32 gcc/native/3.4.1067/avr32-gnu-toolchain/bin/../lib/gcc/avr32/4.4.7/ucr2\libgcc.a(_avr32_f32_to_u32.o)
                0x8000f196                __avr32_f32_to_u32
 .text          0x8000f1b0      0x264 c:/program files (x86)/atmel/atmel toolchain/avr32 gcc/native/3.4.1067/avr32-gnu-toolchain/bin/../lib/gcc/avr32/4.4.7/ucr2\libgcc.a(_udivdi3.o)
                0x8000f1b0                __avr32_udiv64
                0x8000f1b0                __udivdi3
 .text.memcmp   0x8000f414       0x26 c:/program files (x86)/atmel/atmel toolchain/avr32 gcc/native/3.4.1067/avr32-gnu-toolchain/bin/../lib/gcc/avr32/4.4.7/../../../../avr32/lib/ucr2\libc.a(lib_a-memcmp.o)
                0x8000f414                memcmp
 .text          0x8000f43a      0x148 c:/program files (x86)/atmel/atmel toolchain/avr32 gcc/native/3.4.1067/avr32-gnu-toolchain/bin/../lib/gcc/avr32/4.4.7/../../../../avr32/lib/ucr2\libc.a(lib_a-memcpy.o)
                0x8000f43a                memcpy
 .text.memset   0x8000f582        0xe c:/program files (x86)/atmel/atmel toolchain/avr32 gcc/native/3.4.1067/avr32-gnu-toolchain/bin/../lib/gcc/avr32/4.4.7/../../../../avr32/lib/ucr2\libc.a(lib_a-memset.o)
                0x8000f582                memset
 .text.sprintf  0x8000f590       0x38 c:/program files (x86)/atmel/atmel toolchain/avr32 gcc/native/3.4.1067/avr32-gnu-toolchain/bin/../lib/gcc/avr32/4.4.7/../../../../avr32/lib/ucr2\libc.a(lib_a-sprintf.o)
                                 0x40 (size before relaxing)
                0x8000f590                sprintf
 .text          0x8000f5c8       0xa8 c:/program files (x86)/atmel/atmel toolchain/avr32 gcc/native/3.4.1067/avr32-gnu-toolchain/bin/../lib/gcc/avr32/4.4.7/../../../../avr32/lib/ucr2\libc.a(lib_a-strcmp.o)
                0x8000f5c8                strcmp
 .text.get_arg  0x8000f670      0x310 c:/program files (x86)/atmel/atmel toolchain/avr32 gcc/native/3.4.1067/avr32-gnu-toolchain/bin/../lib/gcc/avr32/4.4.7/../../../../avr32/lib/ucr2\libc.a(lib_a-vfprintf.o)
                                0x324 (size before relaxing)
 .text.__sprint_r
                0x8000f980       0x1c c:/program files (x86)/atmel/atmel toolchain/avr32 gcc/native/3.4.1067/avr32-gnu-toolchain/bin/../lib/gcc/avr32/4.4.7/../../../../avr32/lib/ucr2\libc.a(lib_a-vfprintf.o)
                                 0x20 (size before relaxing)
 .text._vfprintf_r
                0x8000f99c     0x1f14 c:/program files (x86)/atmel/atmel toolchain/avr32 gcc/native/3.4.1067/avr32-gnu-toolchain/bin/../lib/gcc/avr32/4.4.7/../../../../avr32/lib/ucr2\libc.a(lib_a-vfprintf.o)
                               0x1f9c (size before relaxing)
                0x8000f99c                _vfprintf_r
 .text.__swsetup_r
                0x800118b0       0xdc c:/program files (x86)/atmel/atmel toolchain/avr32 gcc/native/3.4.1067/avr32-gnu-toolchain/bin/../lib/gcc/avr32/4.4.7/../../../../avr32/lib/ucr2\libc.a(lib_a-wsetup.o)
                                 0xe8 (size before relaxing)
                0x800118b0                __swsetup_r
 .text.quorem   0x8001198c      0x120 c:/program files (x86)/atmel/atmel toolchain/avr32 gcc/native/3.4.1067/avr32-gnu-toolchain/bin/../lib/gcc/avr32/4.4.7/../../../../avr32/lib/ucr2\libc.a(lib_a-dtoa.o)
                                0x124 (size before relaxing)
 .text._dtoa_r  0x80011aac      0xbdc c:/program files (x86)/atmel/atmel toolchain/avr32 gcc/native/3.4.1067/avr32-gnu-toolchain/bin/../lib/gcc/avr32/4.4.7/../../../../avr32/lib/ucr2\libc.a(lib_a-dtoa.o)
                                0xc90 (size before relaxing)
                0x80011aac                _dtoa_r
 .text._fflush_r
                0x80012688      0x10c c:/program files (x86)/atmel/atmel toolchain/avr32 gcc/native/3.4.1067/avr32-gnu-toolchain/bin/../lib/gcc/avr32/4.4.7/../../../../avr32/lib/ucr2\libc.a(lib_a-fflush.o)
                                0x118 (size before relaxing)
                0x80012688                _fflush_r
 .text.__sfp_lock_acquire
                0x80012794        0x2 c:/program files (x86)/atmel/atmel toolchain/avr32 gcc/native/3.4.1067/avr32-gnu-toolchain/bin/../lib/gcc/avr32/4.4.7/../../../../avr32/lib/ucr2\libc.a(lib_a-findfp.o)
                0x80012794                __sfp_lock_acquire
 .text.__sfp_lock_release
                0x80012796        0x2 c:/program files (x86)/atmel/atmel toolchain/avr32 gcc/native/3.4.1067/avr32-gnu-toolchain/bin/../lib/gcc/avr32/4.4.7/../../../../avr32/lib/ucr2\libc.a(lib_a-findfp.o)
                0x80012796                __sfp_lock_release
 .text._cleanup_r
                0x80012798        0xc c:/program files (x86)/atmel/atmel toolchain/avr32 gcc/native/3.4.1067/avr32-gnu-toolchain/bin/../lib/gcc/avr32/4.4.7/../../../../avr32/lib/ucr2\libc.a(lib_a-findfp.o)
                                 0x14 (size before relaxing)
                0x80012798                _cleanup_r
 .text.__sfmoreglue
                0x800127a4       0x28 c:/program files (x86)/atmel/atmel toolchain/avr32 gcc/native/3.4.1067/avr32-gnu-toolchain/bin/../lib/gcc/avr32/4.4.7/../../../../avr32/lib/ucr2\libc.a(lib_a-findfp.o)
                                 0x30 (size before relaxing)
                0x800127a4                __sfmoreglue
 .text.__sfp    0x800127cc       0x6c c:/program files (x86)/atmel/atmel toolchain/avr32 gcc/native/3.4.1067/avr32-gnu-toolchain/bin/../lib/gcc/avr32/4.4.7/../../../../avr32/lib/ucr2\libc.a(lib_a-findfp.o)
                                 0x7c (size before relaxing)
                0x800127cc                __sfp
 .text.__sinit  0x80012838       0x9c c:/program files (x86)/atmel/atmel toolchain/avr32 gcc/native/3.4.1067/avr32-gnu-toolchain/bin/../lib/gcc/avr32/4.4.7/../../../../avr32/lib/ucr2\libc.a(lib_a-findfp.o)
                                 0xb0 (size before relaxing)
                0x80012838                __sinit
 .text._malloc_trim_r
                0x800128d4       0x98 c:/program files (x86)/atmel/atmel toolchain/avr32 gcc/native/3.4.1067/avr32-gnu-toolchain/bin/../lib/gcc/avr32/4.4.7/../../../../avr32/lib/ucr2\libc.a(lib_a-freer.o)
                                 0xa8 (size before relaxing)
                0x800128d4                _malloc_trim_r
 .text._free_r  0x8001296c      0x18c c:/program files (x86)/atmel/atmel toolchain/avr32 gcc/native/3.4.1067/avr32-gnu-toolchain/bin/../lib/gcc/avr32/4.4.7/../../../../avr32/lib/ucr2\libc.a(lib_a-freer.o)
                                0x1a0 (size before relaxing)
                0x8001296c                _free_r
 .text.__sfvwrite_r
                0x80012af8      0x2a0 c:/program files (x86)/atmel/atmel toolchain/avr32 gcc/native/3.4.1067/avr32-gnu-toolchain/bin/../lib/gcc/avr32/4.4.7/../../../../avr32/lib/ucr2\libc.a(lib_a-fvwrite.o)
                                0x2c4 (size before relaxing)
                0x80012af8                __sfvwrite_r
 .text._fwalk   0x80012d98       0x4c c:/program files (x86)/atmel/atmel toolchain/avr32 gcc/native/3.4.1067/avr32-gnu-toolchain/bin/../lib/gcc/avr32/4.4.7/../../../../avr32/lib/ucr2\libc.a(lib_a-fwalk.o)
                                 0x54 (size before relaxing)
                0x80012d98                _fwalk
 .text._localeconv_r
                0x80012de4        0x8 c:/program files (x86)/atmel/atmel toolchain/avr32 gcc/native/3.4.1067/avr32-gnu-toolchain/bin/../lib/gcc/avr32/4.4.7/../../../../avr32/lib/ucr2\libc.a(lib_a-locale.o)
                0x80012de4                _localeconv_r
 .text.__smakebuf_r
                0x80012dec       0xbc c:/program files (x86)/atmel/atmel toolchain/avr32 gcc/native/3.4.1067/avr32-gnu-toolchain/bin/../lib/gcc/avr32/4.4.7/../../../../avr32/lib/ucr2\libc.a(lib_a-makebuf.o)
                                 0xcc (size before relaxing)
                0x80012dec                __smakebuf_r
 .text.malloc   0x80012ea8       0x10 c:/program files (x86)/atmel/atmel toolchain/avr32 gcc/native/3.4.1067/avr32-gnu-toolchain/bin/../lib/gcc/avr32/4.4.7/../../../../avr32/lib/ucr2\libc.a(lib_a-malloc.o)
                                 0x18 (size before relaxing)
                0x80012ea8                malloc
 .text._malloc_r
                0x80012eb8      0x430 c:/program files (x86)/atmel/atmel toolchain/avr32 gcc/native/3.4.1067/avr32-gnu-toolchain/bin/../lib/gcc/avr32/4.4.7/../../../../avr32/lib/ucr2\libc.a(lib_a-mallocr.o)
                                0x450 (size before relaxing)
                0x80012eb8                _malloc_r
 .text.memchr   0x800132e8       0x16 c:/program files (x86)/atmel/atmel toolchain/avr32 gcc/native/3.4.1067/avr32-gnu-toolchain/bin/../lib/gcc/avr32/4.4.7/../../../../avr32/lib/ucr2\libc.a(lib_a-memchr.o)
                0x800132e8                memchr
 .text.memmove  0x800132fe       0x3e c:/program files (x86)/atmel/atmel toolchain/avr32 gcc/native/3.4.1067/avr32-gnu-toolchain/bin/../lib/gcc/avr32/4.4.7/../../../../avr32/lib/ucr2\libc.a(lib_a-memmove.o)
                0x800132fe                memmove
 .text.__malloc_lock
                0x8001333c        0x2 c:/program files (x86)/atmel/atmel toolchain/avr32 gcc/native/3.4.1067/avr32-gnu-toolchain/bin/../lib/gcc/avr32/4.4.7/../../../../avr32/lib/ucr2\libc.a(lib_a-mlock.o)
                0x8001333c                __malloc_lock
 .text.__malloc_unlock
                0x8001333e        0x2 c:/program files (x86)/atmel/atmel toolchain/avr32 gcc/native/3.4.1067/avr32-gnu-toolchain/bin/../lib/gcc/avr32/4.4.7/../../../../avr32/lib/ucr2\libc.a(lib_a-mlock.o)
                0x8001333e                __malloc_unlock
 .text.__hi0bits
                0x80013340       0x60 c:/program files (x86)/atmel/atmel toolchain/avr32 gcc/native/3.4.1067/avr32-gnu-toolchain/bin/../lib/gcc/avr32/4.4.7/../../../../avr32/lib/ucr2\libc.a(lib_a-mprec.o)
                0x80013340                __hi0bits
 .text.__lo0bits
                0x800133a0       0x8e c:/program files (x86)/atmel/atmel toolchain/avr32 gcc/native/3.4.1067/avr32-gnu-toolchain/bin/../lib/gcc/avr32/4.4.7/../../../../avr32/lib/ucr2\libc.a(lib_a-mprec.o)
                0x800133a0                __lo0bits
 .text.__mcmp   0x8001342e       0x32 c:/program files (x86)/atmel/atmel toolchain/avr32 gcc/native/3.4.1067/avr32-gnu-toolchain/bin/../lib/gcc/avr32/4.4.7/../../../../avr32/lib/ucr2\libc.a(lib_a-mprec.o)
                0x8001342e                __mcmp
 .text._Bfree   0x80013460       0x34 c:/program files (x86)/atmel/atmel toolchain/avr32 gcc/native/3.4.1067/avr32-gnu-toolchain/bin/../lib/gcc/avr32/4.4.7/../../../../avr32/lib/ucr2\libc.a(lib_a-mprec.o)
                                 0x38 (size before relaxing)
                0x80013460                _Bfree
 .text._Balloc  0x80013494       0x70 c:/program files (x86)/atmel/atmel toolchain/avr32 gcc/native/3.4.1067/avr32-gnu-toolchain/bin/../lib/gcc/avr32/4.4.7/../../../../avr32/lib/ucr2\libc.a(lib_a-mprec.o)
                                 0x78 (size before relaxing)
                0x80013494                _Balloc
 .text.__d2b    0x80013504       0xa0 c:/program files (x86)/atmel/atmel toolchain/avr32 gcc/native/3.4.1067/avr32-gnu-toolchain/bin/../lib/gcc/avr32/4.4.7/../../../../avr32/lib/ucr2\libc.a(lib_a-mprec.o)
                                 0xb4 (size before relaxing)
                0x80013504                __d2b
 .text.__mdiff  0x800135a4       0xd0 c:/program files (x86)/atmel/atmel toolchain/avr32 gcc/native/3.4.1067/avr32-gnu-toolchain/bin/../lib/gcc/avr32/4.4.7/../../../../avr32/lib/ucr2\libc.a(lib_a-mprec.o)
                                 0xd8 (size before relaxing)
                0x800135a4                __mdiff
 .text.__lshift
                0x80013674       0x88 c:/program files (x86)/atmel/atmel toolchain/avr32 gcc/native/3.4.1067/avr32-gnu-toolchain/bin/../lib/gcc/avr32/4.4.7/../../../../avr32/lib/ucr2\libc.a(lib_a-mprec.o)
                                 0x94 (size before relaxing)
                0x80013674                __lshift
 .text.__multiply
                0x800136fc      0x100 c:/program files (x86)/atmel/atmel toolchain/avr32 gcc/native/3.4.1067/avr32-gnu-toolchain/bin/../lib/gcc/avr32/4.4.7/../../../../avr32/lib/ucr2\libc.a(lib_a-mprec.o)
                                0x108 (size before relaxing)
                0x800136fc                __multiply
 .text.__i2b    0x800137fc       0x10 c:/program files (x86)/atmel/atmel toolchain/avr32 gcc/native/3.4.1067/avr32-gnu-toolchain/bin/../lib/gcc/avr32/4.4.7/../../../../avr32/lib/ucr2\libc.a(lib_a-mprec.o)
                                 0x18 (size before relaxing)
                0x800137fc                __i2b
 .text.__multadd
                0x8001380c       0x7c c:/program files (x86)/atmel/atmel toolchain/avr32 gcc/native/3.4.1067/avr32-gnu-toolchain/bin/../lib/gcc/avr32/4.4.7/../../../../avr32/lib/ucr2\libc.a(lib_a-mprec.o)
                                 0x88 (size before relaxing)
                0x8001380c                __multadd
 .text.__pow5mult
                0x80013888       0x8c c:/program files (x86)/atmel/atmel toolchain/avr32 gcc/native/3.4.1067/avr32-gnu-toolchain/bin/../lib/gcc/avr32/4.4.7/../../../../avr32/lib/ucr2\libc.a(lib_a-mprec.o)
                                 0xac (size before relaxing)
                0x80013888                __pow5mult
 .text._realloc_r
                0x80013914      0x2c0 c:/program files (x86)/atmel/atmel toolchain/avr32 gcc/native/3.4.1067/avr32-gnu-toolchain/bin/../lib/gcc/avr32/4.4.7/../../../../avr32/lib/ucr2\libc.a(lib_a-reallocr.o)
                                0x2e0 (size before relaxing)
                0x80013914                _realloc_r
 .text.__isinfd
                0x80013bd4       0x2a c:/program files (x86)/atmel/atmel toolchain/avr32 gcc/native/3.4.1067/avr32-gnu-toolchain/bin/../lib/gcc/avr32/4.4.7/../../../../avr32/lib/ucr2\libc.a(lib_a-s_isinfd.o)
                0x80013bd4                __isinfd
 .text.__isnand
                0x80013bfe       0x1c c:/program files (x86)/atmel/atmel toolchain/avr32 gcc/native/3.4.1067/avr32-gnu-toolchain/bin/../lib/gcc/avr32/4.4.7/../../../../avr32/lib/ucr2\libc.a(lib_a-s_isnand.o)
                0x80013bfe                __isnand
 *fill*         0x80013c1a        0x2 d703d703
 .text._sbrk_r  0x80013c1c       0x20 c:/program files (x86)/atmel/atmel toolchain/avr32 gcc/native/3.4.1067/avr32-gnu-toolchain/bin/../lib/gcc/avr32/4.4.7/../../../../avr32/lib/ucr2\libc.a(lib_a-sbrkr.o)
                                 0x28 (size before relaxing)
                0x80013c1c                _sbrk_r
 .text.__sclose
                0x80013c3c        0x8 c:/program files (x86)/atmel/atmel toolchain/avr32 gcc/native/3.4.1067/avr32-gnu-toolchain/bin/../lib/gcc/avr32/4.4.7/../../../../avr32/lib/ucr2\libc.a(lib_a-stdio.o)
                                 0x10 (size before relaxing)
                0x80013c3c                __sclose
 .text.__sseek  0x80013c44       0x20 c:/program files (x86)/atmel/atmel toolchain/avr32 gcc/native/3.4.1067/avr32-gnu-toolchain/bin/../lib/gcc/avr32/4.4.7/../../../../avr32/lib/ucr2\libc.a(lib_a-stdio.o)
                                 0x28 (size before relaxing)
                0x80013c44                __sseek
 .text.__swrite
                0x80013c64       0x2c c:/program files (x86)/atmel/atmel toolchain/avr32 gcc/native/3.4.1067/avr32-gnu-toolchain/bin/../lib/gcc/avr32/4.4.7/../../../../avr32/lib/ucr2\libc.a(lib_a-stdio.o)
                                 0x38 (size before relaxing)
                0x80013c64                __swrite
 .text.__sread  0x80013c90       0x1c c:/program files (x86)/atmel/atmel toolchain/avr32 gcc/native/3.4.1067/avr32-gnu-toolchain/bin/../lib/gcc/avr32/4.4.7/../../../../avr32/lib/ucr2\libc.a(lib_a-stdio.o)
                                 0x24 (size before relaxing)
                0x80013c90                __sread
 .text.strlen   0x80013cac       0x16 c:/program files (x86)/atmel/atmel toolchain/avr32 gcc/native/3.4.1067/avr32-gnu-toolchain/bin/../lib/gcc/avr32/4.4.7/../../../../avr32/lib/ucr2\libc.a(lib_a-strlen.o)
                0x80013cac                strlen
 *fill*         0x80013cc2        0x2 d703d703
 .text._close   0x80013cc4       0x14 c:/program files (x86)/atmel/atmel toolchain/avr32 gcc/native/3.4.1067/avr32-gnu-toolchain/bin/../lib/gcc/avr32/4.4.7/../../../../avr32/lib/ucr2\libc.a(lib_a-syscalls.o)
                                 0x18 (size before relaxing)
                0x80013cc4                _close
 .text._lseek   0x80013cd8       0x14 c:/program files (x86)/atmel/atmel toolchain/avr32 gcc/native/3.4.1067/avr32-gnu-toolchain/bin/../lib/gcc/avr32/4.4.7/../../../../avr32/lib/ucr2\libc.a(lib_a-syscalls.o)
                                 0x18 (size before relaxing)
                0x80013cd8                _lseek
 .text._read    0x80013cec       0x14 c:/program files (x86)/atmel/atmel toolchain/avr32 gcc/native/3.4.1067/avr32-gnu-toolchain/bin/../lib/gcc/avr32/4.4.7/../../../../avr32/lib/ucr2\libc.a(lib_a-syscalls.o)
                                 0x18 (size before relaxing)
                0x80013cec                _read
 .text._write   0x80013d00       0x14 c:/program files (x86)/atmel/atmel toolchain/avr32 gcc/native/3.4.1067/avr32-gnu-toolchain/bin/../lib/gcc/avr32/4.4.7/../../../../avr32/lib/ucr2\libc.a(lib_a-syscalls.o)
                                 0x18 (size before relaxing)
                0x80013d00                _write
 .text.isatty   0x80013d14       0x14 c:/program files (x86)/atmel/atmel toolchain/avr32 gcc/native/3.4.1067/avr32-gnu-toolchain/bin/../lib/gcc/avr32/4.4.7/../../../../avr32/lib/ucr2\libc.a(lib_a-syscalls.o)
                                 0x18 (size before relaxing)
                0x80013d14                isatty
 .text._fstat_host
                0x80013d28       0x14 c:/program files (x86)/atmel/atmel toolchain/avr32 gcc/native/3.4.1067/avr32-gnu-toolchain/bin/../lib/gcc/avr32/4.4.7/../../../../avr32/lib/ucr2\libc.a(lib_a-syscalls.o)
                                 0x18 (size before relaxing)
                0x80013d28                _fstat_host
 .text._fstat   0x80013d3c       0x4c c:/program files (x86)/atmel/atmel toolchain/avr32 gcc/native/3.4.1067/avr32-gnu-toolchain/bin/../lib/gcc/avr32/4.4.7/../../../../avr32/lib/ucr2\libc.a(lib_a-syscalls.o)
                                 0x50 (size before relaxing)
                0x80013d3c                _fstat
 .text._sbrk    0x80013d88       0x38 c:/program files (x86)/atmel/atmel toolchain/avr32 gcc/native/3.4.1067/avr32-gnu-toolchain/bin/../lib/gcc/avr32/4.4.7/../../../../avr32/lib/ucr2\libc.a(lib_a-syscalls.o)
                                 0x40 (size before relaxing)
                0x80013d88                _sbrk
 .text._write_r
                0x80013dc0       0x24 c:/program files (x86)/atmel/atmel toolchain/avr32 gcc/native/3.4.1067/avr32-gnu-toolchain/bin/../lib/gcc/avr32/4.4.7/../../../../avr32/lib/ucr2\libc.a(lib_a-writer.o)
                                 0x2c (size before relaxing)
                0x80013dc0                _write_r
 .text._calloc_r
                0x80013de4       0x58 c:/program files (x86)/atmel/atmel toolchain/avr32 gcc/native/3.4.1067/avr32-gnu-toolchain/bin/../lib/gcc/avr32/4.4.7/../../../../avr32/lib/ucr2\libc.a(lib_a-callocr.o)
                                 0x60 (size before relaxing)
                0x80013de4                _calloc_r
 .text._close_r
                0x80013e3c       0x20 c:/program files (x86)/atmel/atmel toolchain/avr32 gcc/native/3.4.1067/avr32-gnu-toolchain/bin/../lib/gcc/avr32/4.4.7/../../../../avr32/lib/ucr2\libc.a(lib_a-closer.o)
                                 0x28 (size before relaxing)
                0x80013e3c                _close_r
 .text.__errno  0x80013e5c        0xc c:/program files (x86)/atmel/atmel toolchain/avr32 gcc/native/3.4.1067/avr32-gnu-toolchain/bin/../lib/gcc/avr32/4.4.7/../../../../avr32/lib/ucr2\libc.a(lib_a-errno.o)
                0x80013e5c                __errno
 .text._fclose_r
                0x80013e68       0xb8 c:/program files (x86)/atmel/atmel toolchain/avr32 gcc/native/3.4.1067/avr32-gnu-toolchain/bin/../lib/gcc/avr32/4.4.7/../../../../avr32/lib/ucr2\libc.a(lib_a-fclose.o)
                                 0xd0 (size before relaxing)
                0x80013e68                _fclose_r
 .text.fclose   0x80013f20       0x10 c:/program files (x86)/atmel/atmel toolchain/avr32 gcc/native/3.4.1067/avr32-gnu-toolchain/bin/../lib/gcc/avr32/4.4.7/../../../../avr32/lib/ucr2\libc.a(lib_a-fclose.o)
                                 0x18 (size before relaxing)
                0x80013f20                fclose
 .text._fstat_r
                0x80013f30       0x24 c:/program files (x86)/atmel/atmel toolchain/avr32 gcc/native/3.4.1067/avr32-gnu-toolchain/bin/../lib/gcc/avr32/4.4.7/../../../../avr32/lib/ucr2\libc.a(lib_a-fstatr.o)
                                 0x2c (size before relaxing)
                0x80013f30                _fstat_r
 .text._lseek_r
                0x80013f54       0x24 c:/program files (x86)/atmel/atmel toolchain/avr32 gcc/native/3.4.1067/avr32-gnu-toolchain/bin/../lib/gcc/avr32/4.4.7/../../../../avr32/lib/ucr2\libc.a(lib_a-lseekr.o)
                                 0x2c (size before relaxing)
                0x80013f54                _lseek_r
 .text._read_r  0x80013f78       0x24 c:/program files (x86)/atmel/atmel toolchain/avr32 gcc/native/3.4.1067/avr32-gnu-toolchain/bin/../lib/gcc/avr32/4.4.7/../../../../avr32/lib/ucr2\libc.a(lib_a-readr.o)
                                 0x2c (size before relaxing)
                0x80013f78                _read_r
 .text          0x80013f9c      0x1d4 c:/program files (x86)/atmel/atmel toolchain/avr32 gcc/native/3.4.1067/avr32-gnu-toolchain/bin/../lib/gcc/avr32/4.4.7/ucr2\libgcc.a(_avr32_f64_mul.o)
                0x80013f9c                __avr32_f64_mul
 .text          0x80014170      0x2b0 c:/program files (x86)/atmel/atmel toolchain/avr32 gcc/native/3.4.1067/avr32-gnu-toolchain/bin/../lib/gcc/avr32/4.4.7/ucr2\libgcc.a(_avr32_f64_addsub.o)
                0x80014174                __avr32_f64_sub
                0x80014310                __avr32_f64_add
 .text          0x80014420       0x2a c:/program files (x86)/atmel/atmel toolchain/avr32 gcc/native/3.4.1067/avr32-gnu-toolchain/bin/../lib/gcc/avr32/4.4.7/ucr2\libgcc.a(_avr32_f64_to_s32.o)
                0x80014420                __avr32_f64_to_u32
                0x80014424                __avr32_f64_to_s32
 .text          0x8001444a       0xe8 c:/program files (x86)/atmel/atmel toolchain/avr32 gcc/native/3.4.1067/avr32-gnu-toolchain/bin/../lib/gcc/avr32/4.4.7/ucr2\libgcc.a(_avr32_s32_to_f64.o)
                0x8001444a                __avr32_u32_to_f64
                0x80014452                __avr32_s32_to_f64
 .text          0x80014532       0x26 c:/program files (x86)/atmel/atmel toolchain/avr32 gcc/native/3.4.1067/avr32-gnu-toolchain/bin/../lib/gcc/avr32/4.4.7/ucr2\libgcc.a(_avr32_f64_cmp_eq.o)
                0x80014532                __avr32_f64_cmp_eq
 .text          0x80014558       0x68 c:/program files (x86)/atmel/atmel toolchain/avr32 gcc/native/3.4.1067/avr32-gnu-toolchain/bin/../lib/gcc/avr32/4.4.7/ucr2\libgcc.a(_avr32_f64_cmp_ge.o)
                0x80014558                __avr32_f64_cmp_ge
 .text          0x800145c0       0x68 c:/program files (x86)/atmel/atmel toolchain/avr32 gcc/native/3.4.1067/avr32-gnu-toolchain/bin/../lib/gcc/avr32/4.4.7/ucr2\libgcc.a(_avr32_f64_cmp_lt.o)
                0x800145c0                __avr32_f64_cmp_lt
 .text          0x80014628      0x318 c:/program files (x86)/atmel/atmel toolchain/avr32 gcc/native/3.4.1067/avr32-gnu-toolchain/bin/../lib/gcc/avr32/4.4.7/ucr2\libgcc.a(_avr32_f64_div.o)
                0x80014628                __avr32_f64_div
 .text          0x80014940      0x20c c:/program files (x86)/atmel/atmel toolchain/avr32 gcc/native/3.4.1067/avr32-gnu-toolchain/bin/../lib/gcc/avr32/4.4.7/ucr2\libgcc.a(_umoddi3.o)
                0x80014940                __avr32_umod64
                0x80014940                __umoddi3
 *(.text.*personality*)
 *(.gnu.warning)

.exception      0x80014c00      0x200
 .exception     0x80014c00      0x200 src/ASF/avr32/drivers/intc/exception.o
                0x80014c00                _evba
                0x80014d04                _int0
                0x80014d12                _int1
                0x80014d20                _int2
                0x80014d2e                _int3

.fini
 *(.fini)
                0x80014e00                PROVIDE (__etext, .)
                0x80014e00                PROVIDE (_etext, .)
                0x80014e00                PROVIDE (etext, .)

.rodata         0x80014e00      0x898
 *(.rodata .rodata.* .gnu.linkonce.r.*)
 .rodata.lun_desc
                0x80014e00       0x20 src/ASF/common/services/storage/ctrl_access/ctrl_access.o
 .rodata.const_FSI_LeadSig
                0x80014e20        0x4 src/ASF/avr32/services/fs/fat/fat_unusual.o
                0x80014e20                const_FSI_LeadSig
 .rodata.const_FSI_StrucSig
                0x80014e24        0x4 src/ASF/avr32/services/fs/fat/fat_unusual.o
                0x80014e24                const_FSI_StrucSig
 .rodata.fs_s_tab_incorrect_char
                0x80014e28        0x8 src/ASF/avr32/services/fs/fat/fat_unusual.o
                0x80014e28                fs_s_tab_incorrect_char
 .rodata.fs_s_execption_char
                0x80014e30        0x8 src/ASF/avr32/services/fs/fat/fat_unusual.o
                0x80014e30                fs_s_execption_char
 .rodata.AT45DBX_SPI_GPIO_MAP.10597
                0x80014e38       0x20 src/ASF/avr32/boards/evk1100/init.o
 .rodata.SD_MMC_SPI_GPIO_MAP.10598
                0x80014e58       0x20 src/ASF/avr32/boards/evk1100/init.o
 .rodata.TWI_GPIO_MAP.10599
                0x80014e78       0x10 src/ASF/avr32/boards/evk1100/init.o
 .rodata.COMPORT_GPIO_MAP.10600
                0x80014e88       0x10 src/ASF/avr32/boards/evk1100/init.o
 .rodata.COMPORT0_GPIO_MAP.10601
                0x80014e98       0x10 src/ASF/avr32/boards/evk1100/init.o
 .rodata.LED_DESCRIPTOR
                0x80014ea8       0x80 src/ASF/avr32/boards/evk1100/led.o
 .rodata._int_handler_table
                0x80014f28       0xa0 src/ASF/avr32/drivers/intc/intc.o
 .rodata.DIP204_SPI_GPIO_MAP.13948
                0x80014fc8       0x20 src/main.o
 .rodata.SD_MMC_SPI_GPIO_MAP.13928
                0x80014fe8       0x20 src/main.o
 .rodata.tc_interrupt.13864
                0x80015008        0x4 src/main.o
 .rodata._ctype_
                0x8001500c      0x104 c:/program files (x86)/atmel/atmel toolchain/avr32 gcc/native/3.4.1067/avr32-gnu-toolchain/bin/../lib/gcc/avr32/4.4.7/../../../../avr32/lib/ucr2\libc.a(lib_a-ctype_.o)
                0x8001500c                _ctype_
 .rodata.get_arg
                0x80015110       0x3c c:/program files (x86)/atmel/atmel toolchain/avr32 gcc/native/3.4.1067/avr32-gnu-toolchain/bin/../lib/gcc/avr32/4.4.7/../../../../avr32/lib/ucr2\libc.a(lib_a-vfprintf.o)
 .rodata._vfprintf_r
                0x8001514c      0x164 c:/program files (x86)/atmel/atmel toolchain/avr32 gcc/native/3.4.1067/avr32-gnu-toolchain/bin/../lib/gcc/avr32/4.4.7/../../../../avr32/lib/ucr2\libc.a(lib_a-vfprintf.o)
 .rodata.state_table
                0x800152b0       0x6c c:/program files (x86)/atmel/atmel toolchain/avr32 gcc/native/3.4.1067/avr32-gnu-toolchain/bin/../lib/gcc/avr32/4.4.7/../../../../avr32/lib/ucr2\libc.a(lib_a-vfprintf.o)
 .rodata.action_table
                0x8001531c       0x6c c:/program files (x86)/atmel/atmel toolchain/avr32 gcc/native/3.4.1067/avr32-gnu-toolchain/bin/../lib/gcc/avr32/4.4.7/../../../../avr32/lib/ucr2\libc.a(lib_a-vfprintf.o)
 .rodata.str1.4
                0x80015388       0x3a c:/program files (x86)/atmel/atmel toolchain/avr32 gcc/native/3.4.1067/avr32-gnu-toolchain/bin/../lib/gcc/avr32/4.4.7/../../../../avr32/lib/ucr2\libc.a(lib_a-vfprintf.o)
                                 0x3c (size before relaxing)
 *fill*         0x800153c2        0x2 
 .rodata.blanks.3430
                0x800153c4       0x10 c:/program files (x86)/atmel/atmel toolchain/avr32 gcc/native/3.4.1067/avr32-gnu-toolchain/bin/../lib/gcc/avr32/4.4.7/../../../../avr32/lib/ucr2\libc.a(lib_a-vfprintf.o)
 .rodata.zeroes.3431
                0x800153d4       0x10 c:/program files (x86)/atmel/atmel toolchain/avr32 gcc/native/3.4.1067/avr32-gnu-toolchain/bin/../lib/gcc/avr32/4.4.7/../../../../avr32/lib/ucr2\libc.a(lib_a-vfprintf.o)
 .rodata.chclass
                0x800153e4      0x100 c:/program files (x86)/atmel/atmel toolchain/avr32 gcc/native/3.4.1067/avr32-gnu-toolchain/bin/../lib/gcc/avr32/4.4.7/../../../../avr32/lib/ucr2\libc.a(lib_a-vfprintf.o)
 .rodata.str1.4
                0x800154e4       0x10 c:/program files (x86)/atmel/atmel toolchain/avr32 gcc/native/3.4.1067/avr32-gnu-toolchain/bin/../lib/gcc/avr32/4.4.7/../../../../avr32/lib/ucr2\libc.a(lib_a-dtoa.o)
                                 0x14 (size before relaxing)
 .rodata.__sf_fake_stdin
                0x800154f4       0x20 c:/program files (x86)/atmel/atmel toolchain/avr32 gcc/native/3.4.1067/avr32-gnu-toolchain/bin/../lib/gcc/avr32/4.4.7/../../../../avr32/lib/ucr2\libc.a(lib_a-findfp.o)
                0x800154f4                __sf_fake_stdin
 .rodata.__sf_fake_stdout
                0x80015514       0x20 c:/program files (x86)/atmel/atmel toolchain/avr32 gcc/native/3.4.1067/avr32-gnu-toolchain/bin/../lib/gcc/avr32/4.4.7/../../../../avr32/lib/ucr2\libc.a(lib_a-findfp.o)
                0x80015514                __sf_fake_stdout
 .rodata.__sf_fake_stderr
                0x80015534       0x20 c:/program files (x86)/atmel/atmel toolchain/avr32 gcc/native/3.4.1067/avr32-gnu-toolchain/bin/../lib/gcc/avr32/4.4.7/../../../../avr32/lib/ucr2\libc.a(lib_a-findfp.o)
                0x80015534                __sf_fake_stderr
 .rodata.str1.4
                0x80015554        0x2 c:/program files (x86)/atmel/atmel toolchain/avr32 gcc/native/3.4.1067/avr32-gnu-toolchain/bin/../lib/gcc/avr32/4.4.7/../../../../avr32/lib/ucr2\libc.a(lib_a-impure.o)
                                  0x4 (size before relaxing)
 *fill*         0x80015556        0x2 
 .rodata._global_impure_ptr
                0x80015558        0x4 c:/program files (x86)/atmel/atmel toolchain/avr32 gcc/native/3.4.1067/avr32-gnu-toolchain/bin/../lib/gcc/avr32/4.4.7/../../../../avr32/lib/ucr2\libc.a(lib_a-impure.o)
                0x80015558                _global_impure_ptr
 .rodata.lconv  0x8001555c       0x30 c:/program files (x86)/atmel/atmel toolchain/avr32 gcc/native/3.4.1067/avr32-gnu-toolchain/bin/../lib/gcc/avr32/4.4.7/../../../../avr32/lib/ucr2\libc.a(lib_a-locale.o)
 .rodata.str1.4
                0x8001558c       0x10 c:/program files (x86)/atmel/atmel toolchain/avr32 gcc/native/3.4.1067/avr32-gnu-toolchain/bin/../lib/gcc/avr32/4.4.7/../../../../avr32/lib/ucr2\libc.a(lib_a-locale.o)
                                 0x18 (size before relaxing)
 .rodata.p05.2471
                0x8001559c        0xc c:/program files (x86)/atmel/atmel toolchain/avr32 gcc/native/3.4.1067/avr32-gnu-toolchain/bin/../lib/gcc/avr32/4.4.7/../../../../avr32/lib/ucr2\libc.a(lib_a-mprec.o)
 .rodata.__mprec_tens
                0x800155a8       0xc8 c:/program files (x86)/atmel/atmel toolchain/avr32 gcc/native/3.4.1067/avr32-gnu-toolchain/bin/../lib/gcc/avr32/4.4.7/../../../../avr32/lib/ucr2\libc.a(lib_a-mprec.o)
                0x800155a8                __mprec_tens
 .rodata.__mprec_bigtens
                0x80015670       0x28 c:/program files (x86)/atmel/atmel toolchain/avr32 gcc/native/3.4.1067/avr32-gnu-toolchain/bin/../lib/gcc/avr32/4.4.7/../../../../avr32/lib/ucr2\libc.a(lib_a-mprec.o)
                0x80015670                __mprec_bigtens

.rodata1
 *(.rodata1)

.eh_frame_hdr
 *(.eh_frame_hdr)

.eh_frame
 *(.eh_frame)

.gcc_except_table
 *(.gcc_except_table)
 *(.gcc_except_table.*)

.lalign         0x80015698        0x0
                0x80015698                . = ALIGN (0x8)
                0x80015698                PROVIDE (_data_lma, .)
                0x00000004                . = ORIGIN (INTRAM)

.dalign         0x00000004        0x4
                0x00000008                . = ALIGN (0x8)
 *fill*         0x00000004        0x4 
                0x00000008                PROVIDE (_data, .)

.eh_frame
 *(.eh_frame)

.gcc_except_table
 *(.gcc_except_table)
 *(.gcc_except_table.*)

.tdata
 *(.tdata .tdata.* .gnu.linkonce.td.*)

.tbss
 *(.tbss .tbss.* .gnu.linkonce.tb.*)
 *(.tcommon)
                0x00000008                PROVIDE (__preinit_array_start, ALIGN (0x4))

.preinit_array
 *(.preinit_array)
                0x00000008                PROVIDE (__preinit_array_end, .)
                0x00000008                PROVIDE (__init_array_start, .)

.init_array
 *(.init_array)
                0x00000008                PROVIDE (__init_array_end, .)
                0x00000008                PROVIDE (__fini_array_start, .)

.fini_array
 *(.fini_array)
                0x00000008                PROVIDE (__fini_array_end, .)

.ctors
 *crtbegin*.o(.ctors)
 *(EXCLUDE_FILE(*crtend*.o) .ctors)
 *(SORT(.ctors.*))
 *(.ctors)

.dtors
 *crtbegin*.o(.dtors)
 *(EXCLUDE_FILE(*crtend*.o) .dtors)
 *(SORT(.dtors.*))
 *(.dtors)

.jcr
 *(.jcr)

.data.rel.ro
 *(.data.rel.ro.local)
 *(.data.rel.ro*)

.dynamic
 *(.dynamic)

.got
 *(.got.plt)
 *(.got)

.ramtext
 *(.ramtext .ramtext.*)

.ddalign        0x00000008        0x0 load address 0x80015698
                0x00000008                . = ALIGN (0x8)

.data           0x00000008      0x5dc load address 0x80015698
 *(.data .data.* .gnu.linkonce.d.*)
 .data.channel_id
                0x00000008        0x4 src/ASF/avr32/components/display/dip204/dip204.o
 .data.udi_api_cdc_comm
                0x0000000c       0x14 src/ASF/common/services/usb/class/cdc/device/udi_cdc.o
                0x0000000c                udi_api_cdc_comm
 .data.udi_api_cdc_data
                0x00000020       0x14 src/ASF/common/services/usb/class/cdc/device/udi_cdc.o
                0x00000020                udi_api_cdc_data
 .data.udc_string_desc_languageid
                0x00000034        0x4 src/ASF/common/services/usb/udc/udc.o
 .data.udc_string_desc
                0x00000038        0x4 src/ASF/common/services/usb/udc/udc.o
 .data.udc_device_desc
                0x0000003c       0x14 src/ASF/common/services/usb/class/cdc/device/udi_cdc_desc.o
                0x0000003c                udc_device_desc
 .data.udc_desc_fs
                0x00000050       0x44 src/ASF/common/services/usb/class/cdc/device/udi_cdc_desc.o
                0x00000050                udc_desc_fs
 .data.udi_apis
                0x00000094        0x8 src/ASF/common/services/usb/class/cdc/device/udi_cdc_desc.o
                0x00000094                udi_apis
 .data.udc_config_fs
                0x0000009c        0x8 src/ASF/common/services/usb/class/cdc/device/udi_cdc_desc.o
                0x0000009c                udc_config_fs
 .data.udc_config
                0x000000a4        0xc src/ASF/common/services/usb/class/cdc/device/udi_cdc_desc.o
                0x000000a4                udc_config
 .data.sd_mmc_spi_presence_status
                0x000000b0        0x1 src/ASF/avr32/components/memory/sd_mmc/sd_mmc_spi/sd_mmc_spi_mem.o
                0x000000b0                sd_mmc_spi_presence_status
 *fill*         0x000000b1        0x3 
 .data.LED_State
                0x000000b4        0x4 src/ASF/avr32/boards/evk1100/led.o
 .data.erm_current_file_counter
                0x000000b8        0x4 src/main.o
                0x000000b8                erm_current_file_counter
 .data.erm_sd_mmc_spiOptions
                0x000000bc       0x10 src/main.o
                0x000000bc                erm_sd_mmc_spiOptions
 .data.erm_lcd_spiOptions
                0x000000cc       0x10 src/main.o
                0x000000cc                erm_lcd_spiOptions
 .data.__ctype_ptr
                0x000000dc        0x4 c:/program files (x86)/atmel/atmel toolchain/avr32 gcc/native/3.4.1067/avr32-gnu-toolchain/bin/../lib/gcc/avr32/4.4.7/../../../../avr32/lib/ucr2\libc.a(lib_a-ctype_.o)
                0x000000dc                __ctype_ptr
 .data.impure_data
                0x000000e0       0xf0 c:/program files (x86)/atmel/atmel toolchain/avr32 gcc/native/3.4.1067/avr32-gnu-toolchain/bin/../lib/gcc/avr32/4.4.7/../../../../avr32/lib/ucr2\libc.a(lib_a-impure.o)
 .data._impure_ptr
                0x000001d0        0x4 c:/program files (x86)/atmel/atmel toolchain/avr32 gcc/native/3.4.1067/avr32-gnu-toolchain/bin/../lib/gcc/avr32/4.4.7/../../../../avr32/lib/ucr2\libc.a(lib_a-impure.o)
                0x000001d0                _impure_ptr
 .data.__malloc_av_
                0x000001d4      0x408 c:/program files (x86)/atmel/atmel toolchain/avr32 gcc/native/3.4.1067/avr32-gnu-toolchain/bin/../lib/gcc/avr32/4.4.7/../../../../avr32/lib/ucr2\libc.a(lib_a-mallocr.o)
                0x000001d4                __malloc_av_
 .data.__malloc_trim_threshold
                0x000005dc        0x4 c:/program files (x86)/atmel/atmel toolchain/avr32 gcc/native/3.4.1067/avr32-gnu-toolchain/bin/../lib/gcc/avr32/4.4.7/../../../../avr32/lib/ucr2\libc.a(lib_a-mallocr.o)
                0x000005dc                __malloc_trim_threshold
 .data.__malloc_sbrk_base
                0x000005e0        0x4 c:/program files (x86)/atmel/atmel toolchain/avr32 gcc/native/3.4.1067/avr32-gnu-toolchain/bin/../lib/gcc/avr32/4.4.7/../../../../avr32/lib/ucr2\libc.a(lib_a-mallocr.o)
                0x000005e0                __malloc_sbrk_base
 *(.gnu.linkonce.d.*personality*)

.data1
 *(.data1)

.balign         0x000005e4        0x4 load address 0x80015c74
                0x000005e8                . = ALIGN (0x8)
 *fill*         0x000005e4        0x4 
                0x000005e8                PROVIDE (_edata, .)
                0x000005e8                PROVIDE (edata, .)
                0x000005e8                __bss_start = .

.bss            0x000005e8      0x890
 *(.dynbss)
 *(.bss .bss.* .gnu.linkonce.b.*)
 .bss.pwm_duty  0x000005e8        0x2 src/ASF/avr32/components/display/dip204/dip204.o
 *fill*         0x000005ea        0x2 
 .bss.pwm_channel
                0x000005ec       0x20 src/ASF/avr32/components/display/dip204/dip204.o
 .bss.gl_ptr_mem
                0x0000060c        0x4 src/ASF/avr32/components/memory/sd_mmc/sd_mmc_spi/sd_mmc_spi.o
 .bss.sd_mmc_opt
                0x00000610       0x10 src/ASF/avr32/components/memory/sd_mmc/sd_mmc_spi/sd_mmc_spi.o
 .bss.sd_mmc_pba_hz
                0x00000620        0x4 src/ASF/avr32/components/memory/sd_mmc/sd_mmc_spi/sd_mmc_spi.o
 .bss.sd_mmc_spi_init_done
                0x00000624        0x1 src/ASF/avr32/components/memory/sd_mmc/sd_mmc_spi/sd_mmc_spi.o
                0x00000624                sd_mmc_spi_init_done
 .bss.udd_b_idle
                0x00000625        0x1 src/ASF/avr32/drivers/usbb/usbb_device.o
 *fill*         0x00000626        0x2 
 .bss.udd_ep_control_state
                0x00000628        0x4 src/ASF/avr32/drivers/usbb/usbb_device.o
 .bss.udd_ctrl_prev_payload_nb_trans
                0x0000062c        0x2 src/ASF/avr32/drivers/usbb/usbb_device.o
 .bss.udd_ctrl_payload_nb_trans
                0x0000062e        0x2 src/ASF/avr32/drivers/usbb/usbb_device.o
 .bss.udd_ep_job
                0x00000630       0x3c src/ASF/avr32/drivers/usbb/usbb_device.o
 .bss.b_shortpacket.12519
                0x0000066c        0x1 src/ASF/avr32/drivers/usbb/usbb_device.o
 *fill*         0x0000066d        0x3 
 .bss.udi_cdc_line_coding
                0x00000670        0x8 src/ASF/common/services/usb/class/cdc/device/udi_cdc.o
 .bss.udi_cdc_state
                0x00000678        0x2 src/ASF/common/services/usb/class/cdc/device/udi_cdc.o
 *fill*         0x0000067a        0x2 
 .bss.uid_cdc_state_msg
                0x0000067c        0xc src/ASF/common/services/usb/class/cdc/device/udi_cdc.o
 .bss.udi_cdc_nb_comm_enabled
                0x00000688        0x1 src/ASF/common/services/usb/class/cdc/device/udi_cdc.o
 .bss.udi_cdc_nb_data_enabled
                0x00000689        0x1 src/ASF/common/services/usb/class/cdc/device/udi_cdc.o
 .bss.udi_cdc_data_running
                0x0000068a        0x1 src/ASF/common/services/usb/class/cdc/device/udi_cdc.o
 *fill*         0x0000068b        0x1 
 .bss.udi_cdc_rx_buf
                0x0000068c       0x80 src/ASF/common/services/usb/class/cdc/device/udi_cdc.o
 .bss.udi_cdc_rx_buf_nb
                0x0000070c        0x4 src/ASF/common/services/usb/class/cdc/device/udi_cdc.o
 .bss.udi_cdc_rx_buf_sel
                0x00000710        0x4 src/ASF/common/services/usb/class/cdc/device/udi_cdc.o
 .bss.udi_cdc_rx_pos
                0x00000714        0x2 src/ASF/common/services/usb/class/cdc/device/udi_cdc.o
 *fill*         0x00000716        0x2 
 .bss.udi_cdc_rx_trans_ongoing
                0x00000718        0x4 src/ASF/common/services/usb/class/cdc/device/udi_cdc.o
 .bss.udi_cdc_tx_buf
                0x0000071c       0x80 src/ASF/common/services/usb/class/cdc/device/udi_cdc.o
 .bss.udi_cdc_tx_buf_nb
                0x0000079c        0x4 src/ASF/common/services/usb/class/cdc/device/udi_cdc.o
 .bss.udi_cdc_tx_buf_sel
                0x000007a0        0x4 src/ASF/common/services/usb/class/cdc/device/udi_cdc.o
 .bss.udi_cdc_tx_sof_num
                0x000007a4        0x2 src/ASF/common/services/usb/class/cdc/device/udi_cdc.o
 *fill*         0x000007a6        0x2 
 .bss.udi_cdc_tx_trans_ongoing
                0x000007a8        0x4 src/ASF/common/services/usb/class/cdc/device/udi_cdc.o
 .bss.udi_cdc_tx_both_buf_to_send
                0x000007ac        0x4 src/ASF/common/services/usb/class/cdc/device/udi_cdc.o
 .bss.sof_zlp_counter.11351
                0x000007b0        0x2 src/ASF/common/services/usb/class/cdc/device/udi_cdc.o
 .bss.port_notify.11162
                0x000007b2        0x1 src/ASF/common/services/usb/class/cdc/device/udi_cdc.o
 *fill*         0x000007b3        0x1 
 .bss.udc_device_status
                0x000007b4        0x2 src/ASF/common/services/usb/udc/udc.o
 *fill*         0x000007b6        0x2 
 .bss.udc_iface_setting
                0x000007b8        0x4 src/ASF/common/services/usb/udc/udc.o
 .bss.udc_num_configuration
                0x000007bc        0x4 src/ASF/common/services/usb/udc/udc.o
 .bss.udc_ptr_conf
                0x000007c0        0x4 src/ASF/common/services/usb/udc/udc.o
 .bss.udc_ptr_iface
                0x000007c4        0x4 src/ASF/common/services/usb/udc/udc.o
 .bss.udc_ep_status.10961
                0x000007c8        0x2 src/ASF/common/services/usb/udc/udc.o
 .bss.sysclk_pbb_refcount
                0x000007ca        0x1 src/ASF/common/services/clock/uc3a0_a1/sysclk.o
 *fill*         0x000007cb        0x1 
 .bss._int_line_handler_table_0
                0x000007cc        0x4 src/ASF/avr32/drivers/intc/intc.o
 .bss._int_line_handler_table_1
                0x000007d0       0x2c src/ASF/avr32/drivers/intc/intc.o
 .bss._int_line_handler_table_2
                0x000007fc       0x38 src/ASF/avr32/drivers/intc/intc.o
 .bss._int_line_handler_table_3
                0x00000834       0x3c src/ASF/avr32/drivers/intc/intc.o
 .bss._int_line_handler_table_4
                0x00000870        0x4 src/ASF/avr32/drivers/intc/intc.o
 .bss._int_line_handler_table_5
                0x00000874        0x4 src/ASF/avr32/drivers/intc/intc.o
 .bss._int_line_handler_table_6
                0x00000878        0x4 src/ASF/avr32/drivers/intc/intc.o
 .bss._int_line_handler_table_7
                0x0000087c        0x4 src/ASF/avr32/drivers/intc/intc.o
 .bss._int_line_handler_table_8
                0x00000880        0x4 src/ASF/avr32/drivers/intc/intc.o
 .bss._int_line_handler_table_9
                0x00000884        0x4 src/ASF/avr32/drivers/intc/intc.o
 .bss._int_line_handler_table_10
                0x00000888        0x4 src/ASF/avr32/drivers/intc/intc.o
 .bss._int_line_handler_table_11
                0x0000088c        0x4 src/ASF/avr32/drivers/intc/intc.o
 .bss._int_line_handler_table_12
                0x00000890        0x4 src/ASF/avr32/drivers/intc/intc.o